SBY 17:04:32 [formal/decode_bmc] Removing directory '/home/jotshawlinux/Downloads/project2_cxl_validation/formal/decode_bmc'.
SBY 17:04:32 [formal/decode_bmc] Copy '/home/jotshawlinux/Downloads/project2_cxl_validation/rtl/interfaces/cxl_types_pkg.sv' to '/home/jotshawlinux/Downloads/project2_cxl_validation/formal/decode_bmc/src/cxl_types_pkg.sv'.
SBY 17:04:32 [formal/decode_bmc] Copy '/home/jotshawlinux/Downloads/project2_cxl_validation/rtl/core/hdm_decoder.sv' to '/home/jotshawlinux/Downloads/project2_cxl_validation/formal/decode_bmc/src/hdm_decoder.sv'.
SBY 17:04:32 [formal/decode_bmc] Copy '/home/jotshawlinux/Downloads/project2_cxl_validation/rtl/core/dpa_translator.sv' to '/home/jotshawlinux/Downloads/project2_cxl_validation/formal/decode_bmc/src/dpa_translator.sv'.
SBY 17:04:32 [formal/decode_bmc] Copy '/home/jotshawlinux/Downloads/project2_cxl_validation/formal/formal_decode.sv' to '/home/jotshawlinux/Downloads/project2_cxl_validation/formal/decode_bmc/src/formal_decode.sv'.
SBY 17:04:32 [formal/decode_bmc] engine_0: smtbmc yices
SBY 17:04:32 [formal/decode_prove] Removing directory '/home/jotshawlinux/Downloads/project2_cxl_validation/formal/decode_prove'.
SBY 17:04:32 [formal/decode_prove] Copy '/home/jotshawlinux/Downloads/project2_cxl_validation/rtl/interfaces/cxl_types_pkg.sv' to '/home/jotshawlinux/Downloads/project2_cxl_validation/formal/decode_prove/src/cxl_types_pkg.sv'.
SBY 17:04:32 [formal/decode_prove] Copy '/home/jotshawlinux/Downloads/project2_cxl_validation/rtl/core/hdm_decoder.sv' to '/home/jotshawlinux/Downloads/project2_cxl_validation/formal/decode_prove/src/hdm_decoder.sv'.
SBY 17:04:32 [formal/decode_prove] Copy '/home/jotshawlinux/Downloads/project2_cxl_validation/rtl/core/dpa_translator.sv' to '/home/jotshawlinux/Downloads/project2_cxl_validation/formal/decode_prove/src/dpa_translator.sv'.
SBY 17:04:32 [formal/decode_prove] Copy '/home/jotshawlinux/Downloads/project2_cxl_validation/formal/formal_decode.sv' to '/home/jotshawlinux/Downloads/project2_cxl_validation/formal/decode_prove/src/formal_decode.sv'.
SBY 17:04:32 [formal/decode_prove] engine_0: smtbmc yices
SBY 17:04:32 [formal/decode_bmc] base: starting process "cd formal/decode_bmc/src; yosys -ql ../model/design.log ../model/design.ys"
SBY 17:04:32 [formal/decode_prove] base: starting process "cd formal/decode_prove/src; yosys -ql ../model/design.log ../model/design.ys"
SBY 17:04:32 [formal/decode_bmc] base: Warning: Wire formal_decode.\win_en [1] is used but has no driver.
SBY 17:04:32 [formal/decode_bmc] base: Warning: Wire formal_decode.\win_en [0] is used but has no driver.
SBY 17:04:32 [formal/decode_bmc] base: Warning: Wire formal_decode.\win_base [31] is used but has no driver.
SBY 17:04:32 [formal/decode_bmc] base: Warning: Wire formal_decode.\win_base [30] is used but has no driver.
SBY 17:04:32 [formal/decode_bmc] base: Warning: Wire formal_decode.\win_base [29] is used but has no driver.
SBY 17:04:32 [formal/decode_bmc] base: Warning: Wire formal_decode.\win_base [28] is used but has no driver.
SBY 17:04:32 [formal/decode_bmc] base: Warning: Wire formal_decode.\win_base [27] is used but has no driver.
SBY 17:04:32 [formal/decode_bmc] base: Warning: Wire formal_decode.\win_base [26] is used but has no driver.
SBY 17:04:32 [formal/decode_bmc] base: Warning: Wire formal_decode.\win_base [25] is used but has no driver.
SBY 17:04:32 [formal/decode_bmc] base: Warning: Wire formal_decode.\win_base [24] is used but has no driver.
SBY 17:04:32 [formal/decode_bmc] base: Warning: Wire formal_decode.\win_base [23] is used but has no driver.
SBY 17:04:32 [formal/decode_bmc] base: Warning: Wire formal_decode.\win_base [22] is used but has no driver.
SBY 17:04:32 [formal/decode_bmc] base: Warning: Wire formal_decode.\win_base [21] is used but has no driver.
SBY 17:04:32 [formal/decode_bmc] base: Warning: Wire formal_decode.\win_base [20] is used but has no driver.
SBY 17:04:32 [formal/decode_bmc] base: Warning: Wire formal_decode.\win_base [19] is used but has no driver.
SBY 17:04:32 [formal/decode_bmc] base: Warning: Wire formal_decode.\win_base [18] is used but has no driver.
SBY 17:04:32 [formal/decode_bmc] base: Warning: Wire formal_decode.\win_base [17] is used but has no driver.
SBY 17:04:32 [formal/decode_bmc] base: Warning: Wire formal_decode.\win_base [16] is used but has no driver.
SBY 17:04:32 [formal/decode_bmc] base: Warning: Wire formal_decode.\win_base [15] is used but has no driver.
SBY 17:04:32 [formal/decode_bmc] base: Warning: Wire formal_decode.\win_base [14] is used but has no driver.
SBY 17:04:32 [formal/decode_bmc] base: Warning: Wire formal_decode.\win_base [13] is used but has no driver.
SBY 17:04:32 [formal/decode_bmc] base: Warning: Wire formal_decode.\win_base [12] is used but has no driver.
SBY 17:04:32 [formal/decode_bmc] base: Warning: Wire formal_decode.\win_base [11] is used but has no driver.
SBY 17:04:32 [formal/decode_bmc] base: Warning: Wire formal_decode.\win_base [10] is used but has no driver.
SBY 17:04:32 [formal/decode_bmc] base: Warning: Wire formal_decode.\win_base [9] is used but has no driver.
SBY 17:04:32 [formal/decode_bmc] base: Warning: Wire formal_decode.\win_base [8] is used but has no driver.
SBY 17:04:32 [formal/decode_bmc] base: Warning: Wire formal_decode.\win_base [7] is used but has no driver.
SBY 17:04:32 [formal/decode_bmc] base: Warning: Wire formal_decode.\win_base [6] is used but has no driver.
SBY 17:04:32 [formal/decode_bmc] base: Warning: Wire formal_decode.\win_base [5] is used but has no driver.
SBY 17:04:32 [formal/decode_bmc] base: Warning: Wire formal_decode.\win_base [4] is used but has no driver.
SBY 17:04:32 [formal/decode_bmc] base: Warning: Wire formal_decode.\win_base [3] is used but has no driver.
SBY 17:04:32 [formal/decode_bmc] base: Warning: Wire formal_decode.\win_base [2] is used but has no driver.
SBY 17:04:32 [formal/decode_bmc] base: Warning: Wire formal_decode.\win_base [1] is used but has no driver.
SBY 17:04:32 [formal/decode_bmc] base: Warning: Wire formal_decode.\win_base [0] is used but has no driver.
SBY 17:04:32 [formal/decode_bmc] base: Warning: Wire formal_decode.\win_size [31] is used but has no driver.
SBY 17:04:32 [formal/decode_bmc] base: Warning: Wire formal_decode.\win_size [30] is used but has no driver.
SBY 17:04:32 [formal/decode_bmc] base: Warning: Wire formal_decode.\win_size [29] is used but has no driver.
SBY 17:04:32 [formal/decode_bmc] base: Warning: Wire formal_decode.\win_size [28] is used but has no driver.
SBY 17:04:32 [formal/decode_bmc] base: Warning: Wire formal_decode.\win_size [27] is used but has no driver.
SBY 17:04:32 [formal/decode_bmc] base: Warning: Wire formal_decode.\win_size [26] is used but has no driver.
SBY 17:04:32 [formal/decode_bmc] base: Warning: Wire formal_decode.\win_size [25] is used but has no driver.
SBY 17:04:32 [formal/decode_bmc] base: Warning: Wire formal_decode.\win_size [24] is used but has no driver.
SBY 17:04:32 [formal/decode_bmc] base: Warning: Wire formal_decode.\win_size [23] is used but has no driver.
SBY 17:04:32 [formal/decode_bmc] base: Warning: Wire formal_decode.\win_size [22] is used but has no driver.
SBY 17:04:32 [formal/decode_bmc] base: Warning: Wire formal_decode.\win_size [21] is used but has no driver.
SBY 17:04:32 [formal/decode_bmc] base: Warning: Wire formal_decode.\win_size [20] is used but has no driver.
SBY 17:04:32 [formal/decode_bmc] base: Warning: Wire formal_decode.\win_size [19] is used but has no driver.
SBY 17:04:32 [formal/decode_bmc] base: Warning: Wire formal_decode.\win_size [18] is used but has no driver.
SBY 17:04:32 [formal/decode_bmc] base: Warning: Wire formal_decode.\win_size [17] is used but has no driver.
SBY 17:04:32 [formal/decode_bmc] base: Warning: Wire formal_decode.\win_size [16] is used but has no driver.
SBY 17:04:32 [formal/decode_bmc] base: Warning: Wire formal_decode.\win_size [15] is used but has no driver.
SBY 17:04:32 [formal/decode_bmc] base: Warning: Wire formal_decode.\win_size [14] is used but has no driver.
SBY 17:04:32 [formal/decode_bmc] base: Warning: Wire formal_decode.\win_size [13] is used but has no driver.
SBY 17:04:32 [formal/decode_bmc] base: Warning: Wire formal_decode.\win_size [12] is used but has no driver.
SBY 17:04:32 [formal/decode_bmc] base: Warning: Wire formal_decode.\win_size [11] is used but has no driver.
SBY 17:04:32 [formal/decode_bmc] base: Warning: Wire formal_decode.\win_size [10] is used but has no driver.
SBY 17:04:32 [formal/decode_bmc] base: Warning: Wire formal_decode.\win_size [9] is used but has no driver.
SBY 17:04:32 [formal/decode_bmc] base: Warning: Wire formal_decode.\win_size [8] is used but has no driver.
SBY 17:04:32 [formal/decode_bmc] base: Warning: Wire formal_decode.\win_size [7] is used but has no driver.
SBY 17:04:32 [formal/decode_bmc] base: Warning: Wire formal_decode.\win_size [6] is used but has no driver.
SBY 17:04:32 [formal/decode_bmc] base: Warning: Wire formal_decode.\win_size [5] is used but has no driver.
SBY 17:04:32 [formal/decode_bmc] base: Warning: Wire formal_decode.\win_size [4] is used but has no driver.
SBY 17:04:32 [formal/decode_bmc] base: Warning: Wire formal_decode.\win_size [3] is used but has no driver.
SBY 17:04:32 [formal/decode_bmc] base: Warning: Wire formal_decode.\win_size [2] is used but has no driver.
SBY 17:04:32 [formal/decode_bmc] base: Warning: Wire formal_decode.\win_size [1] is used but has no driver.
SBY 17:04:32 [formal/decode_bmc] base: Warning: Wire formal_decode.\win_size [0] is used but has no driver.
SBY 17:04:32 [formal/decode_bmc] base: Warning: Wire formal_decode.\win_dpa_base [23] is used but has no driver.
SBY 17:04:32 [formal/decode_bmc] base: Warning: Wire formal_decode.\win_dpa_base [22] is used but has no driver.
SBY 17:04:32 [formal/decode_bmc] base: Warning: Wire formal_decode.\win_dpa_base [21] is used but has no driver.
SBY 17:04:32 [formal/decode_bmc] base: Warning: Wire formal_decode.\win_dpa_base [20] is used but has no driver.
SBY 17:04:32 [formal/decode_bmc] base: Warning: Wire formal_decode.\win_dpa_base [19] is used but has no driver.
SBY 17:04:32 [formal/decode_bmc] base: Warning: Wire formal_decode.\win_dpa_base [18] is used but has no driver.
SBY 17:04:32 [formal/decode_bmc] base: Warning: Wire formal_decode.\win_dpa_base [17] is used but has no driver.
SBY 17:04:32 [formal/decode_bmc] base: Warning: Wire formal_decode.\win_dpa_base [16] is used but has no driver.
SBY 17:04:32 [formal/decode_bmc] base: Warning: Wire formal_decode.\win_dpa_base [15] is used but has no driver.
SBY 17:04:32 [formal/decode_bmc] base: Warning: Wire formal_decode.\win_dpa_base [14] is used but has no driver.
SBY 17:04:32 [formal/decode_bmc] base: Warning: Wire formal_decode.\win_dpa_base [13] is used but has no driver.
SBY 17:04:32 [formal/decode_bmc] base: Warning: Wire formal_decode.\win_dpa_base [12] is used but has no driver.
SBY 17:04:32 [formal/decode_bmc] base: Warning: Wire formal_decode.\win_dpa_base [11] is used but has no driver.
SBY 17:04:32 [formal/decode_bmc] base: Warning: Wire formal_decode.\win_dpa_base [10] is used but has no driver.
SBY 17:04:32 [formal/decode_bmc] base: Warning: Wire formal_decode.\win_dpa_base [9] is used but has no driver.
SBY 17:04:32 [formal/decode_bmc] base: Warning: Wire formal_decode.\win_dpa_base [8] is used but has no driver.
SBY 17:04:32 [formal/decode_bmc] base: Warning: Wire formal_decode.\win_dpa_base [7] is used but has no driver.
SBY 17:04:32 [formal/decode_bmc] base: Warning: Wire formal_decode.\win_dpa_base [6] is used but has no driver.
SBY 17:04:32 [formal/decode_bmc] base: Warning: Wire formal_decode.\win_dpa_base [5] is used but has no driver.
SBY 17:04:32 [formal/decode_bmc] base: Warning: Wire formal_decode.\win_dpa_base [4] is used but has no driver.
SBY 17:04:32 [formal/decode_bmc] base: Warning: Wire formal_decode.\win_dpa_base [3] is used but has no driver.
SBY 17:04:32 [formal/decode_bmc] base: Warning: Wire formal_decode.\win_dpa_base [2] is used but has no driver.
SBY 17:04:32 [formal/decode_bmc] base: Warning: Wire formal_decode.\win_dpa_base [1] is used but has no driver.
SBY 17:04:32 [formal/decode_bmc] base: Warning: Wire formal_decode.\win_dpa_base [0] is used but has no driver.
SBY 17:04:32 [formal/decode_bmc] base: Warning: Wire formal_decode.\dev_capacity [12] is used but has no driver.
SBY 17:04:32 [formal/decode_bmc] base: Warning: Wire formal_decode.\dev_capacity [11] is used but has no driver.
SBY 17:04:32 [formal/decode_bmc] base: Warning: Wire formal_decode.\dev_capacity [10] is used but has no driver.
SBY 17:04:32 [formal/decode_bmc] base: Warning: Wire formal_decode.\dev_capacity [9] is used but has no driver.
SBY 17:04:32 [formal/decode_bmc] base: Warning: Wire formal_decode.\dev_capacity [8] is used but has no driver.
SBY 17:04:32 [formal/decode_bmc] base: Warning: Wire formal_decode.\dev_capacity [7] is used but has no driver.
SBY 17:04:32 [formal/decode_bmc] base: Warning: Wire formal_decode.\dev_capacity [6] is used but has no driver.
SBY 17:04:32 [formal/decode_bmc] base: Warning: Wire formal_decode.\dev_capacity [5] is used but has no driver.
SBY 17:04:32 [formal/decode_bmc] base: Warning: Wire formal_decode.\dev_capacity [4] is used but has no driver.
SBY 17:04:32 [formal/decode_bmc] base: Warning: Wire formal_decode.\dev_capacity [3] is used but has no driver.
SBY 17:04:32 [formal/decode_bmc] base: Warning: Wire formal_decode.\dev_capacity [2] is used but has no driver.
SBY 17:04:32 [formal/decode_bmc] base: Warning: Wire formal_decode.\dev_capacity [1] is used but has no driver.
SBY 17:04:32 [formal/decode_bmc] base: Warning: Wire formal_decode.\dev_capacity [0] is used but has no driver.
SBY 17:04:32 [formal/decode_bmc] base: Warning: Wire formal_decode.\hpa [15] is used but has no driver.
SBY 17:04:32 [formal/decode_bmc] base: Warning: Wire formal_decode.\hpa [14] is used but has no driver.
SBY 17:04:32 [formal/decode_bmc] base: Warning: Wire formal_decode.\hpa [13] is used but has no driver.
SBY 17:04:32 [formal/decode_bmc] base: Warning: Wire formal_decode.\hpa [12] is used but has no driver.
SBY 17:04:32 [formal/decode_bmc] base: Warning: Wire formal_decode.\hpa [11] is used but has no driver.
SBY 17:04:32 [formal/decode_bmc] base: Warning: Wire formal_decode.\hpa [10] is used but has no driver.
SBY 17:04:32 [formal/decode_bmc] base: Warning: Wire formal_decode.\hpa [9] is used but has no driver.
SBY 17:04:32 [formal/decode_bmc] base: Warning: Wire formal_decode.\hpa [8] is used but has no driver.
SBY 17:04:32 [formal/decode_bmc] base: Warning: Wire formal_decode.\hpa [7] is used but has no driver.
SBY 17:04:32 [formal/decode_bmc] base: Warning: Wire formal_decode.\hpa [6] is used but has no driver.
SBY 17:04:32 [formal/decode_bmc] base: Warning: Wire formal_decode.\hpa [5] is used but has no driver.
SBY 17:04:32 [formal/decode_bmc] base: Warning: Wire formal_decode.\hpa [4] is used but has no driver.
SBY 17:04:32 [formal/decode_bmc] base: Warning: Wire formal_decode.\hpa [3] is used but has no driver.
SBY 17:04:32 [formal/decode_bmc] base: Warning: Wire formal_decode.\hpa [2] is used but has no driver.
SBY 17:04:32 [formal/decode_bmc] base: Warning: Wire formal_decode.\hpa [1] is used but has no driver.
SBY 17:04:32 [formal/decode_bmc] base: Warning: Wire formal_decode.\hpa [0] is used but has no driver.
SBY 17:04:32 [formal/decode_prove] base: Warning: Wire formal_decode.\win_en [1] is used but has no driver.
SBY 17:04:32 [formal/decode_prove] base: Warning: Wire formal_decode.\win_en [0] is used but has no driver.
SBY 17:04:32 [formal/decode_prove] base: Warning: Wire formal_decode.\win_base [31] is used but has no driver.
SBY 17:04:32 [formal/decode_prove] base: Warning: Wire formal_decode.\win_base [30] is used but has no driver.
SBY 17:04:32 [formal/decode_prove] base: Warning: Wire formal_decode.\win_base [29] is used but has no driver.
SBY 17:04:32 [formal/decode_prove] base: Warning: Wire formal_decode.\win_base [28] is used but has no driver.
SBY 17:04:32 [formal/decode_prove] base: Warning: Wire formal_decode.\win_base [27] is used but has no driver.
SBY 17:04:32 [formal/decode_prove] base: Warning: Wire formal_decode.\win_base [26] is used but has no driver.
SBY 17:04:32 [formal/decode_prove] base: Warning: Wire formal_decode.\win_base [25] is used but has no driver.
SBY 17:04:32 [formal/decode_prove] base: Warning: Wire formal_decode.\win_base [24] is used but has no driver.
SBY 17:04:32 [formal/decode_prove] base: Warning: Wire formal_decode.\win_base [23] is used but has no driver.
SBY 17:04:32 [formal/decode_prove] base: Warning: Wire formal_decode.\win_base [22] is used but has no driver.
SBY 17:04:32 [formal/decode_prove] base: Warning: Wire formal_decode.\win_base [21] is used but has no driver.
SBY 17:04:32 [formal/decode_prove] base: Warning: Wire formal_decode.\win_base [20] is used but has no driver.
SBY 17:04:32 [formal/decode_prove] base: Warning: Wire formal_decode.\win_base [19] is used but has no driver.
SBY 17:04:32 [formal/decode_prove] base: Warning: Wire formal_decode.\win_base [18] is used but has no driver.
SBY 17:04:32 [formal/decode_prove] base: Warning: Wire formal_decode.\win_base [17] is used but has no driver.
SBY 17:04:32 [formal/decode_prove] base: Warning: Wire formal_decode.\win_base [16] is used but has no driver.
SBY 17:04:32 [formal/decode_prove] base: Warning: Wire formal_decode.\win_base [15] is used but has no driver.
SBY 17:04:32 [formal/decode_prove] base: Warning: Wire formal_decode.\win_base [14] is used but has no driver.
SBY 17:04:32 [formal/decode_prove] base: Warning: Wire formal_decode.\win_base [13] is used but has no driver.
SBY 17:04:32 [formal/decode_prove] base: Warning: Wire formal_decode.\win_base [12] is used but has no driver.
SBY 17:04:32 [formal/decode_prove] base: Warning: Wire formal_decode.\win_base [11] is used but has no driver.
SBY 17:04:32 [formal/decode_prove] base: Warning: Wire formal_decode.\win_base [10] is used but has no driver.
SBY 17:04:32 [formal/decode_prove] base: Warning: Wire formal_decode.\win_base [9] is used but has no driver.
SBY 17:04:32 [formal/decode_prove] base: Warning: Wire formal_decode.\win_base [8] is used but has no driver.
SBY 17:04:32 [formal/decode_prove] base: Warning: Wire formal_decode.\win_base [7] is used but has no driver.
SBY 17:04:32 [formal/decode_prove] base: Warning: Wire formal_decode.\win_base [6] is used but has no driver.
SBY 17:04:32 [formal/decode_prove] base: Warning: Wire formal_decode.\win_base [5] is used but has no driver.
SBY 17:04:32 [formal/decode_prove] base: Warning: Wire formal_decode.\win_base [4] is used but has no driver.
SBY 17:04:32 [formal/decode_prove] base: Warning: Wire formal_decode.\win_base [3] is used but has no driver.
SBY 17:04:32 [formal/decode_prove] base: Warning: Wire formal_decode.\win_base [2] is used but has no driver.
SBY 17:04:32 [formal/decode_prove] base: Warning: Wire formal_decode.\win_base [1] is used but has no driver.
SBY 17:04:32 [formal/decode_prove] base: Warning: Wire formal_decode.\win_base [0] is used but has no driver.
SBY 17:04:32 [formal/decode_prove] base: Warning: Wire formal_decode.\win_size [31] is used but has no driver.
SBY 17:04:32 [formal/decode_prove] base: Warning: Wire formal_decode.\win_size [30] is used but has no driver.
SBY 17:04:32 [formal/decode_prove] base: Warning: Wire formal_decode.\win_size [29] is used but has no driver.
SBY 17:04:32 [formal/decode_prove] base: Warning: Wire formal_decode.\win_size [28] is used but has no driver.
SBY 17:04:32 [formal/decode_prove] base: Warning: Wire formal_decode.\win_size [27] is used but has no driver.
SBY 17:04:32 [formal/decode_prove] base: Warning: Wire formal_decode.\win_size [26] is used but has no driver.
SBY 17:04:32 [formal/decode_prove] base: Warning: Wire formal_decode.\win_size [25] is used but has no driver.
SBY 17:04:32 [formal/decode_prove] base: Warning: Wire formal_decode.\win_size [24] is used but has no driver.
SBY 17:04:32 [formal/decode_prove] base: Warning: Wire formal_decode.\win_size [23] is used but has no driver.
SBY 17:04:32 [formal/decode_prove] base: Warning: Wire formal_decode.\win_size [22] is used but has no driver.
SBY 17:04:32 [formal/decode_prove] base: Warning: Wire formal_decode.\win_size [21] is used but has no driver.
SBY 17:04:32 [formal/decode_prove] base: Warning: Wire formal_decode.\win_size [20] is used but has no driver.
SBY 17:04:32 [formal/decode_prove] base: Warning: Wire formal_decode.\win_size [19] is used but has no driver.
SBY 17:04:32 [formal/decode_prove] base: Warning: Wire formal_decode.\win_size [18] is used but has no driver.
SBY 17:04:32 [formal/decode_prove] base: Warning: Wire formal_decode.\win_size [17] is used but has no driver.
SBY 17:04:32 [formal/decode_prove] base: Warning: Wire formal_decode.\win_size [16] is used but has no driver.
SBY 17:04:32 [formal/decode_prove] base: Warning: Wire formal_decode.\win_size [15] is used but has no driver.
SBY 17:04:32 [formal/decode_prove] base: Warning: Wire formal_decode.\win_size [14] is used but has no driver.
SBY 17:04:32 [formal/decode_prove] base: Warning: Wire formal_decode.\win_size [13] is used but has no driver.
SBY 17:04:32 [formal/decode_prove] base: Warning: Wire formal_decode.\win_size [12] is used but has no driver.
SBY 17:04:32 [formal/decode_prove] base: Warning: Wire formal_decode.\win_size [11] is used but has no driver.
SBY 17:04:32 [formal/decode_prove] base: Warning: Wire formal_decode.\win_size [10] is used but has no driver.
SBY 17:04:32 [formal/decode_prove] base: Warning: Wire formal_decode.\win_size [9] is used but has no driver.
SBY 17:04:32 [formal/decode_prove] base: Warning: Wire formal_decode.\win_size [8] is used but has no driver.
SBY 17:04:32 [formal/decode_prove] base: Warning: Wire formal_decode.\win_size [7] is used but has no driver.
SBY 17:04:32 [formal/decode_prove] base: Warning: Wire formal_decode.\win_size [6] is used but has no driver.
SBY 17:04:32 [formal/decode_prove] base: Warning: Wire formal_decode.\win_size [5] is used but has no driver.
SBY 17:04:32 [formal/decode_prove] base: Warning: Wire formal_decode.\win_size [4] is used but has no driver.
SBY 17:04:32 [formal/decode_prove] base: Warning: Wire formal_decode.\win_size [3] is used but has no driver.
SBY 17:04:32 [formal/decode_prove] base: Warning: Wire formal_decode.\win_size [2] is used but has no driver.
SBY 17:04:32 [formal/decode_prove] base: Warning: Wire formal_decode.\win_size [1] is used but has no driver.
SBY 17:04:32 [formal/decode_prove] base: Warning: Wire formal_decode.\win_size [0] is used but has no driver.
SBY 17:04:32 [formal/decode_prove] base: Warning: Wire formal_decode.\win_dpa_base [23] is used but has no driver.
SBY 17:04:32 [formal/decode_prove] base: Warning: Wire formal_decode.\win_dpa_base [22] is used but has no driver.
SBY 17:04:32 [formal/decode_prove] base: Warning: Wire formal_decode.\win_dpa_base [21] is used but has no driver.
SBY 17:04:32 [formal/decode_prove] base: Warning: Wire formal_decode.\win_dpa_base [20] is used but has no driver.
SBY 17:04:32 [formal/decode_prove] base: Warning: Wire formal_decode.\win_dpa_base [19] is used but has no driver.
SBY 17:04:32 [formal/decode_prove] base: Warning: Wire formal_decode.\win_dpa_base [18] is used but has no driver.
SBY 17:04:32 [formal/decode_prove] base: Warning: Wire formal_decode.\win_dpa_base [17] is used but has no driver.
SBY 17:04:32 [formal/decode_prove] base: Warning: Wire formal_decode.\win_dpa_base [16] is used but has no driver.
SBY 17:04:32 [formal/decode_prove] base: Warning: Wire formal_decode.\win_dpa_base [15] is used but has no driver.
SBY 17:04:32 [formal/decode_prove] base: Warning: Wire formal_decode.\win_dpa_base [14] is used but has no driver.
SBY 17:04:32 [formal/decode_prove] base: Warning: Wire formal_decode.\win_dpa_base [13] is used but has no driver.
SBY 17:04:32 [formal/decode_prove] base: Warning: Wire formal_decode.\win_dpa_base [12] is used but has no driver.
SBY 17:04:32 [formal/decode_prove] base: Warning: Wire formal_decode.\win_dpa_base [11] is used but has no driver.
SBY 17:04:32 [formal/decode_prove] base: Warning: Wire formal_decode.\win_dpa_base [10] is used but has no driver.
SBY 17:04:32 [formal/decode_prove] base: Warning: Wire formal_decode.\win_dpa_base [9] is used but has no driver.
SBY 17:04:32 [formal/decode_prove] base: Warning: Wire formal_decode.\win_dpa_base [8] is used but has no driver.
SBY 17:04:32 [formal/decode_prove] base: Warning: Wire formal_decode.\win_dpa_base [7] is used but has no driver.
SBY 17:04:32 [formal/decode_prove] base: Warning: Wire formal_decode.\win_dpa_base [6] is used but has no driver.
SBY 17:04:32 [formal/decode_prove] base: Warning: Wire formal_decode.\win_dpa_base [5] is used but has no driver.
SBY 17:04:32 [formal/decode_prove] base: Warning: Wire formal_decode.\win_dpa_base [4] is used but has no driver.
SBY 17:04:32 [formal/decode_prove] base: Warning: Wire formal_decode.\win_dpa_base [3] is used but has no driver.
SBY 17:04:32 [formal/decode_prove] base: Warning: Wire formal_decode.\win_dpa_base [2] is used but has no driver.
SBY 17:04:32 [formal/decode_prove] base: Warning: Wire formal_decode.\win_dpa_base [1] is used but has no driver.
SBY 17:04:32 [formal/decode_prove] base: Warning: Wire formal_decode.\win_dpa_base [0] is used but has no driver.
SBY 17:04:32 [formal/decode_prove] base: Warning: Wire formal_decode.\dev_capacity [12] is used but has no driver.
SBY 17:04:32 [formal/decode_prove] base: Warning: Wire formal_decode.\dev_capacity [11] is used but has no driver.
SBY 17:04:32 [formal/decode_prove] base: Warning: Wire formal_decode.\dev_capacity [10] is used but has no driver.
SBY 17:04:32 [formal/decode_prove] base: Warning: Wire formal_decode.\dev_capacity [9] is used but has no driver.
SBY 17:04:32 [formal/decode_prove] base: Warning: Wire formal_decode.\dev_capacity [8] is used but has no driver.
SBY 17:04:32 [formal/decode_prove] base: Warning: Wire formal_decode.\dev_capacity [7] is used but has no driver.
SBY 17:04:32 [formal/decode_prove] base: Warning: Wire formal_decode.\dev_capacity [6] is used but has no driver.
SBY 17:04:32 [formal/decode_prove] base: Warning: Wire formal_decode.\dev_capacity [5] is used but has no driver.
SBY 17:04:32 [formal/decode_prove] base: Warning: Wire formal_decode.\dev_capacity [4] is used but has no driver.
SBY 17:04:32 [formal/decode_prove] base: Warning: Wire formal_decode.\dev_capacity [3] is used but has no driver.
SBY 17:04:32 [formal/decode_prove] base: Warning: Wire formal_decode.\dev_capacity [2] is used but has no driver.
SBY 17:04:32 [formal/decode_prove] base: Warning: Wire formal_decode.\dev_capacity [1] is used but has no driver.
SBY 17:04:32 [formal/decode_prove] base: Warning: Wire formal_decode.\dev_capacity [0] is used but has no driver.
SBY 17:04:32 [formal/decode_prove] base: Warning: Wire formal_decode.\hpa [15] is used but has no driver.
SBY 17:04:32 [formal/decode_prove] base: Warning: Wire formal_decode.\hpa [14] is used but has no driver.
SBY 17:04:32 [formal/decode_prove] base: Warning: Wire formal_decode.\hpa [13] is used but has no driver.
SBY 17:04:32 [formal/decode_prove] base: Warning: Wire formal_decode.\hpa [12] is used but has no driver.
SBY 17:04:32 [formal/decode_prove] base: Warning: Wire formal_decode.\hpa [11] is used but has no driver.
SBY 17:04:32 [formal/decode_prove] base: Warning: Wire formal_decode.\hpa [10] is used but has no driver.
SBY 17:04:32 [formal/decode_prove] base: Warning: Wire formal_decode.\hpa [9] is used but has no driver.
SBY 17:04:32 [formal/decode_prove] base: Warning: Wire formal_decode.\hpa [8] is used but has no driver.
SBY 17:04:32 [formal/decode_prove] base: Warning: Wire formal_decode.\hpa [7] is used but has no driver.
SBY 17:04:32 [formal/decode_prove] base: Warning: Wire formal_decode.\hpa [6] is used but has no driver.
SBY 17:04:32 [formal/decode_prove] base: Warning: Wire formal_decode.\hpa [5] is used but has no driver.
SBY 17:04:32 [formal/decode_prove] base: Warning: Wire formal_decode.\hpa [4] is used but has no driver.
SBY 17:04:32 [formal/decode_prove] base: Warning: Wire formal_decode.\hpa [3] is used but has no driver.
SBY 17:04:32 [formal/decode_prove] base: Warning: Wire formal_decode.\hpa [2] is used but has no driver.
SBY 17:04:32 [formal/decode_prove] base: Warning: Wire formal_decode.\hpa [1] is used but has no driver.
SBY 17:04:32 [formal/decode_prove] base: Warning: Wire formal_decode.\hpa [0] is used but has no driver.
SBY 17:04:32 [formal/decode_bmc] base: finished (returncode=0)
SBY 17:04:32 [formal/decode_prove] base: finished (returncode=0)
SBY 17:04:32 [formal/decode_bmc] prep: starting process "cd formal/decode_bmc/model; yosys -ql design_prep.log design_prep.ys"
SBY 17:04:32 [formal/decode_prove] prep: starting process "cd formal/decode_prove/model; yosys -ql design_prep.log design_prep.ys"
SBY 17:04:32 [formal/decode_bmc] prep: Warning: Wire formal_decode.\dev_capacity [12] is used but has no driver.
SBY 17:04:32 [formal/decode_bmc] prep: Warning: Wire formal_decode.\dev_capacity [11] is used but has no driver.
SBY 17:04:32 [formal/decode_bmc] prep: Warning: Wire formal_decode.\dev_capacity [10] is used but has no driver.
SBY 17:04:32 [formal/decode_bmc] prep: Warning: Wire formal_decode.\dev_capacity [9] is used but has no driver.
SBY 17:04:32 [formal/decode_bmc] prep: Warning: Wire formal_decode.\dev_capacity [8] is used but has no driver.
SBY 17:04:32 [formal/decode_bmc] prep: Warning: Wire formal_decode.\dev_capacity [7] is used but has no driver.
SBY 17:04:32 [formal/decode_bmc] prep: Warning: Wire formal_decode.\dev_capacity [6] is used but has no driver.
SBY 17:04:32 [formal/decode_bmc] prep: Warning: Wire formal_decode.\dev_capacity [5] is used but has no driver.
SBY 17:04:32 [formal/decode_bmc] prep: Warning: Wire formal_decode.\dev_capacity [4] is used but has no driver.
SBY 17:04:32 [formal/decode_bmc] prep: Warning: Wire formal_decode.\dev_capacity [3] is used but has no driver.
SBY 17:04:32 [formal/decode_bmc] prep: Warning: Wire formal_decode.\dev_capacity [2] is used but has no driver.
SBY 17:04:32 [formal/decode_bmc] prep: Warning: Wire formal_decode.\dev_capacity [1] is used but has no driver.
SBY 17:04:32 [formal/decode_bmc] prep: Warning: Wire formal_decode.\dev_capacity [0] is used but has no driver.
SBY 17:04:32 [formal/decode_bmc] prep: Warning: Wire formal_decode.\win_size [31] is used but has no driver.
SBY 17:04:32 [formal/decode_bmc] prep: Warning: Wire formal_decode.\win_size [30] is used but has no driver.
SBY 17:04:32 [formal/decode_bmc] prep: Warning: Wire formal_decode.\win_size [29] is used but has no driver.
SBY 17:04:32 [formal/decode_bmc] prep: Warning: Wire formal_decode.\win_size [28] is used but has no driver.
SBY 17:04:32 [formal/decode_bmc] prep: Warning: Wire formal_decode.\win_size [27] is used but has no driver.
SBY 17:04:32 [formal/decode_bmc] prep: Warning: Wire formal_decode.\win_size [26] is used but has no driver.
SBY 17:04:32 [formal/decode_bmc] prep: Warning: Wire formal_decode.\win_size [25] is used but has no driver.
SBY 17:04:32 [formal/decode_bmc] prep: Warning: Wire formal_decode.\win_size [24] is used but has no driver.
SBY 17:04:32 [formal/decode_bmc] prep: Warning: Wire formal_decode.\win_size [23] is used but has no driver.
SBY 17:04:32 [formal/decode_bmc] prep: Warning: Wire formal_decode.\win_size [22] is used but has no driver.
SBY 17:04:32 [formal/decode_bmc] prep: Warning: Wire formal_decode.\win_size [21] is used but has no driver.
SBY 17:04:32 [formal/decode_bmc] prep: Warning: Wire formal_decode.\win_size [20] is used but has no driver.
SBY 17:04:32 [formal/decode_bmc] prep: Warning: Wire formal_decode.\win_size [19] is used but has no driver.
SBY 17:04:32 [formal/decode_bmc] prep: Warning: Wire formal_decode.\win_size [18] is used but has no driver.
SBY 17:04:32 [formal/decode_bmc] prep: Warning: Wire formal_decode.\win_size [17] is used but has no driver.
SBY 17:04:32 [formal/decode_bmc] prep: Warning: Wire formal_decode.\win_size [16] is used but has no driver.
SBY 17:04:32 [formal/decode_bmc] prep: Warning: Wire formal_decode.\win_size [15] is used but has no driver.
SBY 17:04:32 [formal/decode_bmc] prep: Warning: Wire formal_decode.\win_size [14] is used but has no driver.
SBY 17:04:32 [formal/decode_bmc] prep: Warning: Wire formal_decode.\win_size [13] is used but has no driver.
SBY 17:04:32 [formal/decode_bmc] prep: Warning: Wire formal_decode.\win_size [12] is used but has no driver.
SBY 17:04:32 [formal/decode_bmc] prep: Warning: Wire formal_decode.\win_size [11] is used but has no driver.
SBY 17:04:32 [formal/decode_bmc] prep: Warning: Wire formal_decode.\win_size [10] is used but has no driver.
SBY 17:04:32 [formal/decode_bmc] prep: Warning: Wire formal_decode.\win_size [9] is used but has no driver.
SBY 17:04:32 [formal/decode_bmc] prep: Warning: Wire formal_decode.\win_size [8] is used but has no driver.
SBY 17:04:32 [formal/decode_bmc] prep: Warning: Wire formal_decode.\win_size [7] is used but has no driver.
SBY 17:04:32 [formal/decode_bmc] prep: Warning: Wire formal_decode.\win_size [6] is used but has no driver.
SBY 17:04:32 [formal/decode_bmc] prep: Warning: Wire formal_decode.\win_size [5] is used but has no driver.
SBY 17:04:32 [formal/decode_bmc] prep: Warning: Wire formal_decode.\win_size [4] is used but has no driver.
SBY 17:04:32 [formal/decode_bmc] prep: Warning: Wire formal_decode.\win_size [3] is used but has no driver.
SBY 17:04:32 [formal/decode_bmc] prep: Warning: Wire formal_decode.\win_size [2] is used but has no driver.
SBY 17:04:32 [formal/decode_bmc] prep: Warning: Wire formal_decode.\win_size [1] is used but has no driver.
SBY 17:04:32 [formal/decode_bmc] prep: Warning: Wire formal_decode.\win_size [0] is used but has no driver.
SBY 17:04:32 [formal/decode_bmc] prep: Warning: Wire formal_decode.\win_en [1] is used but has no driver.
SBY 17:04:32 [formal/decode_bmc] prep: Warning: Wire formal_decode.\win_en [0] is used but has no driver.
SBY 17:04:32 [formal/decode_bmc] prep: Warning: Wire formal_decode.\win_dpa_base [23] is used but has no driver.
SBY 17:04:32 [formal/decode_bmc] prep: Warning: Wire formal_decode.\win_dpa_base [22] is used but has no driver.
SBY 17:04:32 [formal/decode_bmc] prep: Warning: Wire formal_decode.\win_dpa_base [21] is used but has no driver.
SBY 17:04:32 [formal/decode_bmc] prep: Warning: Wire formal_decode.\win_dpa_base [20] is used but has no driver.
SBY 17:04:32 [formal/decode_bmc] prep: Warning: Wire formal_decode.\win_dpa_base [19] is used but has no driver.
SBY 17:04:32 [formal/decode_bmc] prep: Warning: Wire formal_decode.\win_dpa_base [18] is used but has no driver.
SBY 17:04:32 [formal/decode_bmc] prep: Warning: Wire formal_decode.\win_dpa_base [17] is used but has no driver.
SBY 17:04:32 [formal/decode_bmc] prep: Warning: Wire formal_decode.\win_dpa_base [16] is used but has no driver.
SBY 17:04:32 [formal/decode_bmc] prep: Warning: Wire formal_decode.\win_dpa_base [15] is used but has no driver.
SBY 17:04:32 [formal/decode_bmc] prep: Warning: Wire formal_decode.\win_dpa_base [14] is used but has no driver.
SBY 17:04:32 [formal/decode_bmc] prep: Warning: Wire formal_decode.\win_dpa_base [13] is used but has no driver.
SBY 17:04:32 [formal/decode_bmc] prep: Warning: Wire formal_decode.\win_dpa_base [12] is used but has no driver.
SBY 17:04:32 [formal/decode_bmc] prep: Warning: Wire formal_decode.\win_dpa_base [11] is used but has no driver.
SBY 17:04:32 [formal/decode_bmc] prep: Warning: Wire formal_decode.\win_dpa_base [10] is used but has no driver.
SBY 17:04:32 [formal/decode_bmc] prep: Warning: Wire formal_decode.\win_dpa_base [9] is used but has no driver.
SBY 17:04:32 [formal/decode_bmc] prep: Warning: Wire formal_decode.\win_dpa_base [8] is used but has no driver.
SBY 17:04:32 [formal/decode_bmc] prep: Warning: Wire formal_decode.\win_dpa_base [7] is used but has no driver.
SBY 17:04:32 [formal/decode_bmc] prep: Warning: Wire formal_decode.\win_dpa_base [6] is used but has no driver.
SBY 17:04:32 [formal/decode_bmc] prep: Warning: Wire formal_decode.\win_dpa_base [5] is used but has no driver.
SBY 17:04:32 [formal/decode_bmc] prep: Warning: Wire formal_decode.\win_dpa_base [4] is used but has no driver.
SBY 17:04:32 [formal/decode_bmc] prep: Warning: Wire formal_decode.\win_dpa_base [3] is used but has no driver.
SBY 17:04:32 [formal/decode_bmc] prep: Warning: Wire formal_decode.\win_dpa_base [2] is used but has no driver.
SBY 17:04:32 [formal/decode_bmc] prep: Warning: Wire formal_decode.\win_dpa_base [1] is used but has no driver.
SBY 17:04:32 [formal/decode_bmc] prep: Warning: Wire formal_decode.\win_dpa_base [0] is used but has no driver.
SBY 17:04:32 [formal/decode_bmc] prep: Warning: Wire formal_decode.\win_base [31] is used but has no driver.
SBY 17:04:32 [formal/decode_bmc] prep: Warning: Wire formal_decode.\win_base [30] is used but has no driver.
SBY 17:04:32 [formal/decode_bmc] prep: Warning: Wire formal_decode.\win_base [29] is used but has no driver.
SBY 17:04:32 [formal/decode_bmc] prep: Warning: Wire formal_decode.\win_base [28] is used but has no driver.
SBY 17:04:32 [formal/decode_bmc] prep: Warning: Wire formal_decode.\win_base [27] is used but has no driver.
SBY 17:04:32 [formal/decode_bmc] prep: Warning: Wire formal_decode.\win_base [26] is used but has no driver.
SBY 17:04:32 [formal/decode_bmc] prep: Warning: Wire formal_decode.\win_base [25] is used but has no driver.
SBY 17:04:32 [formal/decode_bmc] prep: Warning: Wire formal_decode.\win_base [24] is used but has no driver.
SBY 17:04:32 [formal/decode_bmc] prep: Warning: Wire formal_decode.\win_base [23] is used but has no driver.
SBY 17:04:32 [formal/decode_bmc] prep: Warning: Wire formal_decode.\win_base [22] is used but has no driver.
SBY 17:04:32 [formal/decode_bmc] prep: Warning: Wire formal_decode.\win_base [21] is used but has no driver.
SBY 17:04:32 [formal/decode_bmc] prep: Warning: Wire formal_decode.\win_base [20] is used but has no driver.
SBY 17:04:32 [formal/decode_bmc] prep: Warning: Wire formal_decode.\win_base [19] is used but has no driver.
SBY 17:04:32 [formal/decode_bmc] prep: Warning: Wire formal_decode.\win_base [18] is used but has no driver.
SBY 17:04:32 [formal/decode_bmc] prep: Warning: Wire formal_decode.\win_base [17] is used but has no driver.
SBY 17:04:32 [formal/decode_bmc] prep: Warning: Wire formal_decode.\win_base [16] is used but has no driver.
SBY 17:04:32 [formal/decode_bmc] prep: Warning: Wire formal_decode.\win_base [15] is used but has no driver.
SBY 17:04:32 [formal/decode_bmc] prep: Warning: Wire formal_decode.\win_base [14] is used but has no driver.
SBY 17:04:32 [formal/decode_bmc] prep: Warning: Wire formal_decode.\win_base [13] is used but has no driver.
SBY 17:04:32 [formal/decode_bmc] prep: Warning: Wire formal_decode.\win_base [12] is used but has no driver.
SBY 17:04:32 [formal/decode_bmc] prep: Warning: Wire formal_decode.\win_base [11] is used but has no driver.
SBY 17:04:32 [formal/decode_bmc] prep: Warning: Wire formal_decode.\win_base [10] is used but has no driver.
SBY 17:04:32 [formal/decode_bmc] prep: Warning: Wire formal_decode.\win_base [9] is used but has no driver.
SBY 17:04:32 [formal/decode_bmc] prep: Warning: Wire formal_decode.\win_base [8] is used but has no driver.
SBY 17:04:32 [formal/decode_bmc] prep: Warning: Wire formal_decode.\win_base [7] is used but has no driver.
SBY 17:04:32 [formal/decode_bmc] prep: Warning: Wire formal_decode.\win_base [6] is used but has no driver.
SBY 17:04:32 [formal/decode_bmc] prep: Warning: Wire formal_decode.\win_base [5] is used but has no driver.
SBY 17:04:32 [formal/decode_bmc] prep: Warning: Wire formal_decode.\win_base [4] is used but has no driver.
SBY 17:04:32 [formal/decode_bmc] prep: Warning: Wire formal_decode.\win_base [3] is used but has no driver.
SBY 17:04:32 [formal/decode_bmc] prep: Warning: Wire formal_decode.\win_base [2] is used but has no driver.
SBY 17:04:32 [formal/decode_bmc] prep: Warning: Wire formal_decode.\win_base [1] is used but has no driver.
SBY 17:04:32 [formal/decode_bmc] prep: Warning: Wire formal_decode.\win_base [0] is used but has no driver.
SBY 17:04:32 [formal/decode_bmc] prep: Warning: Wire formal_decode.\hpa [15] is used but has no driver.
SBY 17:04:32 [formal/decode_bmc] prep: Warning: Wire formal_decode.\hpa [14] is used but has no driver.
SBY 17:04:32 [formal/decode_bmc] prep: Warning: Wire formal_decode.\hpa [13] is used but has no driver.
SBY 17:04:32 [formal/decode_bmc] prep: Warning: Wire formal_decode.\hpa [12] is used but has no driver.
SBY 17:04:32 [formal/decode_bmc] prep: Warning: Wire formal_decode.\hpa [11] is used but has no driver.
SBY 17:04:32 [formal/decode_bmc] prep: Warning: Wire formal_decode.\hpa [10] is used but has no driver.
SBY 17:04:32 [formal/decode_bmc] prep: Warning: Wire formal_decode.\hpa [9] is used but has no driver.
SBY 17:04:32 [formal/decode_bmc] prep: Warning: Wire formal_decode.\hpa [8] is used but has no driver.
SBY 17:04:32 [formal/decode_bmc] prep: Warning: Wire formal_decode.\hpa [7] is used but has no driver.
SBY 17:04:32 [formal/decode_bmc] prep: Warning: Wire formal_decode.\hpa [6] is used but has no driver.
SBY 17:04:32 [formal/decode_bmc] prep: Warning: Wire formal_decode.\hpa [5] is used but has no driver.
SBY 17:04:32 [formal/decode_bmc] prep: Warning: Wire formal_decode.\hpa [4] is used but has no driver.
SBY 17:04:32 [formal/decode_bmc] prep: Warning: Wire formal_decode.\hpa [3] is used but has no driver.
SBY 17:04:32 [formal/decode_bmc] prep: Warning: Wire formal_decode.\hpa [2] is used but has no driver.
SBY 17:04:32 [formal/decode_bmc] prep: Warning: Wire formal_decode.\hpa [1] is used but has no driver.
SBY 17:04:32 [formal/decode_bmc] prep: Warning: Wire formal_decode.\hpa [0] is used but has no driver.
SBY 17:04:32 [formal/decode_prove] prep: Warning: Wire formal_decode.\dev_capacity [12] is used but has no driver.
SBY 17:04:32 [formal/decode_prove] prep: Warning: Wire formal_decode.\dev_capacity [11] is used but has no driver.
SBY 17:04:32 [formal/decode_prove] prep: Warning: Wire formal_decode.\dev_capacity [10] is used but has no driver.
SBY 17:04:32 [formal/decode_prove] prep: Warning: Wire formal_decode.\dev_capacity [9] is used but has no driver.
SBY 17:04:32 [formal/decode_prove] prep: Warning: Wire formal_decode.\dev_capacity [8] is used but has no driver.
SBY 17:04:32 [formal/decode_prove] prep: Warning: Wire formal_decode.\dev_capacity [7] is used but has no driver.
SBY 17:04:32 [formal/decode_prove] prep: Warning: Wire formal_decode.\dev_capacity [6] is used but has no driver.
SBY 17:04:32 [formal/decode_prove] prep: Warning: Wire formal_decode.\dev_capacity [5] is used but has no driver.
SBY 17:04:32 [formal/decode_prove] prep: Warning: Wire formal_decode.\dev_capacity [4] is used but has no driver.
SBY 17:04:32 [formal/decode_prove] prep: Warning: Wire formal_decode.\dev_capacity [3] is used but has no driver.
SBY 17:04:32 [formal/decode_prove] prep: Warning: Wire formal_decode.\dev_capacity [2] is used but has no driver.
SBY 17:04:32 [formal/decode_prove] prep: Warning: Wire formal_decode.\dev_capacity [1] is used but has no driver.
SBY 17:04:32 [formal/decode_prove] prep: Warning: Wire formal_decode.\dev_capacity [0] is used but has no driver.
SBY 17:04:32 [formal/decode_prove] prep: Warning: Wire formal_decode.\win_size [31] is used but has no driver.
SBY 17:04:32 [formal/decode_prove] prep: Warning: Wire formal_decode.\win_size [30] is used but has no driver.
SBY 17:04:32 [formal/decode_prove] prep: Warning: Wire formal_decode.\win_size [29] is used but has no driver.
SBY 17:04:32 [formal/decode_prove] prep: Warning: Wire formal_decode.\win_size [28] is used but has no driver.
SBY 17:04:32 [formal/decode_prove] prep: Warning: Wire formal_decode.\win_size [27] is used but has no driver.
SBY 17:04:32 [formal/decode_prove] prep: Warning: Wire formal_decode.\win_size [26] is used but has no driver.
SBY 17:04:32 [formal/decode_prove] prep: Warning: Wire formal_decode.\win_size [25] is used but has no driver.
SBY 17:04:32 [formal/decode_prove] prep: Warning: Wire formal_decode.\win_size [24] is used but has no driver.
SBY 17:04:32 [formal/decode_prove] prep: Warning: Wire formal_decode.\win_size [23] is used but has no driver.
SBY 17:04:32 [formal/decode_prove] prep: Warning: Wire formal_decode.\win_size [22] is used but has no driver.
SBY 17:04:32 [formal/decode_prove] prep: Warning: Wire formal_decode.\win_size [21] is used but has no driver.
SBY 17:04:32 [formal/decode_prove] prep: Warning: Wire formal_decode.\win_size [20] is used but has no driver.
SBY 17:04:32 [formal/decode_prove] prep: Warning: Wire formal_decode.\win_size [19] is used but has no driver.
SBY 17:04:32 [formal/decode_prove] prep: Warning: Wire formal_decode.\win_size [18] is used but has no driver.
SBY 17:04:32 [formal/decode_prove] prep: Warning: Wire formal_decode.\win_size [17] is used but has no driver.
SBY 17:04:32 [formal/decode_prove] prep: Warning: Wire formal_decode.\win_size [16] is used but has no driver.
SBY 17:04:32 [formal/decode_prove] prep: Warning: Wire formal_decode.\win_size [15] is used but has no driver.
SBY 17:04:32 [formal/decode_prove] prep: Warning: Wire formal_decode.\win_size [14] is used but has no driver.
SBY 17:04:32 [formal/decode_prove] prep: Warning: Wire formal_decode.\win_size [13] is used but has no driver.
SBY 17:04:32 [formal/decode_prove] prep: Warning: Wire formal_decode.\win_size [12] is used but has no driver.
SBY 17:04:32 [formal/decode_prove] prep: Warning: Wire formal_decode.\win_size [11] is used but has no driver.
SBY 17:04:32 [formal/decode_prove] prep: Warning: Wire formal_decode.\win_size [10] is used but has no driver.
SBY 17:04:32 [formal/decode_prove] prep: Warning: Wire formal_decode.\win_size [9] is used but has no driver.
SBY 17:04:32 [formal/decode_prove] prep: Warning: Wire formal_decode.\win_size [8] is used but has no driver.
SBY 17:04:32 [formal/decode_prove] prep: Warning: Wire formal_decode.\win_size [7] is used but has no driver.
SBY 17:04:32 [formal/decode_prove] prep: Warning: Wire formal_decode.\win_size [6] is used but has no driver.
SBY 17:04:32 [formal/decode_prove] prep: Warning: Wire formal_decode.\win_size [5] is used but has no driver.
SBY 17:04:32 [formal/decode_prove] prep: Warning: Wire formal_decode.\win_size [4] is used but has no driver.
SBY 17:04:32 [formal/decode_prove] prep: Warning: Wire formal_decode.\win_size [3] is used but has no driver.
SBY 17:04:32 [formal/decode_prove] prep: Warning: Wire formal_decode.\win_size [2] is used but has no driver.
SBY 17:04:32 [formal/decode_prove] prep: Warning: Wire formal_decode.\win_size [1] is used but has no driver.
SBY 17:04:32 [formal/decode_prove] prep: Warning: Wire formal_decode.\win_size [0] is used but has no driver.
SBY 17:04:32 [formal/decode_prove] prep: Warning: Wire formal_decode.\win_en [1] is used but has no driver.
SBY 17:04:32 [formal/decode_prove] prep: Warning: Wire formal_decode.\win_en [0] is used but has no driver.
SBY 17:04:32 [formal/decode_prove] prep: Warning: Wire formal_decode.\win_dpa_base [23] is used but has no driver.
SBY 17:04:32 [formal/decode_prove] prep: Warning: Wire formal_decode.\win_dpa_base [22] is used but has no driver.
SBY 17:04:32 [formal/decode_prove] prep: Warning: Wire formal_decode.\win_dpa_base [21] is used but has no driver.
SBY 17:04:32 [formal/decode_prove] prep: Warning: Wire formal_decode.\win_dpa_base [20] is used but has no driver.
SBY 17:04:32 [formal/decode_prove] prep: Warning: Wire formal_decode.\win_dpa_base [19] is used but has no driver.
SBY 17:04:32 [formal/decode_prove] prep: Warning: Wire formal_decode.\win_dpa_base [18] is used but has no driver.
SBY 17:04:32 [formal/decode_prove] prep: Warning: Wire formal_decode.\win_dpa_base [17] is used but has no driver.
SBY 17:04:32 [formal/decode_prove] prep: Warning: Wire formal_decode.\win_dpa_base [16] is used but has no driver.
SBY 17:04:32 [formal/decode_prove] prep: Warning: Wire formal_decode.\win_dpa_base [15] is used but has no driver.
SBY 17:04:32 [formal/decode_prove] prep: Warning: Wire formal_decode.\win_dpa_base [14] is used but has no driver.
SBY 17:04:32 [formal/decode_prove] prep: Warning: Wire formal_decode.\win_dpa_base [13] is used but has no driver.
SBY 17:04:32 [formal/decode_prove] prep: Warning: Wire formal_decode.\win_dpa_base [12] is used but has no driver.
SBY 17:04:32 [formal/decode_prove] prep: Warning: Wire formal_decode.\win_dpa_base [11] is used but has no driver.
SBY 17:04:32 [formal/decode_prove] prep: Warning: Wire formal_decode.\win_dpa_base [10] is used but has no driver.
SBY 17:04:32 [formal/decode_prove] prep: Warning: Wire formal_decode.\win_dpa_base [9] is used but has no driver.
SBY 17:04:32 [formal/decode_prove] prep: Warning: Wire formal_decode.\win_dpa_base [8] is used but has no driver.
SBY 17:04:32 [formal/decode_prove] prep: Warning: Wire formal_decode.\win_dpa_base [7] is used but has no driver.
SBY 17:04:32 [formal/decode_prove] prep: Warning: Wire formal_decode.\win_dpa_base [6] is used but has no driver.
SBY 17:04:32 [formal/decode_prove] prep: Warning: Wire formal_decode.\win_dpa_base [5] is used but has no driver.
SBY 17:04:32 [formal/decode_prove] prep: Warning: Wire formal_decode.\win_dpa_base [4] is used but has no driver.
SBY 17:04:32 [formal/decode_prove] prep: Warning: Wire formal_decode.\win_dpa_base [3] is used but has no driver.
SBY 17:04:32 [formal/decode_prove] prep: Warning: Wire formal_decode.\win_dpa_base [2] is used but has no driver.
SBY 17:04:32 [formal/decode_prove] prep: Warning: Wire formal_decode.\win_dpa_base [1] is used but has no driver.
SBY 17:04:32 [formal/decode_prove] prep: Warning: Wire formal_decode.\win_dpa_base [0] is used but has no driver.
SBY 17:04:32 [formal/decode_prove] prep: Warning: Wire formal_decode.\win_base [31] is used but has no driver.
SBY 17:04:32 [formal/decode_prove] prep: Warning: Wire formal_decode.\win_base [30] is used but has no driver.
SBY 17:04:32 [formal/decode_prove] prep: Warning: Wire formal_decode.\win_base [29] is used but has no driver.
SBY 17:04:32 [formal/decode_prove] prep: Warning: Wire formal_decode.\win_base [28] is used but has no driver.
SBY 17:04:32 [formal/decode_prove] prep: Warning: Wire formal_decode.\win_base [27] is used but has no driver.
SBY 17:04:32 [formal/decode_prove] prep: Warning: Wire formal_decode.\win_base [26] is used but has no driver.
SBY 17:04:32 [formal/decode_prove] prep: Warning: Wire formal_decode.\win_base [25] is used but has no driver.
SBY 17:04:32 [formal/decode_prove] prep: Warning: Wire formal_decode.\win_base [24] is used but has no driver.
SBY 17:04:32 [formal/decode_prove] prep: Warning: Wire formal_decode.\win_base [23] is used but has no driver.
SBY 17:04:32 [formal/decode_prove] prep: Warning: Wire formal_decode.\win_base [22] is used but has no driver.
SBY 17:04:32 [formal/decode_prove] prep: Warning: Wire formal_decode.\win_base [21] is used but has no driver.
SBY 17:04:32 [formal/decode_prove] prep: Warning: Wire formal_decode.\win_base [20] is used but has no driver.
SBY 17:04:32 [formal/decode_prove] prep: Warning: Wire formal_decode.\win_base [19] is used but has no driver.
SBY 17:04:32 [formal/decode_prove] prep: Warning: Wire formal_decode.\win_base [18] is used but has no driver.
SBY 17:04:32 [formal/decode_prove] prep: Warning: Wire formal_decode.\win_base [17] is used but has no driver.
SBY 17:04:32 [formal/decode_prove] prep: Warning: Wire formal_decode.\win_base [16] is used but has no driver.
SBY 17:04:32 [formal/decode_prove] prep: Warning: Wire formal_decode.\win_base [15] is used but has no driver.
SBY 17:04:32 [formal/decode_prove] prep: Warning: Wire formal_decode.\win_base [14] is used but has no driver.
SBY 17:04:32 [formal/decode_prove] prep: Warning: Wire formal_decode.\win_base [13] is used but has no driver.
SBY 17:04:32 [formal/decode_prove] prep: Warning: Wire formal_decode.\win_base [12] is used but has no driver.
SBY 17:04:32 [formal/decode_prove] prep: Warning: Wire formal_decode.\win_base [11] is used but has no driver.
SBY 17:04:32 [formal/decode_prove] prep: Warning: Wire formal_decode.\win_base [10] is used but has no driver.
SBY 17:04:32 [formal/decode_prove] prep: Warning: Wire formal_decode.\win_base [9] is used but has no driver.
SBY 17:04:32 [formal/decode_prove] prep: Warning: Wire formal_decode.\win_base [8] is used but has no driver.
SBY 17:04:32 [formal/decode_prove] prep: Warning: Wire formal_decode.\win_base [7] is used but has no driver.
SBY 17:04:32 [formal/decode_prove] prep: Warning: Wire formal_decode.\win_base [6] is used but has no driver.
SBY 17:04:32 [formal/decode_prove] prep: Warning: Wire formal_decode.\win_base [5] is used but has no driver.
SBY 17:04:32 [formal/decode_prove] prep: Warning: Wire formal_decode.\win_base [4] is used but has no driver.
SBY 17:04:32 [formal/decode_prove] prep: Warning: Wire formal_decode.\win_base [3] is used but has no driver.
SBY 17:04:32 [formal/decode_prove] prep: Warning: Wire formal_decode.\win_base [2] is used but has no driver.
SBY 17:04:32 [formal/decode_prove] prep: Warning: Wire formal_decode.\win_base [1] is used but has no driver.
SBY 17:04:32 [formal/decode_prove] prep: Warning: Wire formal_decode.\win_base [0] is used but has no driver.
SBY 17:04:32 [formal/decode_prove] prep: Warning: Wire formal_decode.\hpa [15] is used but has no driver.
SBY 17:04:32 [formal/decode_prove] prep: Warning: Wire formal_decode.\hpa [14] is used but has no driver.
SBY 17:04:32 [formal/decode_prove] prep: Warning: Wire formal_decode.\hpa [13] is used but has no driver.
SBY 17:04:32 [formal/decode_prove] prep: Warning: Wire formal_decode.\hpa [12] is used but has no driver.
SBY 17:04:32 [formal/decode_prove] prep: Warning: Wire formal_decode.\hpa [11] is used but has no driver.
SBY 17:04:32 [formal/decode_prove] prep: Warning: Wire formal_decode.\hpa [10] is used but has no driver.
SBY 17:04:32 [formal/decode_prove] prep: Warning: Wire formal_decode.\hpa [9] is used but has no driver.
SBY 17:04:32 [formal/decode_prove] prep: Warning: Wire formal_decode.\hpa [8] is used but has no driver.
SBY 17:04:32 [formal/decode_prove] prep: Warning: Wire formal_decode.\hpa [7] is used but has no driver.
SBY 17:04:32 [formal/decode_prove] prep: Warning: Wire formal_decode.\hpa [6] is used but has no driver.
SBY 17:04:32 [formal/decode_prove] prep: Warning: Wire formal_decode.\hpa [5] is used but has no driver.
SBY 17:04:32 [formal/decode_prove] prep: Warning: Wire formal_decode.\hpa [4] is used but has no driver.
SBY 17:04:32 [formal/decode_prove] prep: Warning: Wire formal_decode.\hpa [3] is used but has no driver.
SBY 17:04:32 [formal/decode_prove] prep: Warning: Wire formal_decode.\hpa [2] is used but has no driver.
SBY 17:04:32 [formal/decode_prove] prep: Warning: Wire formal_decode.\hpa [1] is used but has no driver.
SBY 17:04:32 [formal/decode_prove] prep: Warning: Wire formal_decode.\hpa [0] is used but has no driver.
SBY 17:04:32 [formal/decode_bmc] prep: finished (returncode=0)
SBY 17:04:32 [formal/decode_bmc] smt2: starting process "cd formal/decode_bmc/model; yosys -ql design_smt2.log design_smt2.ys"
SBY 17:04:32 [formal/decode_prove] prep: finished (returncode=0)
SBY 17:04:32 [formal/decode_prove] smt2: starting process "cd formal/decode_prove/model; yosys -ql design_smt2.log design_smt2.ys"
SBY 17:04:32 [formal/decode_bmc] smt2: finished (returncode=0)
SBY 17:04:32 [formal/decode_bmc] engine_0: starting process "cd formal/decode_bmc; yosys-smtbmc -s yices --presat --unroll --noprogress -t 1  --append 0 --dump-vcd engine_0/trace.vcd --dump-yw engine_0/trace.yw --dump-vlogtb engine_0/trace_tb.v --dump-smtc engine_0/trace.smtc model/design_smt2.smt2"
SBY 17:04:33 [formal/decode_prove] smt2: finished (returncode=0)
SBY 17:04:33 [formal/decode_prove] engine_0.basecase: starting process "cd formal/decode_prove; yosys-smtbmc -s yices --presat --unroll --noprogress -t 2  --append 0 --dump-vcd engine_0/trace.vcd --dump-yw engine_0/trace.yw --dump-vlogtb engine_0/trace_tb.v --dump-smtc engine_0/trace.smtc model/design_smt2.smt2"
SBY 17:04:33 [formal/decode_bmc] engine_0: ##   0:00:00  Solver: yices
SBY 17:04:33 [formal/decode_prove] engine_0.basecase: ##   0:00:00  Solver: yices
SBY 17:04:33 [formal/decode_prove] engine_0.induction: starting process "cd formal/decode_prove; yosys-smtbmc -s yices --presat --unroll -i --noprogress -t 2  --append 0 --dump-vcd engine_0/trace_induct.vcd --dump-yw engine_0/trace_induct.yw --dump-vlogtb engine_0/trace_induct_tb.v --dump-smtc engine_0/trace_induct.smtc model/design_smt2.smt2"
SBY 17:04:33 [formal/decode_prove] engine_0.basecase: ##   0:00:00  Checking assumptions in step 0..
SBY 17:04:33 [formal/decode_prove] engine_0.basecase: ##   0:00:00  Checking assertions in step 0..
SBY 17:04:33 [formal/decode_bmc] engine_0: ##   0:00:00  Checking assumptions in step 0..
SBY 17:04:33 [formal/decode_bmc] engine_0: ##   0:00:00  Checking assertions in step 0..
SBY 17:04:33 [formal/decode_bmc] engine_0: ##   0:00:00  Status: passed
SBY 17:04:33 [formal/decode_prove] engine_0.basecase: ##   0:00:00  Checking assumptions in step 1..
SBY 17:04:33 [formal/decode_prove] engine_0.basecase: ##   0:00:00  Checking assertions in step 1..
SBY 17:04:33 [formal/decode_bmc] engine_0: finished (returncode=0)
SBY 17:04:33 [formal/decode_bmc] engine_0: Status returned by engine: pass
SBY 17:04:33 [formal/decode_bmc] summary: Elapsed clock time [H:MM:SS (secs)]: 0:00:00 (0)
SBY 17:04:33 [formal/decode_bmc] summary: Elapsed process time [H:MM:SS (secs)]: 0:00:00 (0)
SBY 17:04:33 [formal/decode_bmc] summary: engine_0 (smtbmc yices) returned pass
SBY 17:04:33 [formal/decode_bmc] summary: engine_0 did not produce any traces
SBY 17:04:33 [formal/decode_bmc] DONE (PASS, rc=0)
SBY 17:04:33 [formal/decode_prove] engine_0.basecase: ##   0:00:00  Status: passed
SBY 17:04:33 [formal/decode_prove] engine_0.basecase: finished (returncode=0)
SBY 17:04:33 [formal/decode_prove] engine_0.basecase: Status returned by engine for basecase: pass
SBY 17:04:33 [formal/decode_prove] engine_0.induction: ##   0:00:00  Solver: yices
SBY 17:04:33 [formal/decode_prove] engine_0.induction: ##   0:00:00  Trying induction in step 2..
SBY 17:04:33 [formal/decode_prove] engine_0.induction: ##   0:00:00  Temporal induction successful.
SBY 17:04:33 [formal/decode_prove] engine_0.induction: ##   0:00:00  Status: passed
SBY 17:04:33 [formal/decode_prove] engine_0.induction: finished (returncode=0)
SBY 17:04:33 [formal/decode_prove] engine_0.induction: Status returned by engine for induction: pass
SBY 17:04:33 [formal/decode_prove] summary: Elapsed clock time [H:MM:SS (secs)]: 0:00:00 (0)
SBY 17:04:33 [formal/decode_prove] summary: Elapsed process time [H:MM:SS (secs)]: 0:00:00 (0)
SBY 17:04:33 [formal/decode_prove] summary: engine_0 (smtbmc yices) returned pass for basecase
SBY 17:04:33 [formal/decode_prove] summary: engine_0 (smtbmc yices) returned pass for induction
SBY 17:04:33 [formal/decode_prove] summary: engine_0 did not produce any traces
SBY 17:04:33 [formal/decode_prove] summary: successful proof by k-induction.
SBY 17:04:33 [formal/decode_prove] DONE (PASS, rc=0)
