SBY 17:04:33 [formal/config_bmc] Removing directory '/home/jotshawlinux/Downloads/project2_cxl_validation/formal/config_bmc'.
SBY 17:04:33 [formal/config_bmc] Copy '/home/jotshawlinux/Downloads/project2_cxl_validation/rtl/csr/hdm_config.sv' to '/home/jotshawlinux/Downloads/project2_cxl_validation/formal/config_bmc/src/hdm_config.sv'.
SBY 17:04:33 [formal/config_bmc] Copy '/home/jotshawlinux/Downloads/project2_cxl_validation/formal/formal_config.sv' to '/home/jotshawlinux/Downloads/project2_cxl_validation/formal/config_bmc/src/formal_config.sv'.
SBY 17:04:33 [formal/config_bmc] engine_0: smtbmc yices
SBY 17:04:33 [formal/config_prove] Removing directory '/home/jotshawlinux/Downloads/project2_cxl_validation/formal/config_prove'.
SBY 17:04:33 [formal/config_prove] Copy '/home/jotshawlinux/Downloads/project2_cxl_validation/rtl/csr/hdm_config.sv' to '/home/jotshawlinux/Downloads/project2_cxl_validation/formal/config_prove/src/hdm_config.sv'.
SBY 17:04:33 [formal/config_prove] Copy '/home/jotshawlinux/Downloads/project2_cxl_validation/formal/formal_config.sv' to '/home/jotshawlinux/Downloads/project2_cxl_validation/formal/config_prove/src/formal_config.sv'.
SBY 17:04:33 [formal/config_prove] engine_0: smtbmc yices
SBY 17:04:33 [formal/config_bmc] base: starting process "cd formal/config_bmc/src; yosys -ql ../model/design.log ../model/design.ys"
SBY 17:04:33 [formal/config_prove] base: starting process "cd formal/config_prove/src; yosys -ql ../model/design.log ../model/design.ys"
SBY 17:04:33 [formal/config_bmc] base: Warning: Replacing memory \win_reason with list of registers. See hdm_config.sv:104
SBY 17:04:33 [formal/config_bmc] base: Warning: Replacing memory \act_dpa with list of registers. See hdm_config.sv:172
SBY 17:04:33 [formal/config_bmc] base: Warning: Replacing memory \act_size with list of registers. See hdm_config.sv:172
SBY 17:04:33 [formal/config_bmc] base: Warning: Replacing memory \act_base with list of registers. See hdm_config.sv:172
SBY 17:04:33 [formal/config_bmc] base: Warning: Replacing memory \act_en with list of registers. See hdm_config.sv:172
SBY 17:04:33 [formal/config_bmc] base: Warning: Replacing memory \sh_dpa with list of registers. See hdm_config.sv:171
SBY 17:04:33 [formal/config_bmc] base: Warning: Replacing memory \sh_size with list of registers. See hdm_config.sv:171
SBY 17:04:33 [formal/config_bmc] base: Warning: Replacing memory \sh_base with list of registers. See hdm_config.sv:171
SBY 17:04:33 [formal/config_bmc] base: Warning: Replacing memory \sh_en with list of registers. See hdm_config.sv:171
SBY 17:04:33 [formal/config_prove] base: Warning: Replacing memory \win_reason with list of registers. See hdm_config.sv:104
SBY 17:04:33 [formal/config_prove] base: Warning: Replacing memory \act_dpa with list of registers. See hdm_config.sv:172
SBY 17:04:33 [formal/config_prove] base: Warning: Replacing memory \act_size with list of registers. See hdm_config.sv:172
SBY 17:04:33 [formal/config_prove] base: Warning: Replacing memory \act_base with list of registers. See hdm_config.sv:172
SBY 17:04:33 [formal/config_prove] base: Warning: Replacing memory \act_en with list of registers. See hdm_config.sv:172
SBY 17:04:33 [formal/config_prove] base: Warning: Replacing memory \sh_dpa with list of registers. See hdm_config.sv:171
SBY 17:04:33 [formal/config_prove] base: Warning: Replacing memory \sh_size with list of registers. See hdm_config.sv:171
SBY 17:04:33 [formal/config_prove] base: Warning: Replacing memory \sh_base with list of registers. See hdm_config.sv:171
SBY 17:04:33 [formal/config_prove] base: Warning: Replacing memory \sh_en with list of registers. See hdm_config.sv:171
SBY 17:04:33 [formal/config_bmc] base: Warning: Wire formal_config.\cfg_update_req is used but has no driver.
SBY 17:04:33 [formal/config_bmc] base: Warning: Wire formal_config.\sh_cap_i [12] is used but has no driver.
SBY 17:04:33 [formal/config_bmc] base: Warning: Wire formal_config.\sh_cap_i [11] is used but has no driver.
SBY 17:04:33 [formal/config_bmc] base: Warning: Wire formal_config.\sh_cap_i [10] is used but has no driver.
SBY 17:04:33 [formal/config_bmc] base: Warning: Wire formal_config.\sh_cap_i [9] is used but has no driver.
SBY 17:04:33 [formal/config_bmc] base: Warning: Wire formal_config.\sh_cap_i [8] is used but has no driver.
SBY 17:04:33 [formal/config_bmc] base: Warning: Wire formal_config.\sh_cap_i [7] is used but has no driver.
SBY 17:04:33 [formal/config_bmc] base: Warning: Wire formal_config.\sh_cap_i [6] is used but has no driver.
SBY 17:04:33 [formal/config_bmc] base: Warning: Wire formal_config.\sh_cap_i [5] is used but has no driver.
SBY 17:04:33 [formal/config_bmc] base: Warning: Wire formal_config.\sh_cap_i [4] is used but has no driver.
SBY 17:04:33 [formal/config_bmc] base: Warning: Wire formal_config.\sh_cap_i [3] is used but has no driver.
SBY 17:04:33 [formal/config_bmc] base: Warning: Wire formal_config.\sh_cap_i [2] is used but has no driver.
SBY 17:04:33 [formal/config_bmc] base: Warning: Wire formal_config.\sh_cap_i [1] is used but has no driver.
SBY 17:04:33 [formal/config_bmc] base: Warning: Wire formal_config.\sh_cap_i [0] is used but has no driver.
SBY 17:04:33 [formal/config_bmc] base: Warning: Wire formal_config.\sh_cap_we is used but has no driver.
SBY 17:04:33 [formal/config_bmc] base: Warning: Wire formal_config.\sh_dpa_i [11] is used but has no driver.
SBY 17:04:33 [formal/config_bmc] base: Warning: Wire formal_config.\sh_dpa_i [10] is used but has no driver.
SBY 17:04:33 [formal/config_bmc] base: Warning: Wire formal_config.\sh_dpa_i [9] is used but has no driver.
SBY 17:04:33 [formal/config_bmc] base: Warning: Wire formal_config.\sh_dpa_i [8] is used but has no driver.
SBY 17:04:33 [formal/config_bmc] base: Warning: Wire formal_config.\sh_dpa_i [7] is used but has no driver.
SBY 17:04:33 [formal/config_bmc] base: Warning: Wire formal_config.\sh_dpa_i [6] is used but has no driver.
SBY 17:04:33 [formal/config_bmc] base: Warning: Wire formal_config.\sh_dpa_i [5] is used but has no driver.
SBY 17:04:33 [formal/config_bmc] base: Warning: Wire formal_config.\sh_dpa_i [4] is used but has no driver.
SBY 17:04:33 [formal/config_bmc] base: Warning: Wire formal_config.\sh_dpa_i [3] is used but has no driver.
SBY 17:04:33 [formal/config_bmc] base: Warning: Wire formal_config.\sh_dpa_i [2] is used but has no driver.
SBY 17:04:33 [formal/config_bmc] base: Warning: Wire formal_config.\sh_dpa_i [1] is used but has no driver.
SBY 17:04:33 [formal/config_bmc] base: Warning: Wire formal_config.\sh_dpa_i [0] is used but has no driver.
SBY 17:04:33 [formal/config_bmc] base: Warning: Wire formal_config.\sh_size_i [15] is used but has no driver.
SBY 17:04:33 [formal/config_bmc] base: Warning: Wire formal_config.\sh_size_i [14] is used but has no driver.
SBY 17:04:33 [formal/config_bmc] base: Warning: Wire formal_config.\sh_size_i [13] is used but has no driver.
SBY 17:04:33 [formal/config_bmc] base: Warning: Wire formal_config.\sh_size_i [12] is used but has no driver.
SBY 17:04:33 [formal/config_bmc] base: Warning: Wire formal_config.\sh_size_i [11] is used but has no driver.
SBY 17:04:33 [formal/config_bmc] base: Warning: Wire formal_config.\sh_size_i [10] is used but has no driver.
SBY 17:04:33 [formal/config_bmc] base: Warning: Wire formal_config.\sh_size_i [9] is used but has no driver.
SBY 17:04:33 [formal/config_bmc] base: Warning: Wire formal_config.\sh_size_i [8] is used but has no driver.
SBY 17:04:33 [formal/config_bmc] base: Warning: Wire formal_config.\sh_size_i [7] is used but has no driver.
SBY 17:04:33 [formal/config_bmc] base: Warning: Wire formal_config.\sh_size_i [6] is used but has no driver.
SBY 17:04:33 [formal/config_bmc] base: Warning: Wire formal_config.\sh_size_i [5] is used but has no driver.
SBY 17:04:33 [formal/config_bmc] base: Warning: Wire formal_config.\sh_size_i [4] is used but has no driver.
SBY 17:04:33 [formal/config_bmc] base: Warning: Wire formal_config.\sh_size_i [3] is used but has no driver.
SBY 17:04:33 [formal/config_bmc] base: Warning: Wire formal_config.\sh_size_i [2] is used but has no driver.
SBY 17:04:33 [formal/config_bmc] base: Warning: Wire formal_config.\sh_size_i [1] is used but has no driver.
SBY 17:04:33 [formal/config_bmc] base: Warning: Wire formal_config.\sh_size_i [0] is used but has no driver.
SBY 17:04:33 [formal/config_bmc] base: Warning: Wire formal_config.\sh_base_i [15] is used but has no driver.
SBY 17:04:33 [formal/config_bmc] base: Warning: Wire formal_config.\sh_base_i [14] is used but has no driver.
SBY 17:04:33 [formal/config_bmc] base: Warning: Wire formal_config.\sh_base_i [13] is used but has no driver.
SBY 17:04:33 [formal/config_bmc] base: Warning: Wire formal_config.\sh_base_i [12] is used but has no driver.
SBY 17:04:33 [formal/config_bmc] base: Warning: Wire formal_config.\sh_base_i [11] is used but has no driver.
SBY 17:04:33 [formal/config_bmc] base: Warning: Wire formal_config.\sh_base_i [10] is used but has no driver.
SBY 17:04:33 [formal/config_bmc] base: Warning: Wire formal_config.\sh_base_i [9] is used but has no driver.
SBY 17:04:33 [formal/config_bmc] base: Warning: Wire formal_config.\sh_base_i [8] is used but has no driver.
SBY 17:04:33 [formal/config_bmc] base: Warning: Wire formal_config.\sh_base_i [7] is used but has no driver.
SBY 17:04:33 [formal/config_bmc] base: Warning: Wire formal_config.\sh_base_i [6] is used but has no driver.
SBY 17:04:33 [formal/config_bmc] base: Warning: Wire formal_config.\sh_base_i [5] is used but has no driver.
SBY 17:04:33 [formal/config_bmc] base: Warning: Wire formal_config.\sh_base_i [4] is used but has no driver.
SBY 17:04:33 [formal/config_bmc] base: Warning: Wire formal_config.\sh_base_i [3] is used but has no driver.
SBY 17:04:33 [formal/config_bmc] base: Warning: Wire formal_config.\sh_base_i [2] is used but has no driver.
SBY 17:04:33 [formal/config_bmc] base: Warning: Wire formal_config.\sh_base_i [1] is used but has no driver.
SBY 17:04:33 [formal/config_bmc] base: Warning: Wire formal_config.\sh_base_i [0] is used but has no driver.
SBY 17:04:33 [formal/config_bmc] base: Warning: Wire formal_config.\sh_en_i is used but has no driver.
SBY 17:04:33 [formal/config_bmc] base: Warning: Wire formal_config.\sh_idx is used but has no driver.
SBY 17:04:33 [formal/config_bmc] base: Warning: Wire formal_config.\sh_we is used but has no driver.
SBY 17:04:33 [formal/config_bmc] base: Warning: Wire formal_config.\rst_n is used but has no driver.
SBY 17:04:33 [formal/config_bmc] base: Warning: Wire formal_config.\outstanding_cnt [2] is used but has no driver.
SBY 17:04:33 [formal/config_bmc] base: Warning: Wire formal_config.\outstanding_cnt [1] is used but has no driver.
SBY 17:04:33 [formal/config_bmc] base: Warning: Wire formal_config.\outstanding_cnt [0] is used but has no driver.
SBY 17:04:33 [formal/config_prove] base: Warning: Wire formal_config.\cfg_update_req is used but has no driver.
SBY 17:04:33 [formal/config_prove] base: Warning: Wire formal_config.\sh_cap_i [12] is used but has no driver.
SBY 17:04:33 [formal/config_prove] base: Warning: Wire formal_config.\sh_cap_i [11] is used but has no driver.
SBY 17:04:33 [formal/config_prove] base: Warning: Wire formal_config.\sh_cap_i [10] is used but has no driver.
SBY 17:04:33 [formal/config_prove] base: Warning: Wire formal_config.\sh_cap_i [9] is used but has no driver.
SBY 17:04:33 [formal/config_prove] base: Warning: Wire formal_config.\sh_cap_i [8] is used but has no driver.
SBY 17:04:33 [formal/config_prove] base: Warning: Wire formal_config.\sh_cap_i [7] is used but has no driver.
SBY 17:04:33 [formal/config_prove] base: Warning: Wire formal_config.\sh_cap_i [6] is used but has no driver.
SBY 17:04:33 [formal/config_prove] base: Warning: Wire formal_config.\sh_cap_i [5] is used but has no driver.
SBY 17:04:33 [formal/config_prove] base: Warning: Wire formal_config.\sh_cap_i [4] is used but has no driver.
SBY 17:04:33 [formal/config_prove] base: Warning: Wire formal_config.\sh_cap_i [3] is used but has no driver.
SBY 17:04:33 [formal/config_prove] base: Warning: Wire formal_config.\sh_cap_i [2] is used but has no driver.
SBY 17:04:33 [formal/config_prove] base: Warning: Wire formal_config.\sh_cap_i [1] is used but has no driver.
SBY 17:04:33 [formal/config_prove] base: Warning: Wire formal_config.\sh_cap_i [0] is used but has no driver.
SBY 17:04:33 [formal/config_prove] base: Warning: Wire formal_config.\sh_cap_we is used but has no driver.
SBY 17:04:33 [formal/config_prove] base: Warning: Wire formal_config.\sh_dpa_i [11] is used but has no driver.
SBY 17:04:33 [formal/config_prove] base: Warning: Wire formal_config.\sh_dpa_i [10] is used but has no driver.
SBY 17:04:33 [formal/config_prove] base: Warning: Wire formal_config.\sh_dpa_i [9] is used but has no driver.
SBY 17:04:33 [formal/config_prove] base: Warning: Wire formal_config.\sh_dpa_i [8] is used but has no driver.
SBY 17:04:33 [formal/config_prove] base: Warning: Wire formal_config.\sh_dpa_i [7] is used but has no driver.
SBY 17:04:33 [formal/config_prove] base: Warning: Wire formal_config.\sh_dpa_i [6] is used but has no driver.
SBY 17:04:33 [formal/config_prove] base: Warning: Wire formal_config.\sh_dpa_i [5] is used but has no driver.
SBY 17:04:33 [formal/config_prove] base: Warning: Wire formal_config.\sh_dpa_i [4] is used but has no driver.
SBY 17:04:33 [formal/config_prove] base: Warning: Wire formal_config.\sh_dpa_i [3] is used but has no driver.
SBY 17:04:33 [formal/config_prove] base: Warning: Wire formal_config.\sh_dpa_i [2] is used but has no driver.
SBY 17:04:33 [formal/config_prove] base: Warning: Wire formal_config.\sh_dpa_i [1] is used but has no driver.
SBY 17:04:33 [formal/config_prove] base: Warning: Wire formal_config.\sh_dpa_i [0] is used but has no driver.
SBY 17:04:33 [formal/config_prove] base: Warning: Wire formal_config.\sh_size_i [15] is used but has no driver.
SBY 17:04:33 [formal/config_prove] base: Warning: Wire formal_config.\sh_size_i [14] is used but has no driver.
SBY 17:04:33 [formal/config_prove] base: Warning: Wire formal_config.\sh_size_i [13] is used but has no driver.
SBY 17:04:33 [formal/config_prove] base: Warning: Wire formal_config.\sh_size_i [12] is used but has no driver.
SBY 17:04:33 [formal/config_prove] base: Warning: Wire formal_config.\sh_size_i [11] is used but has no driver.
SBY 17:04:33 [formal/config_prove] base: Warning: Wire formal_config.\sh_size_i [10] is used but has no driver.
SBY 17:04:33 [formal/config_prove] base: Warning: Wire formal_config.\sh_size_i [9] is used but has no driver.
SBY 17:04:33 [formal/config_prove] base: Warning: Wire formal_config.\sh_size_i [8] is used but has no driver.
SBY 17:04:33 [formal/config_prove] base: Warning: Wire formal_config.\sh_size_i [7] is used but has no driver.
SBY 17:04:33 [formal/config_prove] base: Warning: Wire formal_config.\sh_size_i [6] is used but has no driver.
SBY 17:04:33 [formal/config_prove] base: Warning: Wire formal_config.\sh_size_i [5] is used but has no driver.
SBY 17:04:33 [formal/config_prove] base: Warning: Wire formal_config.\sh_size_i [4] is used but has no driver.
SBY 17:04:33 [formal/config_prove] base: Warning: Wire formal_config.\sh_size_i [3] is used but has no driver.
SBY 17:04:33 [formal/config_prove] base: Warning: Wire formal_config.\sh_size_i [2] is used but has no driver.
SBY 17:04:33 [formal/config_prove] base: Warning: Wire formal_config.\sh_size_i [1] is used but has no driver.
SBY 17:04:33 [formal/config_prove] base: Warning: Wire formal_config.\sh_size_i [0] is used but has no driver.
SBY 17:04:33 [formal/config_prove] base: Warning: Wire formal_config.\sh_base_i [15] is used but has no driver.
SBY 17:04:33 [formal/config_prove] base: Warning: Wire formal_config.\sh_base_i [14] is used but has no driver.
SBY 17:04:33 [formal/config_prove] base: Warning: Wire formal_config.\sh_base_i [13] is used but has no driver.
SBY 17:04:33 [formal/config_prove] base: Warning: Wire formal_config.\sh_base_i [12] is used but has no driver.
SBY 17:04:33 [formal/config_prove] base: Warning: Wire formal_config.\sh_base_i [11] is used but has no driver.
SBY 17:04:33 [formal/config_prove] base: Warning: Wire formal_config.\sh_base_i [10] is used but has no driver.
SBY 17:04:33 [formal/config_prove] base: Warning: Wire formal_config.\sh_base_i [9] is used but has no driver.
SBY 17:04:33 [formal/config_prove] base: Warning: Wire formal_config.\sh_base_i [8] is used but has no driver.
SBY 17:04:33 [formal/config_prove] base: Warning: Wire formal_config.\sh_base_i [7] is used but has no driver.
SBY 17:04:33 [formal/config_prove] base: Warning: Wire formal_config.\sh_base_i [6] is used but has no driver.
SBY 17:04:33 [formal/config_prove] base: Warning: Wire formal_config.\sh_base_i [5] is used but has no driver.
SBY 17:04:33 [formal/config_prove] base: Warning: Wire formal_config.\sh_base_i [4] is used but has no driver.
SBY 17:04:33 [formal/config_prove] base: Warning: Wire formal_config.\sh_base_i [3] is used but has no driver.
SBY 17:04:33 [formal/config_prove] base: Warning: Wire formal_config.\sh_base_i [2] is used but has no driver.
SBY 17:04:33 [formal/config_prove] base: Warning: Wire formal_config.\sh_base_i [1] is used but has no driver.
SBY 17:04:33 [formal/config_prove] base: Warning: Wire formal_config.\sh_base_i [0] is used but has no driver.
SBY 17:04:33 [formal/config_prove] base: Warning: Wire formal_config.\sh_en_i is used but has no driver.
SBY 17:04:33 [formal/config_prove] base: Warning: Wire formal_config.\sh_idx is used but has no driver.
SBY 17:04:33 [formal/config_prove] base: Warning: Wire formal_config.\sh_we is used but has no driver.
SBY 17:04:33 [formal/config_prove] base: Warning: Wire formal_config.\rst_n is used but has no driver.
SBY 17:04:33 [formal/config_prove] base: Warning: Wire formal_config.\outstanding_cnt [2] is used but has no driver.
SBY 17:04:33 [formal/config_prove] base: Warning: Wire formal_config.\outstanding_cnt [1] is used but has no driver.
SBY 17:04:33 [formal/config_prove] base: Warning: Wire formal_config.\outstanding_cnt [0] is used but has no driver.
SBY 17:04:33 [formal/config_bmc] base: finished (returncode=0)
SBY 17:04:33 [formal/config_prove] base: finished (returncode=0)
SBY 17:04:33 [formal/config_bmc] prep: starting process "cd formal/config_bmc/model; yosys -ql design_prep.log design_prep.ys"
SBY 17:04:33 [formal/config_prove] prep: starting process "cd formal/config_prove/model; yosys -ql design_prep.log design_prep.ys"
SBY 17:04:33 [formal/config_bmc] prep: Warning: Wire formal_config.\sh_we is used but has no driver.
SBY 17:04:33 [formal/config_bmc] prep: Warning: Wire formal_config.\sh_size_i [15] is used but has no driver.
SBY 17:04:33 [formal/config_bmc] prep: Warning: Wire formal_config.\sh_size_i [14] is used but has no driver.
SBY 17:04:33 [formal/config_bmc] prep: Warning: Wire formal_config.\sh_size_i [13] is used but has no driver.
SBY 17:04:33 [formal/config_bmc] prep: Warning: Wire formal_config.\sh_size_i [12] is used but has no driver.
SBY 17:04:33 [formal/config_bmc] prep: Warning: Wire formal_config.\sh_size_i [11] is used but has no driver.
SBY 17:04:33 [formal/config_bmc] prep: Warning: Wire formal_config.\sh_size_i [10] is used but has no driver.
SBY 17:04:33 [formal/config_bmc] prep: Warning: Wire formal_config.\sh_size_i [9] is used but has no driver.
SBY 17:04:33 [formal/config_bmc] prep: Warning: Wire formal_config.\sh_size_i [8] is used but has no driver.
SBY 17:04:33 [formal/config_bmc] prep: Warning: Wire formal_config.\sh_size_i [7] is used but has no driver.
SBY 17:04:33 [formal/config_bmc] prep: Warning: Wire formal_config.\sh_size_i [6] is used but has no driver.
SBY 17:04:33 [formal/config_bmc] prep: Warning: Wire formal_config.\sh_size_i [5] is used but has no driver.
SBY 17:04:33 [formal/config_bmc] prep: Warning: Wire formal_config.\sh_size_i [4] is used but has no driver.
SBY 17:04:33 [formal/config_bmc] prep: Warning: Wire formal_config.\sh_size_i [3] is used but has no driver.
SBY 17:04:33 [formal/config_bmc] prep: Warning: Wire formal_config.\sh_size_i [2] is used but has no driver.
SBY 17:04:33 [formal/config_bmc] prep: Warning: Wire formal_config.\sh_size_i [1] is used but has no driver.
SBY 17:04:33 [formal/config_bmc] prep: Warning: Wire formal_config.\sh_size_i [0] is used but has no driver.
SBY 17:04:33 [formal/config_bmc] prep: Warning: Wire formal_config.\sh_idx is used but has no driver.
SBY 17:04:33 [formal/config_bmc] prep: Warning: Wire formal_config.\sh_en_i is used but has no driver.
SBY 17:04:33 [formal/config_bmc] prep: Warning: Wire formal_config.\sh_dpa_i [11] is used but has no driver.
SBY 17:04:33 [formal/config_bmc] prep: Warning: Wire formal_config.\sh_dpa_i [10] is used but has no driver.
SBY 17:04:33 [formal/config_bmc] prep: Warning: Wire formal_config.\sh_dpa_i [9] is used but has no driver.
SBY 17:04:33 [formal/config_bmc] prep: Warning: Wire formal_config.\sh_dpa_i [8] is used but has no driver.
SBY 17:04:33 [formal/config_bmc] prep: Warning: Wire formal_config.\sh_dpa_i [7] is used but has no driver.
SBY 17:04:33 [formal/config_bmc] prep: Warning: Wire formal_config.\sh_dpa_i [6] is used but has no driver.
SBY 17:04:33 [formal/config_bmc] prep: Warning: Wire formal_config.\sh_dpa_i [5] is used but has no driver.
SBY 17:04:33 [formal/config_bmc] prep: Warning: Wire formal_config.\sh_dpa_i [4] is used but has no driver.
SBY 17:04:33 [formal/config_bmc] prep: Warning: Wire formal_config.\sh_dpa_i [3] is used but has no driver.
SBY 17:04:33 [formal/config_bmc] prep: Warning: Wire formal_config.\sh_dpa_i [2] is used but has no driver.
SBY 17:04:33 [formal/config_bmc] prep: Warning: Wire formal_config.\sh_dpa_i [1] is used but has no driver.
SBY 17:04:33 [formal/config_bmc] prep: Warning: Wire formal_config.\sh_dpa_i [0] is used but has no driver.
SBY 17:04:33 [formal/config_bmc] prep: Warning: Wire formal_config.\sh_cap_we is used but has no driver.
SBY 17:04:33 [formal/config_bmc] prep: Warning: Wire formal_config.\sh_cap_i [12] is used but has no driver.
SBY 17:04:33 [formal/config_bmc] prep: Warning: Wire formal_config.\sh_cap_i [11] is used but has no driver.
SBY 17:04:33 [formal/config_bmc] prep: Warning: Wire formal_config.\sh_cap_i [10] is used but has no driver.
SBY 17:04:33 [formal/config_bmc] prep: Warning: Wire formal_config.\sh_cap_i [9] is used but has no driver.
SBY 17:04:33 [formal/config_bmc] prep: Warning: Wire formal_config.\sh_cap_i [8] is used but has no driver.
SBY 17:04:33 [formal/config_bmc] prep: Warning: Wire formal_config.\sh_cap_i [7] is used but has no driver.
SBY 17:04:33 [formal/config_bmc] prep: Warning: Wire formal_config.\sh_cap_i [6] is used but has no driver.
SBY 17:04:33 [formal/config_bmc] prep: Warning: Wire formal_config.\sh_cap_i [5] is used but has no driver.
SBY 17:04:33 [formal/config_bmc] prep: Warning: Wire formal_config.\sh_cap_i [4] is used but has no driver.
SBY 17:04:33 [formal/config_bmc] prep: Warning: Wire formal_config.\sh_cap_i [3] is used but has no driver.
SBY 17:04:33 [formal/config_bmc] prep: Warning: Wire formal_config.\sh_cap_i [2] is used but has no driver.
SBY 17:04:33 [formal/config_bmc] prep: Warning: Wire formal_config.\sh_cap_i [1] is used but has no driver.
SBY 17:04:33 [formal/config_bmc] prep: Warning: Wire formal_config.\sh_cap_i [0] is used but has no driver.
SBY 17:04:33 [formal/config_bmc] prep: Warning: Wire formal_config.\sh_base_i [15] is used but has no driver.
SBY 17:04:33 [formal/config_bmc] prep: Warning: Wire formal_config.\sh_base_i [14] is used but has no driver.
SBY 17:04:33 [formal/config_bmc] prep: Warning: Wire formal_config.\sh_base_i [13] is used but has no driver.
SBY 17:04:33 [formal/config_bmc] prep: Warning: Wire formal_config.\sh_base_i [12] is used but has no driver.
SBY 17:04:33 [formal/config_bmc] prep: Warning: Wire formal_config.\sh_base_i [11] is used but has no driver.
SBY 17:04:33 [formal/config_bmc] prep: Warning: Wire formal_config.\sh_base_i [10] is used but has no driver.
SBY 17:04:33 [formal/config_bmc] prep: Warning: Wire formal_config.\sh_base_i [9] is used but has no driver.
SBY 17:04:33 [formal/config_bmc] prep: Warning: Wire formal_config.\sh_base_i [8] is used but has no driver.
SBY 17:04:33 [formal/config_bmc] prep: Warning: Wire formal_config.\sh_base_i [7] is used but has no driver.
SBY 17:04:33 [formal/config_bmc] prep: Warning: Wire formal_config.\sh_base_i [6] is used but has no driver.
SBY 17:04:33 [formal/config_bmc] prep: Warning: Wire formal_config.\sh_base_i [5] is used but has no driver.
SBY 17:04:33 [formal/config_bmc] prep: Warning: Wire formal_config.\sh_base_i [4] is used but has no driver.
SBY 17:04:33 [formal/config_bmc] prep: Warning: Wire formal_config.\sh_base_i [3] is used but has no driver.
SBY 17:04:33 [formal/config_bmc] prep: Warning: Wire formal_config.\sh_base_i [2] is used but has no driver.
SBY 17:04:33 [formal/config_bmc] prep: Warning: Wire formal_config.\sh_base_i [1] is used but has no driver.
SBY 17:04:33 [formal/config_bmc] prep: Warning: Wire formal_config.\sh_base_i [0] is used but has no driver.
SBY 17:04:33 [formal/config_bmc] prep: Warning: Wire formal_config.\cfg_update_req is used but has no driver.
SBY 17:04:33 [formal/config_bmc] prep: Warning: Wire formal_config.\rst_n is used but has no driver.
SBY 17:04:33 [formal/config_bmc] prep: Warning: Wire formal_config.\outstanding_cnt [2] is used but has no driver.
SBY 17:04:33 [formal/config_bmc] prep: Warning: Wire formal_config.\outstanding_cnt [1] is used but has no driver.
SBY 17:04:33 [formal/config_bmc] prep: Warning: Wire formal_config.\outstanding_cnt [0] is used but has no driver.
SBY 17:04:33 [formal/config_prove] prep: Warning: Wire formal_config.\sh_we is used but has no driver.
SBY 17:04:33 [formal/config_prove] prep: Warning: Wire formal_config.\sh_size_i [15] is used but has no driver.
SBY 17:04:33 [formal/config_prove] prep: Warning: Wire formal_config.\sh_size_i [14] is used but has no driver.
SBY 17:04:33 [formal/config_prove] prep: Warning: Wire formal_config.\sh_size_i [13] is used but has no driver.
SBY 17:04:33 [formal/config_prove] prep: Warning: Wire formal_config.\sh_size_i [12] is used but has no driver.
SBY 17:04:33 [formal/config_prove] prep: Warning: Wire formal_config.\sh_size_i [11] is used but has no driver.
SBY 17:04:33 [formal/config_prove] prep: Warning: Wire formal_config.\sh_size_i [10] is used but has no driver.
SBY 17:04:33 [formal/config_prove] prep: Warning: Wire formal_config.\sh_size_i [9] is used but has no driver.
SBY 17:04:33 [formal/config_prove] prep: Warning: Wire formal_config.\sh_size_i [8] is used but has no driver.
SBY 17:04:33 [formal/config_prove] prep: Warning: Wire formal_config.\sh_size_i [7] is used but has no driver.
SBY 17:04:33 [formal/config_prove] prep: Warning: Wire formal_config.\sh_size_i [6] is used but has no driver.
SBY 17:04:33 [formal/config_prove] prep: Warning: Wire formal_config.\sh_size_i [5] is used but has no driver.
SBY 17:04:33 [formal/config_prove] prep: Warning: Wire formal_config.\sh_size_i [4] is used but has no driver.
SBY 17:04:33 [formal/config_prove] prep: Warning: Wire formal_config.\sh_size_i [3] is used but has no driver.
SBY 17:04:33 [formal/config_prove] prep: Warning: Wire formal_config.\sh_size_i [2] is used but has no driver.
SBY 17:04:33 [formal/config_prove] prep: Warning: Wire formal_config.\sh_size_i [1] is used but has no driver.
SBY 17:04:33 [formal/config_prove] prep: Warning: Wire formal_config.\sh_size_i [0] is used but has no driver.
SBY 17:04:33 [formal/config_prove] prep: Warning: Wire formal_config.\sh_idx is used but has no driver.
SBY 17:04:33 [formal/config_prove] prep: Warning: Wire formal_config.\sh_en_i is used but has no driver.
SBY 17:04:33 [formal/config_prove] prep: Warning: Wire formal_config.\sh_dpa_i [11] is used but has no driver.
SBY 17:04:33 [formal/config_prove] prep: Warning: Wire formal_config.\sh_dpa_i [10] is used but has no driver.
SBY 17:04:33 [formal/config_prove] prep: Warning: Wire formal_config.\sh_dpa_i [9] is used but has no driver.
SBY 17:04:33 [formal/config_prove] prep: Warning: Wire formal_config.\sh_dpa_i [8] is used but has no driver.
SBY 17:04:33 [formal/config_prove] prep: Warning: Wire formal_config.\sh_dpa_i [7] is used but has no driver.
SBY 17:04:33 [formal/config_prove] prep: Warning: Wire formal_config.\sh_dpa_i [6] is used but has no driver.
SBY 17:04:33 [formal/config_prove] prep: Warning: Wire formal_config.\sh_dpa_i [5] is used but has no driver.
SBY 17:04:33 [formal/config_prove] prep: Warning: Wire formal_config.\sh_dpa_i [4] is used but has no driver.
SBY 17:04:33 [formal/config_prove] prep: Warning: Wire formal_config.\sh_dpa_i [3] is used but has no driver.
SBY 17:04:33 [formal/config_prove] prep: Warning: Wire formal_config.\sh_dpa_i [2] is used but has no driver.
SBY 17:04:33 [formal/config_prove] prep: Warning: Wire formal_config.\sh_dpa_i [1] is used but has no driver.
SBY 17:04:33 [formal/config_prove] prep: Warning: Wire formal_config.\sh_dpa_i [0] is used but has no driver.
SBY 17:04:33 [formal/config_prove] prep: Warning: Wire formal_config.\sh_cap_we is used but has no driver.
SBY 17:04:33 [formal/config_prove] prep: Warning: Wire formal_config.\sh_cap_i [12] is used but has no driver.
SBY 17:04:33 [formal/config_prove] prep: Warning: Wire formal_config.\sh_cap_i [11] is used but has no driver.
SBY 17:04:33 [formal/config_prove] prep: Warning: Wire formal_config.\sh_cap_i [10] is used but has no driver.
SBY 17:04:33 [formal/config_prove] prep: Warning: Wire formal_config.\sh_cap_i [9] is used but has no driver.
SBY 17:04:33 [formal/config_prove] prep: Warning: Wire formal_config.\sh_cap_i [8] is used but has no driver.
SBY 17:04:33 [formal/config_prove] prep: Warning: Wire formal_config.\sh_cap_i [7] is used but has no driver.
SBY 17:04:33 [formal/config_prove] prep: Warning: Wire formal_config.\sh_cap_i [6] is used but has no driver.
SBY 17:04:33 [formal/config_prove] prep: Warning: Wire formal_config.\sh_cap_i [5] is used but has no driver.
SBY 17:04:33 [formal/config_prove] prep: Warning: Wire formal_config.\sh_cap_i [4] is used but has no driver.
SBY 17:04:33 [formal/config_prove] prep: Warning: Wire formal_config.\sh_cap_i [3] is used but has no driver.
SBY 17:04:33 [formal/config_prove] prep: Warning: Wire formal_config.\sh_cap_i [2] is used but has no driver.
SBY 17:04:33 [formal/config_prove] prep: Warning: Wire formal_config.\sh_cap_i [1] is used but has no driver.
SBY 17:04:33 [formal/config_prove] prep: Warning: Wire formal_config.\sh_cap_i [0] is used but has no driver.
SBY 17:04:33 [formal/config_prove] prep: Warning: Wire formal_config.\sh_base_i [15] is used but has no driver.
SBY 17:04:33 [formal/config_prove] prep: Warning: Wire formal_config.\sh_base_i [14] is used but has no driver.
SBY 17:04:33 [formal/config_prove] prep: Warning: Wire formal_config.\sh_base_i [13] is used but has no driver.
SBY 17:04:33 [formal/config_prove] prep: Warning: Wire formal_config.\sh_base_i [12] is used but has no driver.
SBY 17:04:33 [formal/config_prove] prep: Warning: Wire formal_config.\sh_base_i [11] is used but has no driver.
SBY 17:04:33 [formal/config_prove] prep: Warning: Wire formal_config.\sh_base_i [10] is used but has no driver.
SBY 17:04:33 [formal/config_prove] prep: Warning: Wire formal_config.\sh_base_i [9] is used but has no driver.
SBY 17:04:33 [formal/config_prove] prep: Warning: Wire formal_config.\sh_base_i [8] is used but has no driver.
SBY 17:04:33 [formal/config_prove] prep: Warning: Wire formal_config.\sh_base_i [7] is used but has no driver.
SBY 17:04:33 [formal/config_prove] prep: Warning: Wire formal_config.\sh_base_i [6] is used but has no driver.
SBY 17:04:33 [formal/config_prove] prep: Warning: Wire formal_config.\sh_base_i [5] is used but has no driver.
SBY 17:04:33 [formal/config_prove] prep: Warning: Wire formal_config.\sh_base_i [4] is used but has no driver.
SBY 17:04:33 [formal/config_prove] prep: Warning: Wire formal_config.\sh_base_i [3] is used but has no driver.
SBY 17:04:33 [formal/config_prove] prep: Warning: Wire formal_config.\sh_base_i [2] is used but has no driver.
SBY 17:04:33 [formal/config_prove] prep: Warning: Wire formal_config.\sh_base_i [1] is used but has no driver.
SBY 17:04:33 [formal/config_prove] prep: Warning: Wire formal_config.\sh_base_i [0] is used but has no driver.
SBY 17:04:33 [formal/config_prove] prep: Warning: Wire formal_config.\cfg_update_req is used but has no driver.
SBY 17:04:33 [formal/config_prove] prep: Warning: Wire formal_config.\rst_n is used but has no driver.
SBY 17:04:33 [formal/config_prove] prep: Warning: Wire formal_config.\outstanding_cnt [2] is used but has no driver.
SBY 17:04:33 [formal/config_prove] prep: Warning: Wire formal_config.\outstanding_cnt [1] is used but has no driver.
SBY 17:04:33 [formal/config_prove] prep: Warning: Wire formal_config.\outstanding_cnt [0] is used but has no driver.
SBY 17:04:33 [formal/config_bmc] prep: finished (returncode=0)
SBY 17:04:33 [formal/config_bmc] smt2: starting process "cd formal/config_bmc/model; yosys -ql design_smt2.log design_smt2.ys"
SBY 17:04:33 [formal/config_prove] prep: finished (returncode=0)
SBY 17:04:33 [formal/config_prove] smt2: starting process "cd formal/config_prove/model; yosys -ql design_smt2.log design_smt2.ys"
SBY 17:04:33 [formal/config_bmc] smt2: finished (returncode=0)
SBY 17:04:33 [formal/config_bmc] engine_0: starting process "cd formal/config_bmc; yosys-smtbmc -s yices --presat --unroll --noprogress -t 8  --append 0 --dump-vcd engine_0/trace.vcd --dump-yw engine_0/trace.yw --dump-vlogtb engine_0/trace_tb.v --dump-smtc engine_0/trace.smtc model/design_smt2.smt2"
SBY 17:04:33 [formal/config_prove] smt2: finished (returncode=0)
SBY 17:04:33 [formal/config_prove] engine_0.basecase: starting process "cd formal/config_prove; yosys-smtbmc -s yices --presat --unroll --noprogress -t 8  --append 0 --dump-vcd engine_0/trace.vcd --dump-yw engine_0/trace.yw --dump-vlogtb engine_0/trace_tb.v --dump-smtc engine_0/trace.smtc model/design_smt2.smt2"
SBY 17:04:33 [formal/config_bmc] engine_0: ##   0:00:00  Solver: yices
SBY 17:04:33 [formal/config_prove] engine_0.induction: starting process "cd formal/config_prove; yosys-smtbmc -s yices --presat --unroll -i --noprogress -t 8  --append 0 --dump-vcd engine_0/trace_induct.vcd --dump-yw engine_0/trace_induct.yw --dump-vlogtb engine_0/trace_induct_tb.v --dump-smtc engine_0/trace_induct.smtc model/design_smt2.smt2"
SBY 17:04:33 [formal/config_prove] engine_0.basecase: ##   0:00:00  Solver: yices
SBY 17:04:33 [formal/config_bmc] engine_0: ##   0:00:00  Checking assumptions in step 0..
SBY 17:04:33 [formal/config_bmc] engine_0: ##   0:00:00  Checking assertions in step 0..
SBY 17:04:33 [formal/config_prove] engine_0.basecase: ##   0:00:00  Checking assumptions in step 0..
SBY 17:04:33 [formal/config_prove] engine_0.basecase: ##   0:00:00  Checking assertions in step 0..
SBY 17:04:33 [formal/config_bmc] engine_0: ##   0:00:00  Checking assumptions in step 1..
SBY 17:04:33 [formal/config_bmc] engine_0: ##   0:00:00  Checking assertions in step 1..
SBY 17:04:33 [formal/config_prove] engine_0.basecase: ##   0:00:00  Checking assumptions in step 1..
SBY 17:04:33 [formal/config_prove] engine_0.basecase: ##   0:00:00  Checking assertions in step 1..
SBY 17:04:33 [formal/config_bmc] engine_0: ##   0:00:00  Checking assumptions in step 2..
SBY 17:04:33 [formal/config_bmc] engine_0: ##   0:00:00  Checking assertions in step 2..
SBY 17:04:33 [formal/config_prove] engine_0.basecase: ##   0:00:00  Checking assumptions in step 2..
SBY 17:04:33 [formal/config_prove] engine_0.basecase: ##   0:00:00  Checking assertions in step 2..
SBY 17:04:33 [formal/config_bmc] engine_0: ##   0:00:00  Checking assumptions in step 3..
SBY 17:04:33 [formal/config_bmc] engine_0: ##   0:00:00  Checking assertions in step 3..
SBY 17:04:33 [formal/config_prove] engine_0.basecase: ##   0:00:00  Checking assumptions in step 3..
SBY 17:04:33 [formal/config_prove] engine_0.basecase: ##   0:00:00  Checking assertions in step 3..
SBY 17:04:33 [formal/config_bmc] engine_0: ##   0:00:00  Checking assumptions in step 4..
SBY 17:04:33 [formal/config_bmc] engine_0: ##   0:00:00  Checking assertions in step 4..
SBY 17:04:33 [formal/config_prove] engine_0.induction: ##   0:00:00  Solver: yices
SBY 17:04:33 [formal/config_prove] engine_0.basecase: ##   0:00:00  Checking assumptions in step 4..
SBY 17:04:33 [formal/config_prove] engine_0.basecase: ##   0:00:00  Checking assertions in step 4..
SBY 17:04:33 [formal/config_bmc] engine_0: ##   0:00:00  Checking assumptions in step 5..
SBY 17:04:33 [formal/config_bmc] engine_0: ##   0:00:00  Checking assertions in step 5..
SBY 17:04:33 [formal/config_prove] engine_0.basecase: ##   0:00:00  Checking assumptions in step 5..
SBY 17:04:33 [formal/config_prove] engine_0.basecase: ##   0:00:00  Checking assertions in step 5..
SBY 17:04:33 [formal/config_bmc] engine_0: ##   0:00:00  Checking assumptions in step 6..
SBY 17:04:33 [formal/config_bmc] engine_0: ##   0:00:00  Checking assertions in step 6..
SBY 17:04:33 [formal/config_prove] engine_0.induction: ##   0:00:00  Trying induction in step 8..
SBY 17:04:33 [formal/config_prove] engine_0.basecase: ##   0:00:00  Checking assumptions in step 6..
SBY 17:04:33 [formal/config_prove] engine_0.basecase: ##   0:00:00  Checking assertions in step 6..
SBY 17:04:33 [formal/config_bmc] engine_0: ##   0:00:00  Checking assumptions in step 7..
SBY 17:04:33 [formal/config_prove] engine_0.induction: ##   0:00:00  Trying induction in step 7..
SBY 17:04:33 [formal/config_bmc] engine_0: ##   0:00:00  Checking assertions in step 7..
SBY 17:04:33 [formal/config_prove] engine_0.basecase: ##   0:00:00  Checking assumptions in step 7..
SBY 17:04:33 [formal/config_bmc] engine_0: ##   0:00:00  Status: passed
SBY 17:04:33 [formal/config_prove] engine_0.basecase: ##   0:00:00  Checking assertions in step 7..
SBY 17:04:33 [formal/config_prove] engine_0.induction: ##   0:00:00  Trying induction in step 6..
SBY 17:04:33 [formal/config_prove] engine_0.induction: ##   0:00:00  Temporal induction successful.
SBY 17:04:33 [formal/config_prove] engine_0.induction: ##   0:00:00  Status: passed
SBY 17:04:33 [formal/config_prove] engine_0.basecase: ##   0:00:00  Status: passed
SBY 17:04:33 [formal/config_bmc] engine_0: finished (returncode=0)
SBY 17:04:33 [formal/config_bmc] engine_0: Status returned by engine: pass
SBY 17:04:33 [formal/config_bmc] summary: Elapsed clock time [H:MM:SS (secs)]: 0:00:00 (0)
SBY 17:04:33 [formal/config_bmc] summary: Elapsed process time [H:MM:SS (secs)]: 0:00:00 (0)
SBY 17:04:33 [formal/config_bmc] summary: engine_0 (smtbmc yices) returned pass
SBY 17:04:33 [formal/config_bmc] summary: engine_0 did not produce any traces
SBY 17:04:33 [formal/config_bmc] DONE (PASS, rc=0)
SBY 17:04:33 [formal/config_prove] engine_0.induction: finished (returncode=0)
SBY 17:04:33 [formal/config_prove] engine_0.induction: Status returned by engine for induction: pass
SBY 17:04:33 [formal/config_prove] engine_0.basecase: finished (returncode=0)
SBY 17:04:33 [formal/config_prove] engine_0.basecase: Status returned by engine for basecase: pass
SBY 17:04:33 [formal/config_prove] summary: Elapsed clock time [H:MM:SS (secs)]: 0:00:00 (0)
SBY 17:04:33 [formal/config_prove] summary: Elapsed process time [H:MM:SS (secs)]: 0:00:00 (0)
SBY 17:04:33 [formal/config_prove] summary: engine_0 (smtbmc yices) returned pass for basecase
SBY 17:04:33 [formal/config_prove] summary: engine_0 (smtbmc yices) returned pass for induction
SBY 17:04:33 [formal/config_prove] summary: engine_0 did not produce any traces
SBY 17:04:33 [formal/config_prove] summary: successful proof by k-induction.
SBY 17:04:33 [formal/config_prove] DONE (PASS, rc=0)
