%Warning-TIMESCALEMOD: rtl/interfaces/cxl_types_pkg.sv:13:9: Timescale missing on this module as other modules have it (IEEE 1800-2017 3.14.2.3)
   13 | package cxl_types_pkg;
      |         ^~~~~~~~~~~~~
                       tb/sv/tb_hdm_config.sv:18:8: ... Location of module with timescale
   18 | module tb_hdm_config;
      |        ^~~~~~~~~~~~~
                       ... For warning description see https://verilator.org/warn/TIMESCALEMOD?v=5.020
                       ... Use "/* verilator lint_off TIMESCALEMOD */" and lint_on around source to disable this message.
%Warning-TIMESCALEMOD: rtl/csr/hdm_config.sv:21:8: Timescale missing on this module as other modules have it (IEEE 1800-2017 3.14.2.3)
   21 | module hdm_config #(
      |        ^~~~~~~~~~
                       tb/sv/tb_hdm_config.sv:18:8: ... Location of module with timescale
   18 | module tb_hdm_config;
      |        ^~~~~~~~~~~~~
make: Entering directory '/home/jotshawlinux/Downloads/project2_cxl_validation/sim/verilator/obj_tb_hdm_config_1w_32x24'
g++ -Os  -I.  -MMD -I/usr/share/verilator/include -I/usr/share/verilator/include/vltstd -DVM_COVERAGE=0 -DVM_SC=0 -DVM_TRACE=0 -DVM_TRACE_FST=0 -DVM_TRACE_VCD=0 -faligned-new -fcf-protection=none -Wno-bool-operation -Wno-overloaded-virtual -Wno-shadow -Wno-sign-compare -Wno-uninitialized -Wno-unused-but-set-parameter -Wno-unused-but-set-variable -Wno-unused-parameter -Wno-unused-variable     -DVL_TIME_CONTEXT   -fcoroutines -c -o verilated.o /usr/share/verilator/include/verilated.cpp
g++ -Os  -I.  -MMD -I/usr/share/verilator/include -I/usr/share/verilator/include/vltstd -DVM_COVERAGE=0 -DVM_SC=0 -DVM_TRACE=0 -DVM_TRACE_FST=0 -DVM_TRACE_VCD=0 -faligned-new -fcf-protection=none -Wno-bool-operation -Wno-overloaded-virtual -Wno-shadow -Wno-sign-compare -Wno-uninitialized -Wno-unused-but-set-parameter -Wno-unused-but-set-variable -Wno-unused-parameter -Wno-unused-variable     -DVL_TIME_CONTEXT   -fcoroutines -c -o verilated_timing.o /usr/share/verilator/include/verilated_timing.cpp
g++ -Os  -I.  -MMD -I/usr/share/verilator/include -I/usr/share/verilator/include/vltstd -DVM_COVERAGE=0 -DVM_SC=0 -DVM_TRACE=0 -DVM_TRACE_FST=0 -DVM_TRACE_VCD=0 -faligned-new -fcf-protection=none -Wno-bool-operation -Wno-overloaded-virtual -Wno-shadow -Wno-sign-compare -Wno-uninitialized -Wno-unused-but-set-parameter -Wno-unused-but-set-variable -Wno-unused-parameter -Wno-unused-variable     -DVL_TIME_CONTEXT   -fcoroutines -c -o verilated_threads.o /usr/share/verilator/include/verilated_threads.cpp
/usr/bin/python3 /usr/share/verilator/bin/verilator_includer -DVL_INCLUDE_OPT=include Vtb_hdm_config.cpp Vtb_hdm_config___024root__DepSet_hebf5cbfd__0.cpp Vtb_hdm_config___024root__DepSet_h4ddc5c9c__0.cpp Vtb_hdm_config__main.cpp Vtb_hdm_config___024root__Slow.cpp Vtb_hdm_config___024root__DepSet_hebf5cbfd__0__Slow.cpp Vtb_hdm_config___024root__DepSet_h4ddc5c9c__0__Slow.cpp Vtb_hdm_config__Syms.cpp > Vtb_hdm_config__ALL.cpp
g++ -Os  -I.  -MMD -I/usr/share/verilator/include -I/usr/share/verilator/include/vltstd -DVM_COVERAGE=0 -DVM_SC=0 -DVM_TRACE=0 -DVM_TRACE_FST=0 -DVM_TRACE_VCD=0 -faligned-new -fcf-protection=none -Wno-bool-operation -Wno-overloaded-virtual -Wno-shadow -Wno-sign-compare -Wno-uninitialized -Wno-unused-but-set-parameter -Wno-unused-but-set-variable -Wno-unused-parameter -Wno-unused-variable     -DVL_TIME_CONTEXT   -fcoroutines -c -o Vtb_hdm_config__ALL.o Vtb_hdm_config__ALL.cpp
echo "" > Vtb_hdm_config__ALL.verilator_deplist.tmp
Archive ar -rcs Vtb_hdm_config__ALL.a Vtb_hdm_config__ALL.o
g++     verilated.o verilated_timing.o verilated_threads.o Vtb_hdm_config__ALL.a    -pthread -lpthread -latomic   -o Vtb_hdm_config
rm Vtb_hdm_config__ALL.verilator_deplist.tmp
make: Leaving directory '/home/jotshawlinux/Downloads/project2_cxl_validation/sim/verilator/obj_tb_hdm_config_1w_32x24'
