
****** xsim v2025.2 (64-bit)
  **** SW Build 6299465 on Fri Nov 14 12:34:56 MST 2025
  **** IP Build 6300035 on Fri Nov 14 10:48:45 MST 2025
  **** SharedData Build 6298862 on Thu Nov 13 04:50:51 MST 2025
  **** Start of session at: Thu Jul 16 17:06:04 2026
    ** Copyright 1986-2022 Xilinx, Inc. All Rights Reserved.
    ** Copyright 2022-2025 Advanced Micro Devices, Inc. All Rights Reserved.

source xsim.dir/cfg_snap/xsim_script.tcl
# xsim {cfg_snap} -testplusarg VEC=cfg_red.vec -autoloadwcfg -runall
Time resolution is 1 ps
run -all
=== tb_hdm_config file=cfg_red.vec vectors=400 ===
[pass] D1 freeze->drain->commit (epoch 1)
[pass] D1 reopens after commit
[pass] D2 invalid config rejected immediately, active unchanged
[pass] D3 no commit-vs-request race; commit only after drain (epoch 2)
=== checks=414 errors=0 ===
TB_RESULT: PASS
$finish called at time : 36440 ns : File "/home/jotshawlinux/Downloads/project2_cxl_validation/tb/sv/tb_hdm_config.sv" Line 214
exit
INFO: xsimkernel Simulation Memory Usage: 279712 KB (Peak: 336276 KB), Simulation CPU Usage: 650 ms
INFO: [Common 17-206] Exiting xsim at Thu Jul 16 17:06:06 2026...
