
 /----------------------------------------------------------------------------\
 |  yosys -- Yosys Open SYnthesis Suite                                       |
 |  Copyright (C) 2012 - 2026  Claire Xenia Wolf <claire@yosyshq.com>         |
 |  Distributed under an ISC-like license, type "license" to see terms        |
 \----------------------------------------------------------------------------/
 Yosys 0.67+40 (git sha1 45ea2b8d6-dirty, Release, Clang /usr/bin/clang++ 18.1.8)

-- Executing script file `design_smt2.ys' --

1. Executing RTLIL frontend.
Input filename: design_prep.il

2. Executing HIERARCHY pass (managing design hierarchy).
Attribute `top' found on module `formal_config'. Setting top module to formal_config.

2.1. Analyzing design hierarchy..
Top module:  \formal_config
Used module:     $paramod$eb111459d11e1ce0b7c6e2008e1b1d29fe47f5fc\hdm_config

2.2. Analyzing design hierarchy..
Top module:  \formal_config
Used module:     $paramod$eb111459d11e1ce0b7c6e2008e1b1d29fe47f5fc\hdm_config
Removed 0 unused modules.
Module formal_config directly or indirectly contains formal properties -> setting "keep" attribute.

3. Executing FORMALFF pass.

4. Executing DFFUNMAP pass (unmap clock enable and synchronous reset from FFs).

5. Printing statistics.

=== $paramod$eb111459d11e1ce0b7c6e2008e1b1d29fe47f5fc\hdm_config ===

        +----------Local Count, excluding submodules.
        | 
      251 wires
     2092 wire bits
      104 public wires
      999 public wire bits
       27 ports
      199 port bits
      228 cells
        5   $add
       34   $anyinit
        1   $assume
        2   $eq
        6   $gt
        3   $logic_and
        5   $logic_not
        2   $lt
      154   $mux
        1   $not
        4   $pmux
       10   $reduce_bool
        1   $reduce_or

=== formal_config ===

        +----------Local Count, excluding submodules.
        | 
       66 wires
      239 wire bits
       29 public wires
      202 public wire bits
        1 ports
        1 port bits
       70 cells
        2   $anyinit
       18   $anyseq
        2   $assume
       11   $cover
        4   $eq
       12   $ff
        1   $initstate
       13   $logic_and
        3   $logic_not
        2   $not
        2   $reduce_bool
        1 submodules
        1   $paramod$eb111459d11e1ce0b7c6e2008e1b1d29fe47f5fc\hdm_config

=== design hierarchy ===

        +----------Count including submodules.
        | 
      298 formal_config
      228 $paramod$eb111459d11e1ce0b7c6e2008e1b1d29fe47f5fc\hdm_config

        +----------Count including submodules.
        | 
      317 wires
     2331 wire bits
      133 public wires
     1201 public wire bits
       28 ports
      200 port bits
        - memories
        - memory bits
        - processes
      298 cells
        5   $add
       36   $anyinit
       18   $anyseq
        3   $assume
       11   $cover
        6   $eq
       12   $ff
        6   $gt
        1   $initstate
       16   $logic_and
        8   $logic_not
        2   $lt
      154   $mux
        3   $not
        4   $pmux
       12   $reduce_bool
        1   $reduce_or
        1 submodules
        1   $paramod$eb111459d11e1ce0b7c6e2008e1b1d29fe47f5fc\hdm_config

6. Executing SMT2 backend.

6.1. Executing BMUXMAP pass.

6.2. Executing DEMUXMAP pass.
Creating SMT-LIBv2 representation of module $paramod$eb111459d11e1ce0b7c6e2008e1b1d29fe47f5fc\hdm_config.
Creating SMT-LIBv2 representation of module formal_config.

End of script. Logfile hash: 50765aa15e, time: 0.01s, user: 0.01s, system: 0.00s, MEM: 18.53 MB peak
Yosys 0.67+40 (git sha1 45ea2b8d6-dirty, Release, Clang /usr/bin/clang++ 18.1.8)
Time spent: 77% 2x write_smt2 (0 sec), 13% 2x read_rtlil (0 sec), ...
