
 /----------------------------------------------------------------------------\
 |  yosys -- Yosys Open SYnthesis Suite                                       |
 |  Copyright (C) 2012 - 2026  Claire Xenia Wolf <claire@yosyshq.com>         |
 |  Distributed under an ISC-like license, type "license" to see terms        |
 \----------------------------------------------------------------------------/
 Yosys 0.67+40 (git sha1 45ea2b8d6-dirty, Release, Clang /usr/bin/clang++ 18.1.8)

-- Executing script file `design_smt2.ys' --

1. Executing RTLIL frontend.
Input filename: design_prep.il

2. Executing HIERARCHY pass (managing design hierarchy).
Attribute `top' found on module `formal_tracker'. Setting top module to formal_tracker.

2.1. Analyzing design hierarchy..
Top module:  \formal_tracker
Used module:     $paramod$f1aaffd5bee138d36e2c2369e2655d0810a8b8a2\outstanding_tracker

2.2. Analyzing design hierarchy..
Top module:  \formal_tracker
Used module:     $paramod$f1aaffd5bee138d36e2c2369e2655d0810a8b8a2\outstanding_tracker
Removed 0 unused modules.
Module formal_tracker directly or indirectly contains formal properties -> setting "keep" attribute.

3. Executing FORMALFF pass.

4. Executing DFFUNMAP pass (unmap clock enable and synchronous reset from FFs).

5. Printing statistics.

=== $paramod$f1aaffd5bee138d36e2c2369e2655d0810a8b8a2\outstanding_tracker ===

        +----------Local Count, excluding submodules.
        | 
      318 wires
     1768 wire bits
      114 public wires
      678 public wire bits
       34 ports
      285 port bits
      304 cells
       12   $add
       32   $anyinit
       13   $anyseq
        1   $assume
       11   $eq
        3   $ge
        1   $gt
       18   $logic_and
       10   $logic_not
        1   $logic_or
        2   $lt
      184   $mux
        1   $ne
        1   $not
        8   $pmux
        1   $reduce_or
        5   $sub

=== formal_tracker ===

        +----------Local Count, excluding submodules.
        | 
       63 wires
      316 wire bits
       36 public wires
      289 public wire bits
        1 ports
        1 port bits
       62 cells
        2   $anyinit
       22   $anyseq
        2   $assume
        9   $cover
        2   $eq
       10   $ff
        1   $initstate
       10   $logic_and
        1   $logic_not
        2   $not
        1   $reduce_bool
        1 submodules
        1   $paramod$f1aaffd5bee138d36e2c2369e2655d0810a8b8a2\outstanding_tracker

=== design hierarchy ===

        +----------Count including submodules.
        | 
      366 formal_tracker
      304 $paramod$f1aaffd5bee138d36e2c2369e2655d0810a8b8a2\outstanding_tracker

        +----------Count including submodules.
        | 
      381 wires
     2084 wire bits
      150 public wires
      967 public wire bits
       35 ports
      286 port bits
        - memories
        - memory bits
        - processes
      366 cells
       12   $add
       34   $anyinit
       35   $anyseq
        3   $assume
        9   $cover
       13   $eq
       10   $ff
        3   $ge
        1   $gt
        1   $initstate
       28   $logic_and
       11   $logic_not
        1   $logic_or
        2   $lt
      184   $mux
        1   $ne
        3   $not
        8   $pmux
        1   $reduce_bool
        1   $reduce_or
        5   $sub
        1 submodules
        1   $paramod$f1aaffd5bee138d36e2c2369e2655d0810a8b8a2\outstanding_tracker

6. Executing SMT2 backend.

6.1. Executing BMUXMAP pass.

6.2. Executing DEMUXMAP pass.
Creating SMT-LIBv2 representation of module $paramod$f1aaffd5bee138d36e2c2369e2655d0810a8b8a2\outstanding_tracker.
Creating SMT-LIBv2 representation of module formal_tracker.

End of script. Logfile hash: 0b49b5f3e9, time: 0.01s, user: 0.01s, system: 0.00s, MEM: 18.57 MB peak
Yosys 0.67+40 (git sha1 45ea2b8d6-dirty, Release, Clang /usr/bin/clang++ 18.1.8)
Time spent: 73% 2x write_smt2 (0 sec), 15% 2x read_rtlil (0 sec), ...
