
 /----------------------------------------------------------------------------\
 |  yosys -- Yosys Open SYnthesis Suite                                       |
 |  Copyright (C) 2012 - 2026  Claire Xenia Wolf <claire@yosyshq.com>         |
 |  Distributed under an ISC-like license, type "license" to see terms        |
 \----------------------------------------------------------------------------/
 Yosys 0.67+40 (git sha1 45ea2b8d6-dirty, Release, Clang /usr/bin/clang++ 18.1.8)

-- Executing script file `../model/design.ys' --

1. Executing Verilog-2005 frontend: hdm_decoder.sv
Parsing formal SystemVerilog input from `hdm_decoder.sv' to AST representation.
Generating RTLIL representation for module `\hdm_decoder'.
Successfully finished Verilog frontend.

2. Executing Verilog-2005 frontend: dpa_translator.sv
Parsing formal SystemVerilog input from `dpa_translator.sv' to AST representation.
Generating RTLIL representation for module `\dpa_translator'.
Successfully finished Verilog frontend.

3. Executing Verilog-2005 frontend: formal_decode.sv
Parsing formal SystemVerilog input from `formal_decode.sv' to AST representation.
Generating RTLIL representation for module `\formal_decode'.
Successfully finished Verilog frontend.

4. Executing PREP pass.

4.1. Executing HIERARCHY pass (managing design hierarchy).

4.1.1. Analyzing design hierarchy..
Top module:  \formal_decode
Used module:     \dpa_translator
Used module:     \hdm_decoder
Parameter \HPA_W = 16
Parameter \DPA_W = 12

4.1.2. Executing AST frontend in derive mode using pre-parsed AST for module `\dpa_translator'.
Parameter \HPA_W = 16
Parameter \DPA_W = 12
Generating RTLIL representation for module `$paramod$1df129b991ec90965eb48f55730e146f8c97df7e\dpa_translator'.
Parameter \HPA_W = 16
Parameter \DPA_W = 12
Parameter \N_WIN = 2

4.1.3. Executing AST frontend in derive mode using pre-parsed AST for module `\hdm_decoder'.
Parameter \HPA_W = 16
Parameter \DPA_W = 12
Parameter \N_WIN = 2
Generating RTLIL representation for module `$paramod$6a5d65dcfe15caf1872a9937ba0adb0b2cdb6fe5\hdm_decoder'.

4.1.4. Analyzing design hierarchy..
Top module:  \formal_decode
Used module:     $paramod$1df129b991ec90965eb48f55730e146f8c97df7e\dpa_translator
Used module:     $paramod$6a5d65dcfe15caf1872a9937ba0adb0b2cdb6fe5\hdm_decoder

4.1.5. Analyzing design hierarchy..
Top module:  \formal_decode
Used module:     $paramod$1df129b991ec90965eb48f55730e146f8c97df7e\dpa_translator
Used module:     $paramod$6a5d65dcfe15caf1872a9937ba0adb0b2cdb6fe5\hdm_decoder
Removing unused module `\dpa_translator'.
Removing unused module `\hdm_decoder'.
Removed 2 unused modules.
Module formal_decode directly or indirectly contains formal properties -> setting "keep" attribute.
Module $paramod$6a5d65dcfe15caf1872a9937ba0adb0b2cdb6fe5\hdm_decoder directly or indirectly contains formal properties -> setting "keep" attribute.
Module $paramod$1df129b991ec90965eb48f55730e146f8c97df7e\dpa_translator directly or indirectly contains formal properties -> setting "keep" attribute.

4.2. Executing PROC pass (convert processes to netlists).

4.2.1. Executing PROC_CLEAN pass (remove empty switches from decision trees).
Cleaned up 0 empty switches.

4.2.2. Executing PROC_RMDEAD pass (remove dead branches from decision trees).
Marked 2 switch rules as full_case in process $proc$hdm_decoder.sv:71$206 in module $paramod$6a5d65dcfe15caf1872a9937ba0adb0b2cdb6fe5\hdm_decoder.
Removed a total of 0 dead cases.

4.2.3. Executing PROC_PRUNE pass (remove redundant assignments in processes).
Removed 16 redundant assignments.
Promoted 20 assignments to connections.

4.2.4. Executing PROC_INIT pass (extract init attributes).

4.2.5. Executing PROC_ARST pass (detect async resets in processes).

4.2.6. Executing PROC_ROM pass (convert switches to ROMs).
Converted 0 switches.
<suppressed ~6 debug messages>

4.2.7. Executing PROC_MUX pass (convert decision trees to multiplexers).
Creating decoders for process `\formal_decode.$proc$formal_decode.sv:65$150'.
Creating decoders for process `\formal_decode.$proc$formal_decode.sv:54$124'.
Creating decoders for process `\formal_decode.$proc$formal_decode.sv:45$118'.
Creating decoders for process `$paramod$6a5d65dcfe15caf1872a9937ba0adb0b2cdb6fe5\hdm_decoder.$proc$hdm_decoder.sv:94$221'.
     1/1: $assert$hdm_decoder.sv:98$227_EN
Creating decoders for process `$paramod$6a5d65dcfe15caf1872a9937ba0adb0b2cdb6fe5\hdm_decoder.$proc$hdm_decoder.sv:71$206'.
     1/2: $2\sel[0:0]
     2/2: $1\sel[0:0]
Creating decoders for process `$paramod$1df129b991ec90965eb48f55730e146f8c97df7e\dpa_translator.$proc$dpa_translator.sv:69$182'.
     1/3: $assert$dpa_translator.sv:73$193_EN
     2/3: $assert$dpa_translator.sv:71$185_EN
     3/3: $assert$dpa_translator.sv:70$183_EN

4.2.8. Executing PROC_DLATCH pass (convert process syncs to latches).
No latch inferred for signal `\formal_decode.\nm' from process `\formal_decode.$proc$formal_decode.sv:45$118'.
No latch inferred for signal `$paramod$6a5d65dcfe15caf1872a9937ba0adb0b2cdb6fe5\hdm_decoder.\sel' from process `$paramod$6a5d65dcfe15caf1872a9937ba0adb0b2cdb6fe5\hdm_decoder.$proc$hdm_decoder.sv:71$206'.

4.2.9. Executing PROC_DFF pass (convert process syncs to FFs).

4.2.10. Executing PROC_MEMWR pass (convert process memory writes to cells).

4.2.11. Executing PROC_CLEAN pass (remove empty switches from decision trees).
Removing empty process `formal_decode.$proc$formal_decode.sv:65$150'.
Removing empty process `formal_decode.$proc$formal_decode.sv:54$124'.
Removing empty process `formal_decode.$proc$formal_decode.sv:45$118'.
Found and cleaned up 1 empty switch in `$paramod$6a5d65dcfe15caf1872a9937ba0adb0b2cdb6fe5\hdm_decoder.$proc$hdm_decoder.sv:94$221'.
Removing empty process `$paramod$6a5d65dcfe15caf1872a9937ba0adb0b2cdb6fe5\hdm_decoder.$proc$hdm_decoder.sv:94$221'.
Found and cleaned up 2 empty switches in `$paramod$6a5d65dcfe15caf1872a9937ba0adb0b2cdb6fe5\hdm_decoder.$proc$hdm_decoder.sv:71$206'.
Removing empty process `$paramod$6a5d65dcfe15caf1872a9937ba0adb0b2cdb6fe5\hdm_decoder.$proc$hdm_decoder.sv:71$206'.
Found and cleaned up 3 empty switches in `$paramod$1df129b991ec90965eb48f55730e146f8c97df7e\dpa_translator.$proc$dpa_translator.sv:69$182'.
Removing empty process `$paramod$1df129b991ec90965eb48f55730e146f8c97df7e\dpa_translator.$proc$dpa_translator.sv:69$182'.
Cleaned up 6 empty switches.

4.2.12. Executing OPT_EXPR pass (perform const folding).
Optimizing module formal_decode.
Optimizing module $paramod$6a5d65dcfe15caf1872a9937ba0adb0b2cdb6fe5\hdm_decoder.
<suppressed ~10 debug messages>
Optimizing module $paramod$1df129b991ec90965eb48f55730e146f8c97df7e\dpa_translator.

4.3. Executing FUTURE pass.

4.4. Executing OPT_EXPR pass (perform const folding).
Optimizing module formal_decode.
Optimizing module $paramod$6a5d65dcfe15caf1872a9937ba0adb0b2cdb6fe5\hdm_decoder.
Optimizing module $paramod$1df129b991ec90965eb48f55730e146f8c97df7e\dpa_translator.

4.5. Executing OPT_CLEAN pass (remove unused cells and wires).
Finding unused cells or wires in module \formal_decode..
Finding unused cells or wires in module $paramod$6a5d65dcfe15caf1872a9937ba0adb0b2cdb6fe5\hdm_decoder..
Finding unused cells or wires in module $paramod$1df129b991ec90965eb48f55730e146f8c97df7e\dpa_translator..
Removed 0 unused cells and 61 unused wires.
<suppressed ~3 debug messages>

4.6. Executing CHECK pass (checking for obvious problems).
Checking module formal_decode...
Warning: Wire formal_decode.\win_en [1] is used but has no driver.
Warning: Wire formal_decode.\win_en [0] is used but has no driver.
Warning: Wire formal_decode.\win_base [31] is used but has no driver.
Warning: Wire formal_decode.\win_base [30] is used but has no driver.
Warning: Wire formal_decode.\win_base [29] is used but has no driver.
Warning: Wire formal_decode.\win_base [28] is used but has no driver.
Warning: Wire formal_decode.\win_base [27] is used but has no driver.
Warning: Wire formal_decode.\win_base [26] is used but has no driver.
Warning: Wire formal_decode.\win_base [25] is used but has no driver.
Warning: Wire formal_decode.\win_base [24] is used but has no driver.
Warning: Wire formal_decode.\win_base [23] is used but has no driver.
Warning: Wire formal_decode.\win_base [22] is used but has no driver.
Warning: Wire formal_decode.\win_base [21] is used but has no driver.
Warning: Wire formal_decode.\win_base [20] is used but has no driver.
Warning: Wire formal_decode.\win_base [19] is used but has no driver.
Warning: Wire formal_decode.\win_base [18] is used but has no driver.
Warning: Wire formal_decode.\win_base [17] is used but has no driver.
Warning: Wire formal_decode.\win_base [16] is used but has no driver.
Warning: Wire formal_decode.\win_base [15] is used but has no driver.
Warning: Wire formal_decode.\win_base [14] is used but has no driver.
Warning: Wire formal_decode.\win_base [13] is used but has no driver.
Warning: Wire formal_decode.\win_base [12] is used but has no driver.
Warning: Wire formal_decode.\win_base [11] is used but has no driver.
Warning: Wire formal_decode.\win_base [10] is used but has no driver.
Warning: Wire formal_decode.\win_base [9] is used but has no driver.
Warning: Wire formal_decode.\win_base [8] is used but has no driver.
Warning: Wire formal_decode.\win_base [7] is used but has no driver.
Warning: Wire formal_decode.\win_base [6] is used but has no driver.
Warning: Wire formal_decode.\win_base [5] is used but has no driver.
Warning: Wire formal_decode.\win_base [4] is used but has no driver.
Warning: Wire formal_decode.\win_base [3] is used but has no driver.
Warning: Wire formal_decode.\win_base [2] is used but has no driver.
Warning: Wire formal_decode.\win_base [1] is used but has no driver.
Warning: Wire formal_decode.\win_base [0] is used but has no driver.
Warning: Wire formal_decode.\win_size [31] is used but has no driver.
Warning: Wire formal_decode.\win_size [30] is used but has no driver.
Warning: Wire formal_decode.\win_size [29] is used but has no driver.
Warning: Wire formal_decode.\win_size [28] is used but has no driver.
Warning: Wire formal_decode.\win_size [27] is used but has no driver.
Warning: Wire formal_decode.\win_size [26] is used but has no driver.
Warning: Wire formal_decode.\win_size [25] is used but has no driver.
Warning: Wire formal_decode.\win_size [24] is used but has no driver.
Warning: Wire formal_decode.\win_size [23] is used but has no driver.
Warning: Wire formal_decode.\win_size [22] is used but has no driver.
Warning: Wire formal_decode.\win_size [21] is used but has no driver.
Warning: Wire formal_decode.\win_size [20] is used but has no driver.
Warning: Wire formal_decode.\win_size [19] is used but has no driver.
Warning: Wire formal_decode.\win_size [18] is used but has no driver.
Warning: Wire formal_decode.\win_size [17] is used but has no driver.
Warning: Wire formal_decode.\win_size [16] is used but has no driver.
Warning: Wire formal_decode.\win_size [15] is used but has no driver.
Warning: Wire formal_decode.\win_size [14] is used but has no driver.
Warning: Wire formal_decode.\win_size [13] is used but has no driver.
Warning: Wire formal_decode.\win_size [12] is used but has no driver.
Warning: Wire formal_decode.\win_size [11] is used but has no driver.
Warning: Wire formal_decode.\win_size [10] is used but has no driver.
Warning: Wire formal_decode.\win_size [9] is used but has no driver.
Warning: Wire formal_decode.\win_size [8] is used but has no driver.
Warning: Wire formal_decode.\win_size [7] is used but has no driver.
Warning: Wire formal_decode.\win_size [6] is used but has no driver.
Warning: Wire formal_decode.\win_size [5] is used but has no driver.
Warning: Wire formal_decode.\win_size [4] is used but has no driver.
Warning: Wire formal_decode.\win_size [3] is used but has no driver.
Warning: Wire formal_decode.\win_size [2] is used but has no driver.
Warning: Wire formal_decode.\win_size [1] is used but has no driver.
Warning: Wire formal_decode.\win_size [0] is used but has no driver.
Warning: Wire formal_decode.\win_dpa_base [23] is used but has no driver.
Warning: Wire formal_decode.\win_dpa_base [22] is used but has no driver.
Warning: Wire formal_decode.\win_dpa_base [21] is used but has no driver.
Warning: Wire formal_decode.\win_dpa_base [20] is used but has no driver.
Warning: Wire formal_decode.\win_dpa_base [19] is used but has no driver.
Warning: Wire formal_decode.\win_dpa_base [18] is used but has no driver.
Warning: Wire formal_decode.\win_dpa_base [17] is used but has no driver.
Warning: Wire formal_decode.\win_dpa_base [16] is used but has no driver.
Warning: Wire formal_decode.\win_dpa_base [15] is used but has no driver.
Warning: Wire formal_decode.\win_dpa_base [14] is used but has no driver.
Warning: Wire formal_decode.\win_dpa_base [13] is used but has no driver.
Warning: Wire formal_decode.\win_dpa_base [12] is used but has no driver.
Warning: Wire formal_decode.\win_dpa_base [11] is used but has no driver.
Warning: Wire formal_decode.\win_dpa_base [10] is used but has no driver.
Warning: Wire formal_decode.\win_dpa_base [9] is used but has no driver.
Warning: Wire formal_decode.\win_dpa_base [8] is used but has no driver.
Warning: Wire formal_decode.\win_dpa_base [7] is used but has no driver.
Warning: Wire formal_decode.\win_dpa_base [6] is used but has no driver.
Warning: Wire formal_decode.\win_dpa_base [5] is used but has no driver.
Warning: Wire formal_decode.\win_dpa_base [4] is used but has no driver.
Warning: Wire formal_decode.\win_dpa_base [3] is used but has no driver.
Warning: Wire formal_decode.\win_dpa_base [2] is used but has no driver.
Warning: Wire formal_decode.\win_dpa_base [1] is used but has no driver.
Warning: Wire formal_decode.\win_dpa_base [0] is used but has no driver.
Warning: Wire formal_decode.\dev_capacity [12] is used but has no driver.
Warning: Wire formal_decode.\dev_capacity [11] is used but has no driver.
Warning: Wire formal_decode.\dev_capacity [10] is used but has no driver.
Warning: Wire formal_decode.\dev_capacity [9] is used but has no driver.
Warning: Wire formal_decode.\dev_capacity [8] is used but has no driver.
Warning: Wire formal_decode.\dev_capacity [7] is used but has no driver.
Warning: Wire formal_decode.\dev_capacity [6] is used but has no driver.
Warning: Wire formal_decode.\dev_capacity [5] is used but has no driver.
Warning: Wire formal_decode.\dev_capacity [4] is used but has no driver.
Warning: Wire formal_decode.\dev_capacity [3] is used but has no driver.
Warning: Wire formal_decode.\dev_capacity [2] is used but has no driver.
Warning: Wire formal_decode.\dev_capacity [1] is used but has no driver.
Warning: Wire formal_decode.\dev_capacity [0] is used but has no driver.
Warning: Wire formal_decode.\hpa [15] is used but has no driver.
Warning: Wire formal_decode.\hpa [14] is used but has no driver.
Warning: Wire formal_decode.\hpa [13] is used but has no driver.
Warning: Wire formal_decode.\hpa [12] is used but has no driver.
Warning: Wire formal_decode.\hpa [11] is used but has no driver.
Warning: Wire formal_decode.\hpa [10] is used but has no driver.
Warning: Wire formal_decode.\hpa [9] is used but has no driver.
Warning: Wire formal_decode.\hpa [8] is used but has no driver.
Warning: Wire formal_decode.\hpa [7] is used but has no driver.
Warning: Wire formal_decode.\hpa [6] is used but has no driver.
Warning: Wire formal_decode.\hpa [5] is used but has no driver.
Warning: Wire formal_decode.\hpa [4] is used but has no driver.
Warning: Wire formal_decode.\hpa [3] is used but has no driver.
Warning: Wire formal_decode.\hpa [2] is used but has no driver.
Warning: Wire formal_decode.\hpa [1] is used but has no driver.
Warning: Wire formal_decode.\hpa [0] is used but has no driver.
Checking module $paramod$6a5d65dcfe15caf1872a9937ba0adb0b2cdb6fe5\hdm_decoder...
Checking module $paramod$1df129b991ec90965eb48f55730e146f8c97df7e\dpa_translator...
Found and reported 119 problems.

4.7. Executing OPT pass (performing simple optimizations).

4.7.1. Executing OPT_EXPR pass (perform const folding).
Optimizing module formal_decode.
Optimizing module $paramod$6a5d65dcfe15caf1872a9937ba0adb0b2cdb6fe5\hdm_decoder.
Optimizing module $paramod$1df129b991ec90965eb48f55730e146f8c97df7e\dpa_translator.

4.7.2. Executing OPT_MERGE pass (detect identical cells).
Finding identical cells in module `\formal_decode'.
Computing hashes of 50 cells of `\formal_decode'.
Finding duplicate cells in `\formal_decode'.
Computing hashes of 45 cells of `\formal_decode'.
Finding duplicate cells in `\formal_decode'.
<suppressed ~15 debug messages>
Finding identical cells in module `$paramod$6a5d65dcfe15caf1872a9937ba0adb0b2cdb6fe5\hdm_decoder'.
Computing hashes of 47 cells of `$paramod$6a5d65dcfe15caf1872a9937ba0adb0b2cdb6fe5\hdm_decoder'.
Finding duplicate cells in `$paramod$6a5d65dcfe15caf1872a9937ba0adb0b2cdb6fe5\hdm_decoder'.
Computing hashes of 43 cells of `$paramod$6a5d65dcfe15caf1872a9937ba0adb0b2cdb6fe5\hdm_decoder'.
Finding duplicate cells in `$paramod$6a5d65dcfe15caf1872a9937ba0adb0b2cdb6fe5\hdm_decoder'.
Computing hashes of 41 cells of `$paramod$6a5d65dcfe15caf1872a9937ba0adb0b2cdb6fe5\hdm_decoder'.
Finding duplicate cells in `$paramod$6a5d65dcfe15caf1872a9937ba0adb0b2cdb6fe5\hdm_decoder'.
Computing hashes of 40 cells of `$paramod$6a5d65dcfe15caf1872a9937ba0adb0b2cdb6fe5\hdm_decoder'.
Finding duplicate cells in `$paramod$6a5d65dcfe15caf1872a9937ba0adb0b2cdb6fe5\hdm_decoder'.
<suppressed ~21 debug messages>
Finding identical cells in module `$paramod$1df129b991ec90965eb48f55730e146f8c97df7e\dpa_translator'.
Computing hashes of 34 cells of `$paramod$1df129b991ec90965eb48f55730e146f8c97df7e\dpa_translator'.
Finding duplicate cells in `$paramod$1df129b991ec90965eb48f55730e146f8c97df7e\dpa_translator'.
Computing hashes of 29 cells of `$paramod$1df129b991ec90965eb48f55730e146f8c97df7e\dpa_translator'.
Finding duplicate cells in `$paramod$1df129b991ec90965eb48f55730e146f8c97df7e\dpa_translator'.
<suppressed ~15 debug messages>
Removed a total of 17 cells.

4.7.3. Executing OPT_MUXTREE pass (detect dead branches in mux trees).
Running muxtree optimizer on module \formal_decode..
  Creating internal representation of mux trees.
  No muxes found in this module.
Running muxtree optimizer on module $paramod$6a5d65dcfe15caf1872a9937ba0adb0b2cdb6fe5\hdm_decoder..
  Creating internal representation of mux trees.
  Evaluating internal representation of mux trees.
  Analyzing evaluation results.
Running muxtree optimizer on module $paramod$1df129b991ec90965eb48f55730e146f8c97df7e\dpa_translator..
  Creating internal representation of mux trees.
  Evaluating internal representation of mux trees.
  Analyzing evaluation results.
Removed 0 multiplexer ports.
<suppressed ~13 debug messages>

4.7.4. Executing OPT_REDUCE pass (consolidate $*mux and $reduce_* inputs).
  Optimizing cells in module \formal_decode.
  Optimizing cells in module $paramod$6a5d65dcfe15caf1872a9937ba0adb0b2cdb6fe5\hdm_decoder.
  Optimizing cells in module $paramod$1df129b991ec90965eb48f55730e146f8c97df7e\dpa_translator.
Performed a total of 0 changes.

4.7.5. Executing OPT_MERGE pass (detect identical cells).
Finding identical cells in module `\formal_decode'.
Computing hashes of 45 cells of `\formal_decode'.
Finding duplicate cells in `\formal_decode'.
Finding identical cells in module `$paramod$6a5d65dcfe15caf1872a9937ba0adb0b2cdb6fe5\hdm_decoder'.
Computing hashes of 40 cells of `$paramod$6a5d65dcfe15caf1872a9937ba0adb0b2cdb6fe5\hdm_decoder'.
Finding duplicate cells in `$paramod$6a5d65dcfe15caf1872a9937ba0adb0b2cdb6fe5\hdm_decoder'.
Finding identical cells in module `$paramod$1df129b991ec90965eb48f55730e146f8c97df7e\dpa_translator'.
Computing hashes of 29 cells of `$paramod$1df129b991ec90965eb48f55730e146f8c97df7e\dpa_translator'.
Finding duplicate cells in `$paramod$1df129b991ec90965eb48f55730e146f8c97df7e\dpa_translator'.
Computing hashes of 28 cells of `$paramod$1df129b991ec90965eb48f55730e146f8c97df7e\dpa_translator'.
Finding duplicate cells in `$paramod$1df129b991ec90965eb48f55730e146f8c97df7e\dpa_translator'.
<suppressed ~3 debug messages>
Removed a total of 1 cells.

4.7.6. Executing OPT_CLEAN pass (remove unused cells and wires).
Finding unused cells or wires in module \formal_decode..
Finding unused cells or wires in module $paramod$6a5d65dcfe15caf1872a9937ba0adb0b2cdb6fe5\hdm_decoder..
Finding unused cells or wires in module $paramod$1df129b991ec90965eb48f55730e146f8c97df7e\dpa_translator..
Removed 0 unused cells and 18 unused wires.
<suppressed ~3 debug messages>

4.7.7. Executing OPT_EXPR pass (perform const folding).
Optimizing module formal_decode.
Optimizing module $paramod$6a5d65dcfe15caf1872a9937ba0adb0b2cdb6fe5\hdm_decoder.
Optimizing module $paramod$1df129b991ec90965eb48f55730e146f8c97df7e\dpa_translator.

4.7.8. Rerunning OPT passes. (Maybe there is more to do..)

4.7.9. Executing OPT_MUXTREE pass (detect dead branches in mux trees).
Running muxtree optimizer on module \formal_decode..
  Creating internal representation of mux trees.
  No muxes found in this module.
Running muxtree optimizer on module $paramod$6a5d65dcfe15caf1872a9937ba0adb0b2cdb6fe5\hdm_decoder..
  Creating internal representation of mux trees.
  Evaluating internal representation of mux trees.
  Analyzing evaluation results.
Running muxtree optimizer on module $paramod$1df129b991ec90965eb48f55730e146f8c97df7e\dpa_translator..
  Creating internal representation of mux trees.
  Evaluating internal representation of mux trees.
  Analyzing evaluation results.
Removed 0 multiplexer ports.
<suppressed ~11 debug messages>

4.7.10. Executing OPT_REDUCE pass (consolidate $*mux and $reduce_* inputs).
  Optimizing cells in module \formal_decode.
  Optimizing cells in module $paramod$6a5d65dcfe15caf1872a9937ba0adb0b2cdb6fe5\hdm_decoder.
  Optimizing cells in module $paramod$1df129b991ec90965eb48f55730e146f8c97df7e\dpa_translator.
Performed a total of 0 changes.

4.7.11. Executing OPT_MERGE pass (detect identical cells).
Finding identical cells in module `\formal_decode'.
Computing hashes of 45 cells of `\formal_decode'.
Finding duplicate cells in `\formal_decode'.
Finding identical cells in module `$paramod$6a5d65dcfe15caf1872a9937ba0adb0b2cdb6fe5\hdm_decoder'.
Computing hashes of 40 cells of `$paramod$6a5d65dcfe15caf1872a9937ba0adb0b2cdb6fe5\hdm_decoder'.
Finding duplicate cells in `$paramod$6a5d65dcfe15caf1872a9937ba0adb0b2cdb6fe5\hdm_decoder'.
Finding identical cells in module `$paramod$1df129b991ec90965eb48f55730e146f8c97df7e\dpa_translator'.
Computing hashes of 28 cells of `$paramod$1df129b991ec90965eb48f55730e146f8c97df7e\dpa_translator'.
Finding duplicate cells in `$paramod$1df129b991ec90965eb48f55730e146f8c97df7e\dpa_translator'.
Removed a total of 0 cells.

4.7.12. Executing OPT_CLEAN pass (remove unused cells and wires).
Finding unused cells or wires in module \formal_decode..
Finding unused cells or wires in module $paramod$6a5d65dcfe15caf1872a9937ba0adb0b2cdb6fe5\hdm_decoder..
Finding unused cells or wires in module $paramod$1df129b991ec90965eb48f55730e146f8c97df7e\dpa_translator..

4.7.13. Executing OPT_EXPR pass (perform const folding).
Optimizing module formal_decode.
Optimizing module $paramod$6a5d65dcfe15caf1872a9937ba0adb0b2cdb6fe5\hdm_decoder.
Optimizing module $paramod$1df129b991ec90965eb48f55730e146f8c97df7e\dpa_translator.

4.7.14. Finished fast OPT passes. (There is nothing left to do.)

4.8. Executing WREDUCE pass (reducing word size of cells).
Removed top 31 bits (of 32) from port A of cell formal_decode.$add$formal_decode.sv:47$120 ($add).
Removed top 30 bits (of 32) from port Y of cell formal_decode.$add$formal_decode.sv:47$120 ($add).
Removed top 30 bits (of 32) from port A of cell formal_decode.$add$formal_decode.sv:47$121 ($add).
Removed top 29 bits (of 32) from port Y of cell formal_decode.$add$formal_decode.sv:47$121 ($add).
Removed top 4 bits (of 16) from port Y of cell formal_decode.$add$formal_decode.sv:52$123 ($add).
Removed top 4 bits (of 16) from port B of cell formal_decode.$add$formal_decode.sv:52$123 ($add).
Removed top 28 bits (of 32) from port A of cell formal_decode.$eq$formal_decode.sv:55$126 ($eq).
Removed top 30 bits (of 32) from port B of cell formal_decode.$eq$formal_decode.sv:55$126 ($eq).
Converting cell formal_decode.$eq$formal_decode.sv:55$126 ($eq) from signed to unsigned.
Removed top 1 bits (of 4) from port A of cell formal_decode.$eq$formal_decode.sv:55$126 ($eq).
Removed top 1 bits (of 2) from port B of cell formal_decode.$eq$formal_decode.sv:55$126 ($eq).
Removed top 30 bits (of 32) from port Y of cell formal_decode.$add$formal_decode.sv:61$147 ($add).
Removed top 30 bits (of 32) from port A of cell formal_decode.$add$formal_decode.sv:61$148 ($add).
Removed top 29 bits (of 32) from port Y of cell formal_decode.$add$formal_decode.sv:61$148 ($add).
Removed top 29 bits (of 32) from port A of cell formal_decode.$eq$formal_decode.sv:61$149 ($eq).
Removed top 31 bits (of 32) from port B of cell formal_decode.$eq$formal_decode.sv:61$149 ($eq).
Removed top 4 bits (of 16) from port Y of cell formal_decode.$sub$formal_decode.sv:52$122 ($sub).
Removed top 4 bits (of 16) from port A of cell formal_decode.$sub$formal_decode.sv:52$122 ($sub).
Removed top 4 bits (of 16) from port B of cell formal_decode.$sub$formal_decode.sv:52$122 ($sub).
Removed top 30 bits (of 32) from wire formal_decode.$add$formal_decode.sv:61$147_Y.
Removed top 29 bits (of 32) from wire formal_decode.$add$formal_decode.sv:61$148_Y.
Removed top 4 bits (of 16) from wire formal_decode.$sub$formal_decode.sv:52$122_Y.
Removed top 30 bits (of 32) from wire formal_decode.$add$formal_decode.sv:47$120_Y.
Removed top 29 bits (of 32) from wire formal_decode.nm.
Removed top 1 bits (of 2) from port B of cell $paramod$6a5d65dcfe15caf1872a9937ba0adb0b2cdb6fe5\hdm_decoder.$eq$hdm_decoder.sv:66$204 ($eq).
Removed top 30 bits (of 32) from port B of cell $paramod$6a5d65dcfe15caf1872a9937ba0adb0b2cdb6fe5\hdm_decoder.$ge$hdm_decoder.sv:67$205 ($ge).
Removed top 28 bits (of 32) from port B of cell $paramod$6a5d65dcfe15caf1872a9937ba0adb0b2cdb6fe5\hdm_decoder.$mul$hdm_decoder.sv:78$210 ($mul).
Removed top 27 bits (of 32) from port Y of cell $paramod$6a5d65dcfe15caf1872a9937ba0adb0b2cdb6fe5\hdm_decoder.$mul$hdm_decoder.sv:78$210 ($mul).
Removed top 26 bits (of 32) from port B of cell $paramod$6a5d65dcfe15caf1872a9937ba0adb0b2cdb6fe5\hdm_decoder.$shiftx$hdm_decoder.sv:78$211 ($shiftx).
Removed top 27 bits (of 32) from port B of cell $paramod$6a5d65dcfe15caf1872a9937ba0adb0b2cdb6fe5\hdm_decoder.$mul$hdm_decoder.sv:85$215 ($mul).
Removed top 26 bits (of 32) from port Y of cell $paramod$6a5d65dcfe15caf1872a9937ba0adb0b2cdb6fe5\hdm_decoder.$mul$hdm_decoder.sv:85$215 ($mul).
Removed top 25 bits (of 32) from port B of cell $paramod$6a5d65dcfe15caf1872a9937ba0adb0b2cdb6fe5\hdm_decoder.$shiftx$hdm_decoder.sv:85$216 ($shiftx).
Removed top 1 bits (of 17) from port A of cell $paramod$6a5d65dcfe15caf1872a9937ba0adb0b2cdb6fe5\hdm_decoder.$add$hdm_decoder.sv:85$217 ($add).
Removed top 1 bits (of 17) from port B of cell $paramod$6a5d65dcfe15caf1872a9937ba0adb0b2cdb6fe5\hdm_decoder.$add$hdm_decoder.sv:85$217 ($add).
Removed top 1 bits (of 17) from port A of cell $paramod$6a5d65dcfe15caf1872a9937ba0adb0b2cdb6fe5\hdm_decoder.$add$hdm_decoder.sv:86$218 ($add).
Removed top 11 bits (of 17) from port B of cell $paramod$6a5d65dcfe15caf1872a9937ba0adb0b2cdb6fe5\hdm_decoder.$add$hdm_decoder.sv:86$218 ($add).
Removed top 30 bits (of 32) from port Y of cell $paramod$6a5d65dcfe15caf1872a9937ba0adb0b2cdb6fe5\hdm_decoder.$add$hdm_decoder.sv:96$223 ($add).
Removed top 30 bits (of 32) from port A of cell $paramod$6a5d65dcfe15caf1872a9937ba0adb0b2cdb6fe5\hdm_decoder.$add$hdm_decoder.sv:96$224 ($add).
Removed top 29 bits (of 32) from port Y of cell $paramod$6a5d65dcfe15caf1872a9937ba0adb0b2cdb6fe5\hdm_decoder.$add$hdm_decoder.sv:96$224 ($add).
Removed top 29 bits (of 32) from port A of cell $paramod$6a5d65dcfe15caf1872a9937ba0adb0b2cdb6fe5\hdm_decoder.$eq$hdm_decoder.sv:96$225 ($eq).
Removed top 31 bits (of 32) from port B of cell $paramod$6a5d65dcfe15caf1872a9937ba0adb0b2cdb6fe5\hdm_decoder.$eq$hdm_decoder.sv:96$225 ($eq).
Removed top 31 bits (of 32) from port A of cell $paramod$6a5d65dcfe15caf1872a9937ba0adb0b2cdb6fe5\hdm_decoder.$add$hdm_decoder.sv:100$233 ($add).
Removed top 31 bits (of 32) from port B of cell $paramod$6a5d65dcfe15caf1872a9937ba0adb0b2cdb6fe5\hdm_decoder.$add$hdm_decoder.sv:100$233 ($add).
Removed top 30 bits (of 32) from port Y of cell $paramod$6a5d65dcfe15caf1872a9937ba0adb0b2cdb6fe5\hdm_decoder.$add$hdm_decoder.sv:100$233 ($add).
Removed top 30 bits (of 32) from port A of cell $paramod$6a5d65dcfe15caf1872a9937ba0adb0b2cdb6fe5\hdm_decoder.$add$hdm_decoder.sv:100$237 ($add).
Removed top 31 bits (of 32) from port B of cell $paramod$6a5d65dcfe15caf1872a9937ba0adb0b2cdb6fe5\hdm_decoder.$add$hdm_decoder.sv:100$237 ($add).
Removed top 29 bits (of 32) from port Y of cell $paramod$6a5d65dcfe15caf1872a9937ba0adb0b2cdb6fe5\hdm_decoder.$add$hdm_decoder.sv:100$237 ($add).
Removed top 29 bits (of 32) from port A of cell $paramod$6a5d65dcfe15caf1872a9937ba0adb0b2cdb6fe5\hdm_decoder.$eq$hdm_decoder.sv:100$238 ($eq).
Removed top 31 bits (of 32) from port B of cell $paramod$6a5d65dcfe15caf1872a9937ba0adb0b2cdb6fe5\hdm_decoder.$eq$hdm_decoder.sv:100$238 ($eq).
Removed top 1 bits (of 17) from port A of cell $paramod$6a5d65dcfe15caf1872a9937ba0adb0b2cdb6fe5\hdm_decoder.$add$hdm_decoder.sv:57$240 ($add).
Removed top 1 bits (of 17) from port B of cell $paramod$6a5d65dcfe15caf1872a9937ba0adb0b2cdb6fe5\hdm_decoder.$add$hdm_decoder.sv:57$240 ($add).
Removed top 1 bits (of 17) from port A of cell $paramod$6a5d65dcfe15caf1872a9937ba0adb0b2cdb6fe5\hdm_decoder.$ge$hdm_decoder.sv:58$241 ($ge).
Removed top 1 bits (of 17) from port B of cell $paramod$6a5d65dcfe15caf1872a9937ba0adb0b2cdb6fe5\hdm_decoder.$ge$hdm_decoder.sv:58$241 ($ge).
Removed top 1 bits (of 17) from port A of cell $paramod$6a5d65dcfe15caf1872a9937ba0adb0b2cdb6fe5\hdm_decoder.$lt$hdm_decoder.sv:58$243 ($lt).
Removed top 1 bits (of 17) from port A of cell $paramod$6a5d65dcfe15caf1872a9937ba0adb0b2cdb6fe5\hdm_decoder.$add$hdm_decoder.sv:57$245 ($add).
Removed top 1 bits (of 17) from port B of cell $paramod$6a5d65dcfe15caf1872a9937ba0adb0b2cdb6fe5\hdm_decoder.$add$hdm_decoder.sv:57$245 ($add).
Removed top 1 bits (of 17) from port A of cell $paramod$6a5d65dcfe15caf1872a9937ba0adb0b2cdb6fe5\hdm_decoder.$ge$hdm_decoder.sv:58$246 ($ge).
Removed top 1 bits (of 17) from port B of cell $paramod$6a5d65dcfe15caf1872a9937ba0adb0b2cdb6fe5\hdm_decoder.$ge$hdm_decoder.sv:58$246 ($ge).
Removed top 1 bits (of 17) from port A of cell $paramod$6a5d65dcfe15caf1872a9937ba0adb0b2cdb6fe5\hdm_decoder.$lt$hdm_decoder.sv:58$248 ($lt).
Removed top 27 bits (of 32) from wire $paramod$6a5d65dcfe15caf1872a9937ba0adb0b2cdb6fe5\hdm_decoder.$mul$hdm_decoder.sv:78$210_Y.
Removed top 31 bits (of 32) from wire $paramod$6a5d65dcfe15caf1872a9937ba0adb0b2cdb6fe5\hdm_decoder.$eqx$hdm_decoder.sv:100$232_Y.
Removed top 26 bits (of 32) from wire $paramod$6a5d65dcfe15caf1872a9937ba0adb0b2cdb6fe5\hdm_decoder.$mul$hdm_decoder.sv:77$208_Y.
Removed top 29 bits (of 32) from wire $paramod$6a5d65dcfe15caf1872a9937ba0adb0b2cdb6fe5\hdm_decoder.$add$hdm_decoder.sv:100$237_Y.
Removed top 30 bits (of 32) from wire $paramod$6a5d65dcfe15caf1872a9937ba0adb0b2cdb6fe5\hdm_decoder.$add$hdm_decoder.sv:100$233_Y.
Removed top 31 bits (of 32) from wire $paramod$6a5d65dcfe15caf1872a9937ba0adb0b2cdb6fe5\hdm_decoder.$eqx$hdm_decoder.sv:100$236_Y.
Removed top 30 bits (of 32) from wire $paramod$6a5d65dcfe15caf1872a9937ba0adb0b2cdb6fe5\hdm_decoder.$add$hdm_decoder.sv:96$223_Y.
Removed top 29 bits (of 32) from wire $paramod$6a5d65dcfe15caf1872a9937ba0adb0b2cdb6fe5\hdm_decoder.$add$hdm_decoder.sv:96$224_Y.
Removed top 1 bits (of 17) from wire $paramod$6a5d65dcfe15caf1872a9937ba0adb0b2cdb6fe5\hdm_decoder.g_match[1].lo.
Removed top 1 bits (of 17) from wire $paramod$6a5d65dcfe15caf1872a9937ba0adb0b2cdb6fe5\hdm_decoder.g_match[0].lo.
Removed top 1 bits (of 17) from port A of cell $paramod$1df129b991ec90965eb48f55730e146f8c97df7e\dpa_translator.$sub$dpa_translator.sv:43$163 ($sub).
Removed top 1 bits (of 17) from port B of cell $paramod$1df129b991ec90965eb48f55730e146f8c97df7e\dpa_translator.$sub$dpa_translator.sv:43$163 ($sub).
Removed top 6 bits (of 18) from port A of cell $paramod$1df129b991ec90965eb48f55730e146f8c97df7e\dpa_translator.$add$dpa_translator.sv:50$164 ($add).
Removed top 1 bits (of 18) from port B of cell $paramod$1df129b991ec90965eb48f55730e146f8c97df7e\dpa_translator.$add$dpa_translator.sv:50$164 ($add).
Removed top 12 bits (of 18) from port B of cell $paramod$1df129b991ec90965eb48f55730e146f8c97df7e\dpa_translator.$add$dpa_translator.sv:52$165 ($add).
Removed top 5 bits (of 18) from port B of cell $paramod$1df129b991ec90965eb48f55730e146f8c97df7e\dpa_translator.$ge$dpa_translator.sv:58$167 ($ge).

4.9. Executing OPT_CLEAN pass (remove unused cells and wires).
Finding unused cells or wires in module \formal_decode..
Finding unused cells or wires in module $paramod$6a5d65dcfe15caf1872a9937ba0adb0b2cdb6fe5\hdm_decoder..
Finding unused cells or wires in module $paramod$1df129b991ec90965eb48f55730e146f8c97df7e\dpa_translator..
Removed 0 unused cells and 16 unused wires.
<suppressed ~2 debug messages>

4.10. Executing MEMORY_COLLECT pass (generating $mem cells).

4.11. Executing OPT pass (performing simple optimizations).

4.11.1. Executing OPT_EXPR pass (perform const folding).
Optimizing module formal_decode.
Optimizing module $paramod$6a5d65dcfe15caf1872a9937ba0adb0b2cdb6fe5\hdm_decoder.
Optimizing module $paramod$1df129b991ec90965eb48f55730e146f8c97df7e\dpa_translator.

4.11.2. Executing OPT_MERGE pass (detect identical cells).
Finding identical cells in module `\formal_decode'.
Computing hashes of 45 cells of `\formal_decode'.
Finding duplicate cells in `\formal_decode'.
Finding identical cells in module `$paramod$6a5d65dcfe15caf1872a9937ba0adb0b2cdb6fe5\hdm_decoder'.
Computing hashes of 40 cells of `$paramod$6a5d65dcfe15caf1872a9937ba0adb0b2cdb6fe5\hdm_decoder'.
Finding duplicate cells in `$paramod$6a5d65dcfe15caf1872a9937ba0adb0b2cdb6fe5\hdm_decoder'.
Finding identical cells in module `$paramod$1df129b991ec90965eb48f55730e146f8c97df7e\dpa_translator'.
Computing hashes of 28 cells of `$paramod$1df129b991ec90965eb48f55730e146f8c97df7e\dpa_translator'.
Finding duplicate cells in `$paramod$1df129b991ec90965eb48f55730e146f8c97df7e\dpa_translator'.
Removed a total of 0 cells.

4.11.3. Executing OPT_CLEAN pass (remove unused cells and wires).
Finding unused cells or wires in module \formal_decode..
Finding unused cells or wires in module $paramod$6a5d65dcfe15caf1872a9937ba0adb0b2cdb6fe5\hdm_decoder..
Finding unused cells or wires in module $paramod$1df129b991ec90965eb48f55730e146f8c97df7e\dpa_translator..

4.11.4. Finished fast OPT passes.

4.12. Executing SORT pass.

4.13. Printing statistics.

=== $paramod$1df129b991ec90965eb48f55730e146f8c97df7e\dpa_translator ===

        +----------Local Count, excluding submodules.
        | 
       36 wires
      199 wire bits
       22 public wires
      185 public wire bits
       12 ports
       76 port bits
       28 cells
        2   $add
        3   $check
        1   $eq
        1   $ge
       11   $logic_and
        5   $logic_not
        3   $mux
        1   $reduce_or
        1   $sub

=== $paramod$6a5d65dcfe15caf1872a9937ba0adb0b2cdb6fe5\hdm_decoder ===

        +----------Local Count, excluding submodules.
        | 
       46 wires
      430 wire bits
       23 public wires
      262 public wire bits
       14 ports
      142 port bits
       40 cells
        8   $add
        3   $check
        4   $eq
        2   $eqx
        4   $ge
        5   $logic_and
        1   $logic_not
        1   $logic_or
        2   $lt
        2   $mul
        3   $mux
        1   $reduce_bool
        4   $shiftx

=== formal_decode ===

        +----------Local Count, excluding submodules.
        | 
       56 wires
      239 wire bits
       29 public wires
      193 public wire bits
       43 cells
        5   $add
       14   $check
        3   $eq
        7   $logic_and
        7   $logic_not
        6   $logic_or
        1   $sub
        2 submodules
        1   $paramod$1df129b991ec90965eb48f55730e146f8c97df7e\dpa_translator
        1   $paramod$6a5d65dcfe15caf1872a9937ba0adb0b2cdb6fe5\hdm_decoder

=== design hierarchy ===

        +----------Count including submodules.
        | 
      111 formal_decode
       28 $paramod$1df129b991ec90965eb48f55730e146f8c97df7e\dpa_translator
       40 $paramod$6a5d65dcfe15caf1872a9937ba0adb0b2cdb6fe5\hdm_decoder

        +----------Count including submodules.
        | 
      138 wires
      868 wire bits
       74 public wires
      640 public wire bits
       26 ports
      218 port bits
        - memories
        - memory bits
        - processes
      111 cells
       15   $add
       20   $check
        8   $eq
        2   $eqx
        5   $ge
       23   $logic_and
       13   $logic_not
        7   $logic_or
        2   $lt
        2   $mul
        6   $mux
        1   $reduce_bool
        1   $reduce_or
        4   $shiftx
        2   $sub
        2 submodules
        1   $paramod$1df129b991ec90965eb48f55730e146f8c97df7e\dpa_translator
        1   $paramod$6a5d65dcfe15caf1872a9937ba0adb0b2cdb6fe5\hdm_decoder

4.14. Executing CHECK pass (checking for obvious problems).
Checking module $paramod$1df129b991ec90965eb48f55730e146f8c97df7e\dpa_translator...
Checking module $paramod$6a5d65dcfe15caf1872a9937ba0adb0b2cdb6fe5\hdm_decoder...
Checking module formal_decode...
Warning: Wire formal_decode.\dev_capacity [12] is used but has no driver.
Warning: Wire formal_decode.\dev_capacity [11] is used but has no driver.
Warning: Wire formal_decode.\dev_capacity [10] is used but has no driver.
Warning: Wire formal_decode.\dev_capacity [9] is used but has no driver.
Warning: Wire formal_decode.\dev_capacity [8] is used but has no driver.
Warning: Wire formal_decode.\dev_capacity [7] is used but has no driver.
Warning: Wire formal_decode.\dev_capacity [6] is used but has no driver.
Warning: Wire formal_decode.\dev_capacity [5] is used but has no driver.
Warning: Wire formal_decode.\dev_capacity [4] is used but has no driver.
Warning: Wire formal_decode.\dev_capacity [3] is used but has no driver.
Warning: Wire formal_decode.\dev_capacity [2] is used but has no driver.
Warning: Wire formal_decode.\dev_capacity [1] is used but has no driver.
Warning: Wire formal_decode.\dev_capacity [0] is used but has no driver.
Warning: Wire formal_decode.\win_size [31] is used but has no driver.
Warning: Wire formal_decode.\win_size [30] is used but has no driver.
Warning: Wire formal_decode.\win_size [29] is used but has no driver.
Warning: Wire formal_decode.\win_size [28] is used but has no driver.
Warning: Wire formal_decode.\win_size [27] is used but has no driver.
Warning: Wire formal_decode.\win_size [26] is used but has no driver.
Warning: Wire formal_decode.\win_size [25] is used but has no driver.
Warning: Wire formal_decode.\win_size [24] is used but has no driver.
Warning: Wire formal_decode.\win_size [23] is used but has no driver.
Warning: Wire formal_decode.\win_size [22] is used but has no driver.
Warning: Wire formal_decode.\win_size [21] is used but has no driver.
Warning: Wire formal_decode.\win_size [20] is used but has no driver.
Warning: Wire formal_decode.\win_size [19] is used but has no driver.
Warning: Wire formal_decode.\win_size [18] is used but has no driver.
Warning: Wire formal_decode.\win_size [17] is used but has no driver.
Warning: Wire formal_decode.\win_size [16] is used but has no driver.
Warning: Wire formal_decode.\win_size [15] is used but has no driver.
Warning: Wire formal_decode.\win_size [14] is used but has no driver.
Warning: Wire formal_decode.\win_size [13] is used but has no driver.
Warning: Wire formal_decode.\win_size [12] is used but has no driver.
Warning: Wire formal_decode.\win_size [11] is used but has no driver.
Warning: Wire formal_decode.\win_size [10] is used but has no driver.
Warning: Wire formal_decode.\win_size [9] is used but has no driver.
Warning: Wire formal_decode.\win_size [8] is used but has no driver.
Warning: Wire formal_decode.\win_size [7] is used but has no driver.
Warning: Wire formal_decode.\win_size [6] is used but has no driver.
Warning: Wire formal_decode.\win_size [5] is used but has no driver.
Warning: Wire formal_decode.\win_size [4] is used but has no driver.
Warning: Wire formal_decode.\win_size [3] is used but has no driver.
Warning: Wire formal_decode.\win_size [2] is used but has no driver.
Warning: Wire formal_decode.\win_size [1] is used but has no driver.
Warning: Wire formal_decode.\win_size [0] is used but has no driver.
Warning: Wire formal_decode.\win_en [1] is used but has no driver.
Warning: Wire formal_decode.\win_en [0] is used but has no driver.
Warning: Wire formal_decode.\win_dpa_base [23] is used but has no driver.
Warning: Wire formal_decode.\win_dpa_base [22] is used but has no driver.
Warning: Wire formal_decode.\win_dpa_base [21] is used but has no driver.
Warning: Wire formal_decode.\win_dpa_base [20] is used but has no driver.
Warning: Wire formal_decode.\win_dpa_base [19] is used but has no driver.
Warning: Wire formal_decode.\win_dpa_base [18] is used but has no driver.
Warning: Wire formal_decode.\win_dpa_base [17] is used but has no driver.
Warning: Wire formal_decode.\win_dpa_base [16] is used but has no driver.
Warning: Wire formal_decode.\win_dpa_base [15] is used but has no driver.
Warning: Wire formal_decode.\win_dpa_base [14] is used but has no driver.
Warning: Wire formal_decode.\win_dpa_base [13] is used but has no driver.
Warning: Wire formal_decode.\win_dpa_base [12] is used but has no driver.
Warning: Wire formal_decode.\win_dpa_base [11] is used but has no driver.
Warning: Wire formal_decode.\win_dpa_base [10] is used but has no driver.
Warning: Wire formal_decode.\win_dpa_base [9] is used but has no driver.
Warning: Wire formal_decode.\win_dpa_base [8] is used but has no driver.
Warning: Wire formal_decode.\win_dpa_base [7] is used but has no driver.
Warning: Wire formal_decode.\win_dpa_base [6] is used but has no driver.
Warning: Wire formal_decode.\win_dpa_base [5] is used but has no driver.
Warning: Wire formal_decode.\win_dpa_base [4] is used but has no driver.
Warning: Wire formal_decode.\win_dpa_base [3] is used but has no driver.
Warning: Wire formal_decode.\win_dpa_base [2] is used but has no driver.
Warning: Wire formal_decode.\win_dpa_base [1] is used but has no driver.
Warning: Wire formal_decode.\win_dpa_base [0] is used but has no driver.
Warning: Wire formal_decode.\win_base [31] is used but has no driver.
Warning: Wire formal_decode.\win_base [30] is used but has no driver.
Warning: Wire formal_decode.\win_base [29] is used but has no driver.
Warning: Wire formal_decode.\win_base [28] is used but has no driver.
Warning: Wire formal_decode.\win_base [27] is used but has no driver.
Warning: Wire formal_decode.\win_base [26] is used but has no driver.
Warning: Wire formal_decode.\win_base [25] is used but has no driver.
Warning: Wire formal_decode.\win_base [24] is used but has no driver.
Warning: Wire formal_decode.\win_base [23] is used but has no driver.
Warning: Wire formal_decode.\win_base [22] is used but has no driver.
Warning: Wire formal_decode.\win_base [21] is used but has no driver.
Warning: Wire formal_decode.\win_base [20] is used but has no driver.
Warning: Wire formal_decode.\win_base [19] is used but has no driver.
Warning: Wire formal_decode.\win_base [18] is used but has no driver.
Warning: Wire formal_decode.\win_base [17] is used but has no driver.
Warning: Wire formal_decode.\win_base [16] is used but has no driver.
Warning: Wire formal_decode.\win_base [15] is used but has no driver.
Warning: Wire formal_decode.\win_base [14] is used but has no driver.
Warning: Wire formal_decode.\win_base [13] is used but has no driver.
Warning: Wire formal_decode.\win_base [12] is used but has no driver.
Warning: Wire formal_decode.\win_base [11] is used but has no driver.
Warning: Wire formal_decode.\win_base [10] is used but has no driver.
Warning: Wire formal_decode.\win_base [9] is used but has no driver.
Warning: Wire formal_decode.\win_base [8] is used but has no driver.
Warning: Wire formal_decode.\win_base [7] is used but has no driver.
Warning: Wire formal_decode.\win_base [6] is used but has no driver.
Warning: Wire formal_decode.\win_base [5] is used but has no driver.
Warning: Wire formal_decode.\win_base [4] is used but has no driver.
Warning: Wire formal_decode.\win_base [3] is used but has no driver.
Warning: Wire formal_decode.\win_base [2] is used but has no driver.
Warning: Wire formal_decode.\win_base [1] is used but has no driver.
Warning: Wire formal_decode.\win_base [0] is used but has no driver.
Warning: Wire formal_decode.\hpa [15] is used but has no driver.
Warning: Wire formal_decode.\hpa [14] is used but has no driver.
Warning: Wire formal_decode.\hpa [13] is used but has no driver.
Warning: Wire formal_decode.\hpa [12] is used but has no driver.
Warning: Wire formal_decode.\hpa [11] is used but has no driver.
Warning: Wire formal_decode.\hpa [10] is used but has no driver.
Warning: Wire formal_decode.\hpa [9] is used but has no driver.
Warning: Wire formal_decode.\hpa [8] is used but has no driver.
Warning: Wire formal_decode.\hpa [7] is used but has no driver.
Warning: Wire formal_decode.\hpa [6] is used but has no driver.
Warning: Wire formal_decode.\hpa [5] is used but has no driver.
Warning: Wire formal_decode.\hpa [4] is used but has no driver.
Warning: Wire formal_decode.\hpa [3] is used but has no driver.
Warning: Wire formal_decode.\hpa [2] is used but has no driver.
Warning: Wire formal_decode.\hpa [1] is used but has no driver.
Warning: Wire formal_decode.\hpa [0] is used but has no driver.
Found and reported 119 problems.

5. Executing HIERARCHY pass (managing design hierarchy).
Attribute `top' found on module `formal_decode'. Setting top module to formal_decode.

5.1. Analyzing design hierarchy..
Top module:  \formal_decode
Used module:     $paramod$6a5d65dcfe15caf1872a9937ba0adb0b2cdb6fe5\hdm_decoder
Used module:     $paramod$1df129b991ec90965eb48f55730e146f8c97df7e\dpa_translator

5.2. Analyzing design hierarchy..
Top module:  \formal_decode
Used module:     $paramod$6a5d65dcfe15caf1872a9937ba0adb0b2cdb6fe5\hdm_decoder
Used module:     $paramod$1df129b991ec90965eb48f55730e146f8c97df7e\dpa_translator
Removed 0 unused modules.
Module $paramod$1df129b991ec90965eb48f55730e146f8c97df7e\dpa_translator directly or indirectly contains formal properties -> setting "keep" attribute.
Module $paramod$6a5d65dcfe15caf1872a9937ba0adb0b2cdb6fe5\hdm_decoder directly or indirectly contains formal properties -> setting "keep" attribute.
Module formal_decode directly or indirectly contains formal properties -> setting "keep" attribute.

6. Executing jny backend.

7. Executing RTLIL backend.
Output filename: ../model/design.il

Warnings: 119 unique messages, 238 total
End of script. Logfile hash: 470d86ae4a, time: 0.02s, user: 0.02s, system: 0.00s, MEM: 20.18 MB peak
Yosys 0.67+40 (git sha1 45ea2b8d6-dirty, Release, Clang /usr/bin/clang++ 18.1.8)
Time spent: 19% 5x opt_clean (0 sec), 18% 4x read_verilog (0 sec), ...
