
 /----------------------------------------------------------------------------\
 |  yosys -- Yosys Open SYnthesis Suite                                       |
 |  Copyright (C) 2012 - 2026  Claire Xenia Wolf <claire@yosyshq.com>         |
 |  Distributed under an ISC-like license, type "license" to see terms        |
 \----------------------------------------------------------------------------/
 Yosys 0.67+40 (git sha1 45ea2b8d6-dirty, Release, Clang /usr/bin/clang++ 18.1.8)

-- Executing script file `design_prep.ys' --

1. Executing RTLIL frontend.
Input filename: design.il

2. Executing SCC pass (detecting logic loops).
Found 0 SCCs in module $paramod$1df129b991ec90965eb48f55730e146f8c97df7e\dpa_translator.
Found 0 SCCs in module $paramod$6a5d65dcfe15caf1872a9937ba0adb0b2cdb6fe5\hdm_decoder.
Found 0 SCCs in module formal_decode.
Found 0 SCCs.

3. Executing SIMPLEMAP pass (map simple cells to gate primitives).

4. Executing MEMORY_NORDFF pass (extracting $dff cells from memories).

5. Executing ASYNC2SYNC pass.

6. Executing OPT_CLEAN pass (remove unused cells and wires).
Finding unused cells or wires in module $paramod$1df129b991ec90965eb48f55730e146f8c97df7e\dpa_translator..
Finding unused cells or wires in module $paramod$6a5d65dcfe15caf1872a9937ba0adb0b2cdb6fe5\hdm_decoder..
Finding unused cells or wires in module \formal_decode..
Removed 33 unused cells and 33 unused wires.
<suppressed ~36 debug messages>

7. Executing FORMALFF pass.

8. Executing OPT_CLEAN pass (remove unused cells and wires).
Finding unused cells or wires in module $paramod$1df129b991ec90965eb48f55730e146f8c97df7e\dpa_translator..
Finding unused cells or wires in module $paramod$6a5d65dcfe15caf1872a9937ba0adb0b2cdb6fe5\hdm_decoder..
Finding unused cells or wires in module \formal_decode..
Removed 38 unused cells and 38 unused wires.
<suppressed ~43 debug messages>

9. Executing CHECK pass (checking for obvious problems).
Checking module $paramod$1df129b991ec90965eb48f55730e146f8c97df7e\dpa_translator...
Checking module $paramod$6a5d65dcfe15caf1872a9937ba0adb0b2cdb6fe5\hdm_decoder...
Checking module formal_decode...
Warning: Wire formal_decode.\dev_capacity [12] is used but has no driver.
Warning: Wire formal_decode.\dev_capacity [11] is used but has no driver.
Warning: Wire formal_decode.\dev_capacity [10] is used but has no driver.
Warning: Wire formal_decode.\dev_capacity [9] is used but has no driver.
Warning: Wire formal_decode.\dev_capacity [8] is used but has no driver.
Warning: Wire formal_decode.\dev_capacity [7] is used but has no driver.
Warning: Wire formal_decode.\dev_capacity [6] is used but has no driver.
Warning: Wire formal_decode.\dev_capacity [5] is used but has no driver.
Warning: Wire formal_decode.\dev_capacity [4] is used but has no driver.
Warning: Wire formal_decode.\dev_capacity [3] is used but has no driver.
Warning: Wire formal_decode.\dev_capacity [2] is used but has no driver.
Warning: Wire formal_decode.\dev_capacity [1] is used but has no driver.
Warning: Wire formal_decode.\dev_capacity [0] is used but has no driver.
Warning: Wire formal_decode.\win_size [31] is used but has no driver.
Warning: Wire formal_decode.\win_size [30] is used but has no driver.
Warning: Wire formal_decode.\win_size [29] is used but has no driver.
Warning: Wire formal_decode.\win_size [28] is used but has no driver.
Warning: Wire formal_decode.\win_size [27] is used but has no driver.
Warning: Wire formal_decode.\win_size [26] is used but has no driver.
Warning: Wire formal_decode.\win_size [25] is used but has no driver.
Warning: Wire formal_decode.\win_size [24] is used but has no driver.
Warning: Wire formal_decode.\win_size [23] is used but has no driver.
Warning: Wire formal_decode.\win_size [22] is used but has no driver.
Warning: Wire formal_decode.\win_size [21] is used but has no driver.
Warning: Wire formal_decode.\win_size [20] is used but has no driver.
Warning: Wire formal_decode.\win_size [19] is used but has no driver.
Warning: Wire formal_decode.\win_size [18] is used but has no driver.
Warning: Wire formal_decode.\win_size [17] is used but has no driver.
Warning: Wire formal_decode.\win_size [16] is used but has no driver.
Warning: Wire formal_decode.\win_size [15] is used but has no driver.
Warning: Wire formal_decode.\win_size [14] is used but has no driver.
Warning: Wire formal_decode.\win_size [13] is used but has no driver.
Warning: Wire formal_decode.\win_size [12] is used but has no driver.
Warning: Wire formal_decode.\win_size [11] is used but has no driver.
Warning: Wire formal_decode.\win_size [10] is used but has no driver.
Warning: Wire formal_decode.\win_size [9] is used but has no driver.
Warning: Wire formal_decode.\win_size [8] is used but has no driver.
Warning: Wire formal_decode.\win_size [7] is used but has no driver.
Warning: Wire formal_decode.\win_size [6] is used but has no driver.
Warning: Wire formal_decode.\win_size [5] is used but has no driver.
Warning: Wire formal_decode.\win_size [4] is used but has no driver.
Warning: Wire formal_decode.\win_size [3] is used but has no driver.
Warning: Wire formal_decode.\win_size [2] is used but has no driver.
Warning: Wire formal_decode.\win_size [1] is used but has no driver.
Warning: Wire formal_decode.\win_size [0] is used but has no driver.
Warning: Wire formal_decode.\win_en [1] is used but has no driver.
Warning: Wire formal_decode.\win_en [0] is used but has no driver.
Warning: Wire formal_decode.\win_dpa_base [23] is used but has no driver.
Warning: Wire formal_decode.\win_dpa_base [22] is used but has no driver.
Warning: Wire formal_decode.\win_dpa_base [21] is used but has no driver.
Warning: Wire formal_decode.\win_dpa_base [20] is used but has no driver.
Warning: Wire formal_decode.\win_dpa_base [19] is used but has no driver.
Warning: Wire formal_decode.\win_dpa_base [18] is used but has no driver.
Warning: Wire formal_decode.\win_dpa_base [17] is used but has no driver.
Warning: Wire formal_decode.\win_dpa_base [16] is used but has no driver.
Warning: Wire formal_decode.\win_dpa_base [15] is used but has no driver.
Warning: Wire formal_decode.\win_dpa_base [14] is used but has no driver.
Warning: Wire formal_decode.\win_dpa_base [13] is used but has no driver.
Warning: Wire formal_decode.\win_dpa_base [12] is used but has no driver.
Warning: Wire formal_decode.\win_dpa_base [11] is used but has no driver.
Warning: Wire formal_decode.\win_dpa_base [10] is used but has no driver.
Warning: Wire formal_decode.\win_dpa_base [9] is used but has no driver.
Warning: Wire formal_decode.\win_dpa_base [8] is used but has no driver.
Warning: Wire formal_decode.\win_dpa_base [7] is used but has no driver.
Warning: Wire formal_decode.\win_dpa_base [6] is used but has no driver.
Warning: Wire formal_decode.\win_dpa_base [5] is used but has no driver.
Warning: Wire formal_decode.\win_dpa_base [4] is used but has no driver.
Warning: Wire formal_decode.\win_dpa_base [3] is used but has no driver.
Warning: Wire formal_decode.\win_dpa_base [2] is used but has no driver.
Warning: Wire formal_decode.\win_dpa_base [1] is used but has no driver.
Warning: Wire formal_decode.\win_dpa_base [0] is used but has no driver.
Warning: Wire formal_decode.\win_base [31] is used but has no driver.
Warning: Wire formal_decode.\win_base [30] is used but has no driver.
Warning: Wire formal_decode.\win_base [29] is used but has no driver.
Warning: Wire formal_decode.\win_base [28] is used but has no driver.
Warning: Wire formal_decode.\win_base [27] is used but has no driver.
Warning: Wire formal_decode.\win_base [26] is used but has no driver.
Warning: Wire formal_decode.\win_base [25] is used but has no driver.
Warning: Wire formal_decode.\win_base [24] is used but has no driver.
Warning: Wire formal_decode.\win_base [23] is used but has no driver.
Warning: Wire formal_decode.\win_base [22] is used but has no driver.
Warning: Wire formal_decode.\win_base [21] is used but has no driver.
Warning: Wire formal_decode.\win_base [20] is used but has no driver.
Warning: Wire formal_decode.\win_base [19] is used but has no driver.
Warning: Wire formal_decode.\win_base [18] is used but has no driver.
Warning: Wire formal_decode.\win_base [17] is used but has no driver.
Warning: Wire formal_decode.\win_base [16] is used but has no driver.
Warning: Wire formal_decode.\win_base [15] is used but has no driver.
Warning: Wire formal_decode.\win_base [14] is used but has no driver.
Warning: Wire formal_decode.\win_base [13] is used but has no driver.
Warning: Wire formal_decode.\win_base [12] is used but has no driver.
Warning: Wire formal_decode.\win_base [11] is used but has no driver.
Warning: Wire formal_decode.\win_base [10] is used but has no driver.
Warning: Wire formal_decode.\win_base [9] is used but has no driver.
Warning: Wire formal_decode.\win_base [8] is used but has no driver.
Warning: Wire formal_decode.\win_base [7] is used but has no driver.
Warning: Wire formal_decode.\win_base [6] is used but has no driver.
Warning: Wire formal_decode.\win_base [5] is used but has no driver.
Warning: Wire formal_decode.\win_base [4] is used but has no driver.
Warning: Wire formal_decode.\win_base [3] is used but has no driver.
Warning: Wire formal_decode.\win_base [2] is used but has no driver.
Warning: Wire formal_decode.\win_base [1] is used but has no driver.
Warning: Wire formal_decode.\win_base [0] is used but has no driver.
Warning: Wire formal_decode.\hpa [15] is used but has no driver.
Warning: Wire formal_decode.\hpa [14] is used but has no driver.
Warning: Wire formal_decode.\hpa [13] is used but has no driver.
Warning: Wire formal_decode.\hpa [12] is used but has no driver.
Warning: Wire formal_decode.\hpa [11] is used but has no driver.
Warning: Wire formal_decode.\hpa [10] is used but has no driver.
Warning: Wire formal_decode.\hpa [9] is used but has no driver.
Warning: Wire formal_decode.\hpa [8] is used but has no driver.
Warning: Wire formal_decode.\hpa [7] is used but has no driver.
Warning: Wire formal_decode.\hpa [6] is used but has no driver.
Warning: Wire formal_decode.\hpa [5] is used but has no driver.
Warning: Wire formal_decode.\hpa [4] is used but has no driver.
Warning: Wire formal_decode.\hpa [3] is used but has no driver.
Warning: Wire formal_decode.\hpa [2] is used but has no driver.
Warning: Wire formal_decode.\hpa [1] is used but has no driver.
Warning: Wire formal_decode.\hpa [0] is used but has no driver.
Found and reported 119 problems.

10. Executing SETUNDEF pass (replace undef values with defined constants).

11. Executing OPT pass (performing simple optimizations).

11.1. Executing OPT_EXPR pass (perform const folding).
Optimizing module $paramod$1df129b991ec90965eb48f55730e146f8c97df7e\dpa_translator.
Optimizing module $paramod$6a5d65dcfe15caf1872a9937ba0adb0b2cdb6fe5\hdm_decoder.
<suppressed ~4 debug messages>
Optimizing module formal_decode.

11.2. Executing OPT_MERGE pass (detect identical cells).
Finding identical cells in module `$paramod$1df129b991ec90965eb48f55730e146f8c97df7e\dpa_translator'.
Computing hashes of 19 cells of `$paramod$1df129b991ec90965eb48f55730e146f8c97df7e\dpa_translator'.
Finding duplicate cells in `$paramod$1df129b991ec90965eb48f55730e146f8c97df7e\dpa_translator'.
Finding identical cells in module `$paramod$6a5d65dcfe15caf1872a9937ba0adb0b2cdb6fe5\hdm_decoder'.
Computing hashes of 28 cells of `$paramod$6a5d65dcfe15caf1872a9937ba0adb0b2cdb6fe5\hdm_decoder'.
Finding duplicate cells in `$paramod$6a5d65dcfe15caf1872a9937ba0adb0b2cdb6fe5\hdm_decoder'.
Finding identical cells in module `\formal_decode'.
Computing hashes of 71 cells of `\formal_decode'.
Finding duplicate cells in `\formal_decode'.
Removed a total of 0 cells.

11.3. Executing OPT_DFF pass (perform DFF optimizations).

11.4. Executing OPT_CLEAN pass (remove unused cells and wires).
Finding unused cells or wires in module $paramod$1df129b991ec90965eb48f55730e146f8c97df7e\dpa_translator..
Finding unused cells or wires in module $paramod$6a5d65dcfe15caf1872a9937ba0adb0b2cdb6fe5\hdm_decoder..
Finding unused cells or wires in module \formal_decode..
Removed 0 unused cells and 59 unused wires.
<suppressed ~3 debug messages>

11.5. Finished fast OPT passes.

12. Executing OPT_CLEAN pass (remove unused cells and wires).
Finding unused cells or wires in module $paramod$1df129b991ec90965eb48f55730e146f8c97df7e\dpa_translator..
Finding unused cells or wires in module $paramod$6a5d65dcfe15caf1872a9937ba0adb0b2cdb6fe5\hdm_decoder..
Finding unused cells or wires in module \formal_decode..

13. Executing RTLIL backend.
Output filename: ../model/design_prep.il

Warnings: 119 unique messages, 119 total
End of script. Logfile hash: 92f398d10d, time: 0.01s, user: 0.01s, system: 0.01s, MEM: 17.91 MB peak
Yosys 0.67+40 (git sha1 45ea2b8d6-dirty, Release, Clang /usr/bin/clang++ 18.1.8)
Time spent: 36% 4x opt_clean (0 sec), 16% 1x check (0 sec), ...
