
 /----------------------------------------------------------------------------\
 |  yosys -- Yosys Open SYnthesis Suite                                       |
 |  Copyright (C) 2012 - 2026  Claire Xenia Wolf <claire@yosyshq.com>         |
 |  Distributed under an ISC-like license, type "license" to see terms        |
 \----------------------------------------------------------------------------/
 Yosys 0.67+40 (git sha1 45ea2b8d6-dirty, Release, Clang /usr/bin/clang++ 18.1.8)

-- Executing script file `design_smt2.ys' --

1. Executing RTLIL frontend.
Input filename: design_prep.il

2. Executing HIERARCHY pass (managing design hierarchy).
Attribute `top' found on module `formal_decode'. Setting top module to formal_decode.

2.1. Analyzing design hierarchy..
Top module:  \formal_decode
Used module:     $paramod$6a5d65dcfe15caf1872a9937ba0adb0b2cdb6fe5\hdm_decoder
Used module:     $paramod$1df129b991ec90965eb48f55730e146f8c97df7e\dpa_translator

2.2. Analyzing design hierarchy..
Top module:  \formal_decode
Used module:     $paramod$6a5d65dcfe15caf1872a9937ba0adb0b2cdb6fe5\hdm_decoder
Used module:     $paramod$1df129b991ec90965eb48f55730e146f8c97df7e\dpa_translator
Removed 0 unused modules.
Module formal_decode directly or indirectly contains formal properties -> setting "keep" attribute.

3. Executing FORMALFF pass.

4. Executing DFFUNMAP pass (unmap clock enable and synchronous reset from FFs).

5. Printing statistics.

=== $paramod$1df129b991ec90965eb48f55730e146f8c97df7e\dpa_translator ===

        +----------Local Count, excluding submodules.
        | 
       30 wires
      193 wire bits
       22 public wires
      185 public wire bits
       12 ports
       76 port bits
       19 cells
        2   $add
        1   $ge
        8   $logic_and
        5   $logic_not
        1   $mux
        1   $reduce_or
        1   $sub

=== $paramod$6a5d65dcfe15caf1872a9937ba0adb0b2cdb6fe5\hdm_decoder ===

        +----------Local Count, excluding submodules.
        | 
       36 wires
      355 wire bits
       23 public wires
      262 public wire bits
       14 ports
      142 port bits
       27 cells
        5   $add
        1   $eq
        2   $eqx
        4   $ge
        5   $logic_and
        1   $logic_not
        2   $lt
        1   $mul
        2   $mux
        1   $reduce_bool
        3   $shiftx

=== formal_decode ===

        +----------Local Count, excluding submodules.
        | 
       32 wires
      183 wire bits
       27 public wires
      178 public wire bits
       69 cells
       57   $anyseq
        7   $cover
        5   $logic_and
        2 submodules
        1   $paramod$1df129b991ec90965eb48f55730e146f8c97df7e\dpa_translator
        1   $paramod$6a5d65dcfe15caf1872a9937ba0adb0b2cdb6fe5\hdm_decoder

=== design hierarchy ===

        +----------Count including submodules.
        | 
      115 formal_decode
       19 $paramod$1df129b991ec90965eb48f55730e146f8c97df7e\dpa_translator
       27 $paramod$6a5d65dcfe15caf1872a9937ba0adb0b2cdb6fe5\hdm_decoder

        +----------Count including submodules.
        | 
       98 wires
      731 wire bits
       72 public wires
      625 public wire bits
       26 ports
      218 port bits
        - memories
        - memory bits
        - processes
      115 cells
        7   $add
       57   $anyseq
        7   $cover
        1   $eq
        2   $eqx
        5   $ge
       18   $logic_and
        6   $logic_not
        2   $lt
        1   $mul
        3   $mux
        1   $reduce_bool
        1   $reduce_or
        3   $shiftx
        1   $sub
        2 submodules
        1   $paramod$1df129b991ec90965eb48f55730e146f8c97df7e\dpa_translator
        1   $paramod$6a5d65dcfe15caf1872a9937ba0adb0b2cdb6fe5\hdm_decoder

6. Executing SMT2 backend.

6.1. Executing BMUXMAP pass.

6.2. Executing DEMUXMAP pass.
Creating SMT-LIBv2 representation of module $paramod$6a5d65dcfe15caf1872a9937ba0adb0b2cdb6fe5\hdm_decoder.
Creating SMT-LIBv2 representation of module $paramod$1df129b991ec90965eb48f55730e146f8c97df7e\dpa_translator.
Creating SMT-LIBv2 representation of module formal_decode.

End of script. Logfile hash: af10b5a1a5, time: 0.00s, user: 0.00s, system: 0.00s, MEM: 17.57 MB peak
Yosys 0.67+40 (git sha1 45ea2b8d6-dirty, Release, Clang /usr/bin/clang++ 18.1.8)
Time spent: 64% 2x write_smt2 (0 sec), 18% 2x read_rtlil (0 sec), ...
